Archive member included to satisfy reference by file (symbol)

c:/program files (x86)/atmel/studio/7.0/toolchain/avr8/avr8-gnu-toolchain/bin/../lib/gcc/avr/5.4.0/../../../../avr/lib/avr5\libm.a(addsf3.o)
                              src/error.o (__subsf3)
c:/program files (x86)/atmel/studio/7.0/toolchain/avr8/avr8-gnu-toolchain/bin/../lib/gcc/avr/5.4.0/../../../../avr/lib/avr5\libm.a(addsf3x.o)
                              c:/program files (x86)/atmel/studio/7.0/toolchain/avr8/avr8-gnu-toolchain/bin/../lib/gcc/avr/5.4.0/../../../../avr/lib/avr5\libm.a(addsf3.o) (__addsf3x)
c:/program files (x86)/atmel/studio/7.0/toolchain/avr8/avr8-gnu-toolchain/bin/../lib/gcc/avr/5.4.0/../../../../avr/lib/avr5\libm.a(cmpsf2.o)
                              src/accumulator.o (__ltsf2)
c:/program files (x86)/atmel/studio/7.0/toolchain/avr8/avr8-gnu-toolchain/bin/../lib/gcc/avr/5.4.0/../../../../avr/lib/avr5\libm.a(divsf3.o)
                              src/dcmotorpwm.o (__divsf3)
c:/program files (x86)/atmel/studio/7.0/toolchain/avr8/avr8-gnu-toolchain/bin/../lib/gcc/avr/5.4.0/../../../../avr/lib/avr5\libm.a(divsf3x.o)
                              c:/program files (x86)/atmel/studio/7.0/toolchain/avr8/avr8-gnu-toolchain/bin/../lib/gcc/avr/5.4.0/../../../../avr/lib/avr5\libm.a(divsf3.o) (__divsf3x)
c:/program files (x86)/atmel/studio/7.0/toolchain/avr8/avr8-gnu-toolchain/bin/../lib/gcc/avr/5.4.0/../../../../avr/lib/avr5\libm.a(fixsfsi.o)
                              src/display_d.o (__fixsfsi)
c:/program files (x86)/atmel/studio/7.0/toolchain/avr8/avr8-gnu-toolchain/bin/../lib/gcc/avr/5.4.0/../../../../avr/lib/avr5\libm.a(fixunssfsi.o)
                              src/dcmotorpwm.o (__fixunssfsi)
c:/program files (x86)/atmel/studio/7.0/toolchain/avr8/avr8-gnu-toolchain/bin/../lib/gcc/avr/5.4.0/../../../../avr/lib/avr5\libm.a(floatsisf.o)
                              src/accumulator.o (__floatunsisf)
c:/program files (x86)/atmel/studio/7.0/toolchain/avr8/avr8-gnu-toolchain/bin/../lib/gcc/avr/5.4.0/../../../../avr/lib/avr5\libm.a(fp_cmp.o)
                              c:/program files (x86)/atmel/studio/7.0/toolchain/avr8/avr8-gnu-toolchain/bin/../lib/gcc/avr/5.4.0/../../../../avr/lib/avr5\libm.a(cmpsf2.o) (__fp_cmp)
c:/program files (x86)/atmel/studio/7.0/toolchain/avr8/avr8-gnu-toolchain/bin/../lib/gcc/avr/5.4.0/../../../../avr/lib/avr5\libm.a(fp_inf.o)
                              c:/program files (x86)/atmel/studio/7.0/toolchain/avr8/avr8-gnu-toolchain/bin/../lib/gcc/avr/5.4.0/../../../../avr/lib/avr5\libm.a(addsf3x.o) (__fp_inf)
c:/program files (x86)/atmel/studio/7.0/toolchain/avr8/avr8-gnu-toolchain/bin/../lib/gcc/avr/5.4.0/../../../../avr/lib/avr5\libm.a(fp_nan.o)
                              c:/program files (x86)/atmel/studio/7.0/toolchain/avr8/avr8-gnu-toolchain/bin/../lib/gcc/avr/5.4.0/../../../../avr/lib/avr5\libm.a(addsf3x.o) (__fp_nan)
c:/program files (x86)/atmel/studio/7.0/toolchain/avr8/avr8-gnu-toolchain/bin/../lib/gcc/avr/5.4.0/../../../../avr/lib/avr5\libm.a(fp_pscA.o)
                              c:/program files (x86)/atmel/studio/7.0/toolchain/avr8/avr8-gnu-toolchain/bin/../lib/gcc/avr/5.4.0/../../../../avr/lib/avr5\libm.a(addsf3x.o) (__fp_pscA)
c:/program files (x86)/atmel/studio/7.0/toolchain/avr8/avr8-gnu-toolchain/bin/../lib/gcc/avr/5.4.0/../../../../avr/lib/avr5\libm.a(fp_pscB.o)
                              c:/program files (x86)/atmel/studio/7.0/toolchain/avr8/avr8-gnu-toolchain/bin/../lib/gcc/avr/5.4.0/../../../../avr/lib/avr5\libm.a(addsf3x.o) (__fp_pscB)
c:/program files (x86)/atmel/studio/7.0/toolchain/avr8/avr8-gnu-toolchain/bin/../lib/gcc/avr/5.4.0/../../../../avr/lib/avr5\libm.a(fp_round.o)
                              c:/program files (x86)/atmel/studio/7.0/toolchain/avr8/avr8-gnu-toolchain/bin/../lib/gcc/avr/5.4.0/../../../../avr/lib/avr5\libm.a(addsf3.o) (__fp_round)
c:/program files (x86)/atmel/studio/7.0/toolchain/avr8/avr8-gnu-toolchain/bin/../lib/gcc/avr/5.4.0/../../../../avr/lib/avr5\libm.a(fp_split3.o)
                              c:/program files (x86)/atmel/studio/7.0/toolchain/avr8/avr8-gnu-toolchain/bin/../lib/gcc/avr/5.4.0/../../../../avr/lib/avr5\libm.a(addsf3x.o) (__fp_split3)
c:/program files (x86)/atmel/studio/7.0/toolchain/avr8/avr8-gnu-toolchain/bin/../lib/gcc/avr/5.4.0/../../../../avr/lib/avr5\libm.a(fp_zero.o)
                              c:/program files (x86)/atmel/studio/7.0/toolchain/avr8/avr8-gnu-toolchain/bin/../lib/gcc/avr/5.4.0/../../../../avr/lib/avr5\libm.a(addsf3x.o) (__fp_zero)
c:/program files (x86)/atmel/studio/7.0/toolchain/avr8/avr8-gnu-toolchain/bin/../lib/gcc/avr/5.4.0/../../../../avr/lib/avr5\libm.a(gesf2.o)
                              src/accumulator.o (__gtsf2)
c:/program files (x86)/atmel/studio/7.0/toolchain/avr8/avr8-gnu-toolchain/bin/../lib/gcc/avr/5.4.0/../../../../avr/lib/avr5\libm.a(mulsf3.o)
                              src/accumulator.o (__mulsf3)
[...]
Memory Configuration

Name             Origin             Length             Attributes
text             0x00000000         0x00020000         xr
data             0x00800060         0x0000ffa0         rw !x
eeprom           0x00810000         0x00010000         rw !x
fuse             0x00820000         0x00000002         rw !x
lock             0x00830000         0x00000400         rw !x
signature        0x00840000         0x00000400         rw !x
user_signatures  0x00850000         0x00000400         rw !x
*default*        0x00000000         0xffffffff

Linker script and memory map

LOAD C:/Program Files (x86)/Atmel/Studio/7.0/Packs/atmel/ATmega_DFP/1.2.209/gcc/dev/atmega32/avr5/crtatmega32.o
LOAD main.o
LOAD src/accumulator.o
LOAD src/adc.o
LOAD src/but.o
LOAD src/buz.o
LOAD src/dark_menu.o
LOAD src/dcmotorpwm.o
LOAD src/disp.o
LOAD src/display_d.o
LOAD src/eeprom.o
LOAD src/error.o
LOAD src/error_siewnik.o
LOAD src/error_solarka.o
LOAD src/measure.o
LOAD src/mem.o
LOAD src/servo.o
LOAD src/system.o
LOAD src/tim.o
LOAD src/usart.o
LOAD src/vibro.o
START GROUP
LOAD c:/program files (x86)/atmel/studio/7.0/toolchain/avr8/avr8-gnu-toolchain/bin/../lib/gcc/avr/5.4.0/../../../../avr/lib/avr5\libm.a
END GROUP
LOAD c:/program files (x86)/atmel/studio/7.0/toolchain/avr8/avr8-gnu-toolchain/bin/../lib/gcc/avr/5.4.0/../../../../avr/lib/avr5\libprintf_flt.a
START GROUP
LOAD c:/program files (x86)/atmel/studio/7.0/toolchain/avr8/avr8-gnu-toolchain/bin/../lib/gcc/avr/5.4.0/avr5\libgcc.a
LOAD c:/program files (x86)/atmel/studio/7.0/toolchain/avr8/avr8-gnu-toolchain/bin/../lib/gcc/avr/5.4.0/../../../../avr/lib/avr5\libm.a
LOAD c:/program files (x86)/atmel/studio/7.0/toolchain/avr8/avr8-gnu-toolchain/bin/../lib/gcc/avr/5.4.0/../../../../avr/lib/avr5\libc.a
LOAD C:/Program Files (x86)/Atmel/Studio/7.0/Packs/atmel/ATmega_DFP/1.2.209/gcc/dev/atmega32/avr5\libatmega32.a
END GROUP
                0x00020000                __TEXT_REGION_LENGTH__ = DEFINED (__TEXT_REGION_LENGTH__)?__TEXT_REGION_LENGTH__:0x20000
                0x0000ffa0                __DATA_REGION_LENGTH__ = DEFINED (__DATA_REGION_LENGTH__)?__DATA_REGION_LENGTH__:0xffa0
                0x00010000                __EEPROM_REGION_LENGTH__ = DEFINED (__EEPROM_REGION_LENGTH__)?__EEPROM_REGION_LENGTH__:0x10000
                [0x00000002]                __FUSE_REGION_LENGTH__ = DEFINED (__FUSE_REGION_LENGTH__)?__FUSE_REGION_LENGTH__:0x400
                0x00000400                __LOCK_REGION_LENGTH__ = DEFINED (__LOCK_REGION_LENGTH__)?__LOCK_REGION_LENGTH__:0x400
                0x00000400                __SIGNATURE_REGION_LENGTH__ = DEFINED (__SIGNATURE_REGION_LENGTH__)?__SIGNATURE_REGION_LENGTH__:0x400
                0x00000400                __USER_SIGNATURE_REGION_LENGTH__ = DEFINED (__USER_SIGNATURE_REGION_LENGTH__)?__USER_SIGNATURE_REGION_LENGTH__:0x400

.hash
 *(.hash)

.dynsym
 *(.dynsym)

.dynstr
 *(.dynstr)

.gnu.version
 *(.gnu.version)

.gnu.version_d
 *(.gnu.version_d)

.gnu.version_r
 *(.gnu.version_r)

.rel.init
 *(.rel.init)

.rela.init
 *(.rela.init)

.rel.text
 *(.rel.text)
 *(.rel.text.*)
 *(.rel.gnu.linkonce.t*)

.rela.text
 *(.rela.text)
 *(.rela.text.*)
 *(.rela.gnu.linkonce.t*)

.rel.fini
 *(.rel.fini)

.rela.fini
 *(.rela.fini)

.rel.rodata
 *(.rel.rodata)
 *(.rel.rodata.*)
 *(.rel.gnu.linkonce.r*)

.rela.rodata
 *(.rela.rodata)
 *(.rela.rodata.*)
 *(.rela.gnu.linkonce.r*)

.rel.data
 *(.rel.data)
 *(.rel.data.*)
 *(.rel.gnu.linkonce.d*)

.rela.data
 *(.rela.data)
 *(.rela.data.*)
 *(.rela.gnu.linkonce.d*)

.rel.ctors
 *(.rel.ctors)

.rela.ctors
 *(.rela.ctors)

.rel.dtors
 *(.rel.dtors)

.rela.dtors
 *(.rela.dtors)

.rel.got
 *(.rel.got)

.rela.got
 *(.rela.got)

.rel.bss
 *(.rel.bss)

.rela.bss
 *(.rela.bss)

.rel.plt
 *(.rel.plt)

.rela.plt
 *(.rela.plt)

.text           0x00000000     0x45d2
 *(.vectors)
 .vectors       0x00000000       0x54 C:/Program Files (x86)/Atmel/Studio/7.0/Packs/atmel/ATmega_DFP/1.2.209/gcc/dev/atmega32/avr5/crtatmega32.o
                0x00000000                __vector_default
                0x00000000                __vectors
 *(.vectors)
 *(.progmem.gcc*)
 .progmem.gcc_sw_table.display_set_value
                0x00000054      0x1fe src/disp.o
 .progmem.gcc_fplib
                0x00000252       0x28 c:/program files (x86)/atmel/studio/7.0/toolchain/avr8/avr8-gnu-toolchain/bin/../lib/gcc/avr/5.4.0/../../../../avr/lib/avr5\libm.a(exp.o)
 .progmem.gcc_fplib
                0x0000027a       0x5a c:/program files (x86)/atmel/studio/7.0/toolchain/avr8/avr8-gnu-toolchain/bin/../lib/gcc/avr/5.4.0/../../../../avr/lib/avr5\libm.a(log.o)
                0x000002d4                . = ALIGN (0x2)
                0x000002d4                __trampolines_start = .
 *(.trampolines)
 .trampolines   0x000002d4        0x0 linker stubs
 *(.trampolines*)
                0x000002d4                __trampolines_end = .
 *libprintf_flt.a:*(.progmem.data)
 .progmem.data  0x000002d4        0x8 c:/program files (x86)/atmel/studio/7.0/toolchain/avr8/avr8-gnu-toolchain/bin/../lib/gcc/avr/5.4.0/../../../../avr/lib/avr5\libprintf_flt.a(vfprintf_flt.o)
 *libc.a:*(.progmem.data)
 .progmem.data  0x000002dc       0xfa c:/program files (x86)/atmel/studio/7.0/toolchain/avr8/avr8-gnu-toolchain/bin/../lib/gcc/avr/5.4.0/../../../../avr/lib/avr5\libc.a(ftoa_engine.o)
 *(.progmem*)
                0x000003d6                . = ALIGN (0x2)
 *(.jumptables)
 *(.jumptables*)
 *(.lowtext)
 *(.lowtext*)
                0x000003d6                __ctors_start = .
 *(.ctors)
                0x000003d6                __ctors_end = .
                0x000003d6                __dtors_start = .
 *(.dtors)
                0x000003d6                __dtors_end = .
 SORT(*)(.ctors)
 SORT(*)(.dtors)
 *(.init0)
 .init0         0x000003d6        0x0 C:/Program Files (x86)/Atmel/Studio/7.0/Packs/atmel/ATmega_DFP/1.2.209/gcc/dev/atmega32/avr5/crtatmega32.o
                0x000003d6                __init
 *(.init0)
 *(.init1)
 *(.init1)
 *(.init2)
 .init2         0x000003d6        0xc C:/Program Files (x86)/Atmel/Studio/7.0/Packs/atmel/ATmega_DFP/1.2.209/gcc/dev/atmega32/avr5/crtatmega32.o
 *(.init2)
 *(.init3)
 *(.init3)
 *(.init4)
 .init4         0x000003e2       0x16 c:/program files (x86)/atmel/studio/7.0/toolchain/avr8/avr8-gnu-toolchain/bin/../lib/gcc/avr/5.4.0/avr5\libgcc.a(_copy_data.o)
                0x000003e2                __do_copy_data
 .init4         0x000003f8       0x10 c:/program files (x86)/atmel/studio/7.0/toolchain/avr8/avr8-gnu-toolchain/bin/../lib/gcc/avr/5.4.0/avr5\libgcc.a(_clear_bss.o)
                0x000003f8                __do_clear_bss
 *(.init4)
 *(.init5)
 *(.init5)
 *(.init6)
 *(.init6)
 *(.init7)
 *(.init7)
 *(.init8)
 *(.init8)
 *(.init9)
 .init9         0x00000408        0x8 C:/Program Files (x86)/Atmel/Studio/7.0/Packs/atmel/ATmega_DFP/1.2.209/gcc/dev/atmega32/avr5/crtatmega32.o
 *(.init9)
 *(.text)
 .text          0x00000410        0x4 C:/Program Files (x86)/Atmel/Studio/7.0/Packs/atmel/ATmega_DFP/1.2.209/gcc/dev/atmega32/avr5/crtatmega32.o
                0x00000410                __vector_1
                0x00000410                __vector_12
                0x00000410                __bad_interrupt
                0x00000410                __vector_6
                0x00000410                __vector_3
                0x00000410                __vector_11
                0x00000410                __vector_17
                0x00000410                __vector_19
                0x00000410                __vector_7
                0x00000410                __vector_5
                0x00000410                __vector_4
                0x00000410                __vector_9
                0x00000410                __vector_2
                0x00000410                __vector_15
                0x00000410                __vector_8
                0x00000410                __vector_16
                0x00000410                __vector_18
                0x00000410                __vector_20
                0x00000414                . = ALIGN (0x2)
 *(.text.*)
 .text.debug_msg
                0x00000414       0x24 main.o
                0x00000414                debug_msg
 .text.init_pin
                0x00000438        0xa main.o
                0x00000438                init_pin
 .text.init_driver
                0x00000442       0x20 main.o
                0x00000442                init_driver
 .text.main     0x00000462       0x6a main.o
                0x00000462                main
 .text.accum_get_voltage
                0x000004cc       0x38 src/accumulator.o
                0x000004cc                accum_get_voltage
 .text.accumulator_process
                0x00000504      0x172 src/accumulator.o
                0x00000504                accumulator_process
 .text.accum_led_process
                0x00000676      0x13a src/accumulator.o
                0x00000676                accum_led_process
 .text.adc_setchannel
                0x000007b0       0x10 src/adc.o
                0x000007b0                adc_setchannel
 .text.adc_readsel
                0x000007c0        0xc src/adc.o
                0x000007c0                adc_readsel
 .text.adc_read
                0x000007cc        0xa src/adc.o
                0x000007cc                adc_read
 .text.read_button
                0x000007d6       0x24 src/but.o
                0x000007d6                read_button
 .text.init_but_struct
                0x000007fa      0x120 src/but.o
                0x000007fa                init_but_struct
 .text.process_button
                0x0000091a      0x154 src/but.o
                0x0000091a                process_button
 .text.init_buttons
                0x00000a6e       0x2e src/but.o
                0x00000a6e                init_buttons
 .text.buzzer_process
                0x00000a9c       0xec src/buz.o
                0x00000a9c                buzzer_process
 .text.init_buzzer
                0x00000b88        0x6 src/buz.o
                0x00000b88                init_buzzer
 .text.button_1_menu
                0x00000b8e       0x10 src/dark_menu.o
 .text.button_2_menu
                0x00000b9e       0x10 src/dark_menu.o
 .text.button_5_menu
                0x00000bae       0x1e src/dark_menu.o
 .text.button_6_menu
                0x00000bcc       0x2a src/dark_menu.o
 .text.button_7_menu
                0x00000bf6       0x1a src/dark_menu.o
 .text.enter_to_menu
                0x00000c10       0x56 src/dark_menu.o
 .text.button_3_menu
                0x00000c66       0x1a src/dark_menu.o
 .text.pass_add_number
                0x00000c80       0x4c src/dark_menu.o
 .text.button_7_number
                0x00000ccc        0x8 src/dark_menu.o
 .text.button_6_number
                0x00000cd4        0x8 src/dark_menu.o
 .text.button_5_number
                0x00000cdc        0x8 src/dark_menu.o
 .text.button_3_number
                0x00000ce4        0x8 src/dark_menu.o
 .text.button_2_number
                0x00000cec        0x8 src/dark_menu.o
 .text.button_1_number
                0x00000cf4        0x8 src/dark_menu.o
 .text.dark_menu_parameters_len
                0x00000cfc        0x4 src/dark_menu.o
                0x00000cfc                dark_menu_parameters_len
 .text.menu_process
                0x00000d00      0x14e src/dark_menu.o
                0x00000d00                menu_process
 .text.check_servo_config_menu
                0x00000e4e       0x70 src/dark_menu.o
                0x00000e4e                check_servo_config_menu
 .text.init_menu
                0x00000ebe       0x9e src/dark_menu.o
                0x00000ebe                init_menu
 .text.dark_menu_get_value
                0x00000f5c       0x14 src/dark_menu.o
                0x00000f5c                dark_menu_get_value
 .text.count_pwm
                0x00000f70       0xdc src/dcmotorpwm.o
 .text.dcmotorpwm_init
                0x0000104c       0x28 src/dcmotorpwm.o
                0x0000104c                dcmotorpwm_init
 .text.dcmotorpwm_deinit
                0x00001074        0xc src/dcmotorpwm.o
                0x00001074                dcmotorpwm_deinit
 .text.dcmotor_is_on
                0x00001080       0x16 src/dcmotorpwm.o
                0x00001080                dcmotor_is_on
 .text.dcmotorpwm_stop
                0x00001096       0x30 src/dcmotorpwm.o
                0x00001096                dcmotorpwm_stop
 .text.dcmotorpwm_start
                0x000010c6       0x44 src/dcmotorpwm.o
                0x000010c6                dcmotorpwm_start
 .text.dcmotor_get_pwm
                0x0000110a        0x8 src/dcmotorpwm.o
                0x0000110a                dcmotor_get_pwm
 .text.dcmotor_set_error
                0x00001112       0x1c src/dcmotorpwm.o
                0x00001112                dcmotor_set_error
 .text.dcmotor_set_try
                0x0000112e       0x14 src/dcmotorpwm.o
                0x0000112e                dcmotor_set_try
 .text.dcmotor_set_normal_state
                0x00001142       0x14 src/dcmotorpwm.o
                0x00001142                dcmotor_set_normal_state
 .text.motor_regulation
                0x00001156        0xc src/dcmotorpwm.o
                0x00001156                motor_regulation
 .text.dcmotor_process
                0x00001162       0xb0 src/dcmotorpwm.o
                0x00001162                dcmotor_process
 .text.clear_display
                0x00001212       0x10 src/disp.o
 .text.off_all_displays
                0x00001222       0x1a src/disp.o
                0x00001222                off_all_displays
 .text.init_display_drv
                0x0000123c       0x62 src/disp.o
                0x0000123c                init_display_drv
 .text.display_set_value
                0x0000129e      0x142 src/disp.o
                0x0000129e                display_set_value
 .text.on_display
                0x000013e0       0x5a src/disp.o
                0x000013e0                on_display
 .text.display_process
                0x0000143a       0x94 src/disp.o
                0x0000143a                display_process
 .text.disp_set_number
                0x000014ce       0x46 src/disp.o
                0x000014ce                disp_set_number
 .text.disp_set_symb
                0x00001514        0x6 src/disp.o
                0x00001514                disp_set_symb
 .text.dip_set_value
                0x0000151a       0x22 src/display_d.o
                0x0000151a                dip_set_value
 .text.disp_get_state
                0x0000153c       0x20 src/display_d.o
                0x0000153c                disp_get_state
 .text.disp_disable_voltage
                0x0000155c       0x22 src/display_d.o
                0x0000155c                disp_disable_voltage
 .text.disp_set_state
                0x0000157e       0x7c src/display_d.o
                0x0000157e                disp_set_state
 .text.display_set_error
                0x000015fa       0x10 src/display_d.o
                0x000015fa                display_set_error
 .text.disp_off_segments
                0x0000160a       0x2a src/display_d.o
                0x0000160a                disp_off_segments
 .text.disp_process
                0x00001634      0x27a src/display_d.o
                0x00001634                disp_process
 .text.on_animation
                0x000018ae       0x3e src/display_d.o
                0x000018ae                on_animation
 .text.animation
                0x000018ec      0x104 src/display_d.o
                0x000018ec                animation
 .text.EEPROM_write
                0x000019f0       0x10 src/eeprom.o
                0x000019f0                EEPROM_write
 .text.EEPROM_read
                0x00001a00        0xe src/eeprom.o
                0x00001a00                EEPROM_read
 .text.set_error_state
                0x00001a0e       0x3e src/error_siewnik.o
 .text.error_init
                0x00001a4c       0x2a src/error_siewnik.o
                0x00001a4c                error_init
 .text.error_deinit
                0x00001a76       0x2a src/error_siewnik.o
                0x00001a76                error_deinit
 .text.error_servo_timer
                0x00001aa0       0x2a src/error_siewnik.o
                0x00001aa0                error_servo_timer
 .text.error_event
                0x00001aca      0x4ec src/error_siewnik.o
                0x00001aca                error_event
 .text.error_led_blink
                0x00001fb6       0x58 src/error_siewnik.o
                0x00001fb6                error_led_blink
 .text.filtered_value
                0x0000200e       0x24 src/measure.o
 .text.init_measure
                0x00002032       0x3c src/measure.o
                0x00002032                init_measure
 .text.measure_process
                0x0000206e      0x1e8 src/measure.o
                0x0000206e                measure_process
 .text.measure_get_servo_calibration
                0x00002256       0x9a src/measure.o
                0x00002256                measure_get_servo_calibration
 .text.measure_get_filtered_value
                0x000022f0       0x32 src/measure.o
                0x000022f0                measure_get_filtered_value
 .text.measure_get_current
                0x00002322       0x78 src/measure.o
                0x00002322                measure_get_current
 .text.mem_save_data
                0x0000239a       0x90 src/mem.o
                0x0000239a                mem_save_data
 .text.mem_read_data
                0x0000242a       0x90 src/mem.o
                0x0000242a                mem_read_data
 .text.servo_set_pwm_val
                0x000024ba       0xe0 src/servo.o
                0x000024ba                servo_set_pwm_val
 .text.servo_regulation
                0x0000259a        0xc src/servo.o
                0x0000259a                servo_regulation
 .text.servo_error
                0x000025a6       0x14 src/servo.o
                0x000025a6                servo_error
 .text.servo_init
                0x000025ba       0x6c src/servo.o
                0x000025ba                servo_init
 .text.servo_is_open
                0x00002626       0x16 src/servo.o
                0x00002626                servo_is_open
 .text.servo_delayed_open
                0x0000263c       0x36 src/servo.o
                0x0000263c                servo_delayed_open
 .text.servo_enable_try
                0x00002672       0x18 src/servo.o
                0x00002672                servo_enable_try
 .text.servo_get_try_cnt
                0x0000268a        0x8 src/servo.o
                0x0000268a                servo_get_try_cnt
 .text.servo_close
                0x00002692       0x52 src/servo.o
                0x00002692                servo_close
 .text.servo_exit_try
                0x000026e4       0x34 src/servo.o
 .text.servo_open
                0x00002718       0x5e src/servo.o
                0x00002718                servo_open
 .text.servo_try_reset_timeout
                0x00002776        0xe src/servo.o
                0x00002776                servo_try_reset_timeout
 .text.servo_process
                0x00002784      0x19e src/servo.o
                0x00002784                servo_process
 .text.off_button
                0x00002922       0x82 src/system.o
 .text.button_motor_sub_timer_cb
                0x000029a4       0x1c src/system.o
                0x000029a4                button_motor_sub_timer_cb
 .text.button_motor_add_timer_cb
                0x000029c0       0x1c src/system.o
                0x000029c0                button_motor_add_timer_cb
 .text.b_servo_vibro_sub_timer
                0x000029dc       0x14 src/system.o
                0x000029dc                b_servo_vibro_sub_timer
 .text.b_servo_vibro_sub_rise
                0x000029f0       0x18 src/system.o
                0x000029f0                b_servo_vibro_sub_rise
 .text.b_servo_vibro_add_timer
                0x00002a08       0x14 src/system.o
                0x00002a08                b_servo_vibro_add_timer
 .text.b_servo_vibro_add_rise
                0x00002a1c       0x18 src/system.o
                0x00002a1c                b_servo_vibro_add_rise
 .text.b_servo_vibro_sub_fall
                0x00002a34       0x34 src/system.o
                0x00002a34                b_servo_vibro_sub_fall
 .text.button_motor_sub_fall_cb
                0x00002a68       0x5c src/system.o
                0x00002a68                button_motor_sub_fall_cb
 .text.button_motor_add_fall_cb
                0x00002ac4       0x5c src/system.o
                0x00002ac4                button_motor_add_fall_cb
 .text.button_motor_sub_rise_cb
                0x00002b20       0x46 src/system.o
                0x00002b20                button_motor_sub_rise_cb
 .text.button_motor_add_rise_cb
                0x00002b66       0x48 src/system.o
                0x00002b66                button_motor_add_rise_cb
 .text.b_servo_vibro_add_fall
                0x00002bae       0x38 src/system.o
                0x00002bae                b_servo_vibro_add_fall
 .text.sys_save_display
                0x00002be6       0x1a src/system.o
 .text.button_dcmotor_cb
                0x00002c00       0x4c src/system.o
                0x00002c00                button_dcmotor_cb
 .text.button_on_off_pwm
                0x00002c4c       0x40 src/system.o
                0x00002c4c                button_on_off_pwm
 .text.init_system
                0x00002c8c       0x44 src/system.o
                0x00002c8c                init_system
 .text.on_system
                0x00002cd0       0xd2 src/system.o
                0x00002cd0                on_system
 .text.off_system
                0x00002da2       0x3c src/system.o
                0x00002da2                off_system
 .text.button4_toggle_system
                0x00002dde       0x2a src/system.o
                0x00002dde                button4_toggle_system
 .text.disp_fast_process
                0x00002e08      0x176 src/system.o
                0x00002e08                disp_fast_process
 .text.disp_very_fast_process
                0x00002f7e       0xdc src/system.o
                0x00002f7e                disp_very_fast_process
 .text.system_error
                0x0000305a        0x6 src/system.o
                0x0000305a                system_error
 .text.__vector_10
                0x00003060       0x86 src/tim.o
                0x00003060                __vector_10
 .text.timer0_init
                0x000030e6       0x58 src/tim.o
                0x000030e6                timer0_init
 .text.evTime_init
                0x0000313e       0x10 src/tim.o
                0x0000313e                evTime_init
 .text.evTime_start
                0x0000314e       0x30 src/tim.o
                0x0000314e                evTime_start
 .text.evTime_is_stated
                0x0000317e       0x14 src/tim.o
                0x0000317e                evTime_is_stated
 .text.evTime_check
                0x00003192       0x40 src/tim.o
                0x00003192                evTime_check
 .text.evTime_off
                0x000031d2       0x14 src/tim.o
                0x000031d2                evTime_off
 .text.evTime_process_period
                0x000031e6       0x6e src/tim.o
                0x000031e6                evTime_process_period
 .text.__vector_13
                0x00003254       0x62 src/usart.o
                0x00003254                __vector_13
 .text.__vector_14
                0x000032b6       0x4e src/usart.o
                0x000032b6                __vector_14
 .text.avr-libc.fplib
                0x00003304        0xe c:/program files (x86)/atmel/studio/7.0/toolchain/avr8/avr8-gnu-toolchain/bin/../lib/gcc/avr/5.4.0/../../../../avr/lib/avr5\libm.a(addsf3.o)
                0x00003304                __subsf3
                0x00003306                __addsf3
 .text.avr-libc.fplib
                0x00003312       0xcc c:/program files (x86)/atmel/studio/7.0/toolchain/avr8/avr8-gnu-toolchain/bin/../lib/gcc/avr/5.4.0/../../../../avr/lib/avr5\libm.a(addsf3x.o)
                0x00003334                __addsf3x
 .text.avr-libc.fplib
                0x000033de        0xa c:/program files (x86)/atmel/studio/7.0/toolchain/avr8/avr8-gnu-toolchain/bin/../lib/gcc/avr/5.4.0/../../../../avr/lib/avr5\libm.a(cmpsf2.o)
                0x000033de                __nesf2
                0x000033de                __eqsf2
                0x000033de                __cmpsf2
                0x000033de                __ltsf2
                0x000033de                __lesf2
 .text.avr-libc.fplib
                0x000033e8        0x8 c:/program files (x86)/atmel/studio/7.0/toolchain/avr8/avr8-gnu-toolchain/bin/../lib/gcc/avr/5.4.0/../../../../avr/lib/avr5\libm.a(divsf3.o)
                0x000033e8                __divsf3
 .text.avr-libc.fplib
                0x000033f0       0xdc c:/program files (x86)/atmel/studio/7.0/toolchain/avr8/avr8-gnu-toolchain/bin/../lib/gcc/avr/5.4.0/../../../../avr/lib/avr5\libm.a(divsf3x.o)
                0x00003410                __divsf3x
                0x00003416                __divsf3_pse
 .text.avr-libc.fplib
                0x000034cc        0xe c:/program files (x86)/atmel/studio/7.0/toolchain/avr8/avr8-gnu-toolchain/bin/../lib/gcc/avr/5.4.0/../../../../avr/lib/avr5\libm.a(fixsfsi.o)
                0x000034cc                __fixsfsi
 .text.avr-libc.fplib
                0x000034da       0x5e c:/program files (x86)/atmel/studio/7.0/toolchain/avr8/avr8-gnu-toolchain/bin/../lib/gcc/avr/5.4.0/../../../../avr/lib/avr5\libm.a(fixunssfsi.o)
                0x000034da                __fixunssfsi
 .text.avr-libc.fplib
                0x00003538       0x7a c:/program files (x86)/atmel/studio/7.0/toolchain/avr8/avr8-gnu-toolchain/bin/../lib/gcc/avr/5.4.0/../../../../avr/lib/avr5\libm.a(floatsisf.o)
                0x00003538                __floatunsisf
                0x0000353c                __floatsisf
 .text.avr-libc.fplib
                0x000035b2       0x48 c:/program files (x86)/atmel/studio/7.0/toolchain/avr8/avr8-gnu-toolchain/bin/../lib/gcc/avr/5.4.0/../../../../avr/lib/avr5\libm.a(fp_cmp.o)
                0x000035b2                __fp_cmp
 .text.avr-libc.fplib
                0x000035fa        0xc c:/program files (x86)/atmel/studio/7.0/toolchain/avr8/avr8-gnu-toolchain/bin/../lib/gcc/avr/5.4.0/../../../../avr/lib/avr5\libm.a(fp_inf.o)
                0x000035fa                __fp_inf
 .text.avr-libc.fplib
                0x00003606        0x6 c:/program files (x86)/atmel/studio/7.0/toolchain/avr8/avr8-gnu-toolchain/bin/../lib/gcc/avr/5.4.0/../../../../avr/lib/avr5\libm.a(fp_nan.o)
                0x00003606                __fp_nan
 .text.avr-libc.fplib
                0x0000360c        0xe c:/program files (x86)/atmel/studio/7.0/toolchain/avr8/avr8-gnu-toolchain/bin/../lib/gcc/avr/5.4.0/../../../../avr/lib/avr5\libm.a(fp_pscA.o)
                0x0000360c                __fp_pscA
 .text.avr-libc.fplib
                0x0000361a        0xe c:/program files (x86)/atmel/studio/7.0/toolchain/avr8/avr8-gnu-toolchain/bin/../lib/gcc/avr/5.4.0/../../../../avr/lib/avr5\libm.a(fp_pscB.o)
                0x0000361a                __fp_pscB
 .text.avr-libc.fplib
                0x00003628       0x22 c:/program files (x86)/atmel/studio/7.0/toolchain/avr8/avr8-gnu-toolchain/bin/../lib/gcc/avr/5.4.0/../../../../avr/lib/avr5\libm.a(fp_round.o)
                0x00003628                __fp_round
 .text.avr-libc.fplib
                0x0000364a       0x44 c:/program files (x86)/atmel/studio/7.0/toolchain/avr8/avr8-gnu-toolchain/bin/../lib/gcc/avr/5.4.0/../../../../avr/lib/avr5\libm.a(fp_split3.o)
                0x0000364a                __fp_split3
                0x0000365a                __fp_splitA
 .text.avr-libc.fplib
                0x0000368e        0xe c:/program files (x86)/atmel/studio/7.0/toolchain/avr8/avr8-gnu-toolchain/bin/../lib/gcc/avr/5.4.0/../../../../avr/lib/avr5\libm.a(fp_zero.o)
                0x0000368e                __fp_zero
                0x00003690                __fp_szero
 .text.avr-libc.fplib
                0x0000369c        0xa c:/program files (x86)/atmel/studio/7.0/toolchain/avr8/avr8-gnu-toolchain/bin/../lib/gcc/avr/5.4.0/../../../../avr/lib/avr5\libm.a(gesf2.o)
                0x0000369c                __gesf2
                0x0000369c                __gtsf2
 .text.avr-libc.fplib
                0x000036a6        0x8 c:/program files (x86)/atmel/studio/7.0/toolchain/avr8/avr8-gnu-toolchain/bin/../lib/gcc/avr/5.4.0/../../../../avr/lib/avr5\libm.a(mulsf3.o)
                0x000036a6                __mulsf3
 .text.avr-libc.fplib
                0x000036ae       0xd2 c:/program files (x86)/atmel/studio/7.0/toolchain/avr8/avr8-gnu-toolchain/bin/../lib/gcc/avr/5.4.0/../../../../avr/lib/avr5\libm.a(mulsf3x.o)
                0x000036cc                __mulsf3x
                0x000036d2                __mulsf3_pse
 .text.avr-libc.fplib
                0x00003780       0xa0 c:/program files (x86)/atmel/studio/7.0/toolchain/avr8/avr8-gnu-toolchain/bin/../lib/gcc/avr/5.4.0/../../../../avr/lib/avr5\libm.a(pow.o)
                0x00003780                pow
 .text.avr-libc.fplib
                0x00003820       0x74 c:/program files (x86)/atmel/studio/7.0/toolchain/avr8/avr8-gnu-toolchain/bin/../lib/gcc/avr/5.4.0/../../../../avr/lib/avr5\libm.a(exp.o)
                0x00003830                exp
 .text.avr-libc.fplib
                0x00003894       0x4e c:/program files (x86)/atmel/studio/7.0/toolchain/avr8/avr8-gnu-toolchain/bin/../lib/gcc/avr/5.4.0/../../../../avr/lib/avr5\libm.a(fp_powser.o)
                0x00003894                __fp_powser
 .text.avr-libc.fplib
                0x000038e2       0x10 c:/program files (x86)/atmel/studio/7.0/toolchain/avr8/avr8-gnu-toolchain/bin/../lib/gcc/avr/5.4.0/../../../../avr/lib/avr5\libm.a(inverse.o)
                0x000038e2                inverse
 .text.avr-libc.fplib
                0x000038f2       0x74 c:/program files (x86)/atmel/studio/7.0/toolchain/avr8/avr8-gnu-toolchain/bin/../lib/gcc/avr/5.4.0/../../../../avr/lib/avr5\libm.a(ldexp.o)
                0x000038fa                ldexp
 .text.avr-libc.fplib
                0x00003966       0xa0 c:/program files (x86)/atmel/studio/7.0/toolchain/avr8/avr8-gnu-toolchain/bin/../lib/gcc/avr/5.4.0/../../../../avr/lib/avr5\libm.a(log.o)
                0x00003976                log
 .text.avr-libc.fplib
                0x00003a06       0x68 c:/program files (x86)/atmel/studio/7.0/toolchain/avr8/avr8-gnu-toolchain/bin/../lib/gcc/avr/5.4.0/../../../../avr/lib/avr5\libm.a(modf.o)
                0x00003a06                modf
                0x00003a06                modff
 .text.avr-libc.fplib
                0x00003a6e       0x1c c:/program files (x86)/atmel/studio/7.0/toolchain/avr8/avr8-gnu-toolchain/bin/../lib/gcc/avr/5.4.0/../../../../avr/lib/avr5\libm.a(fp_mpack.o)
                0x00003a6e                __fp_mpack
                0x00003a72                __fp_mpack_finite
 .text.avr-libc
                0x00003a8a      0x6fa c:/program files (x86)/atmel/studio/7.0/toolchain/avr8/avr8-gnu-toolchain/bin/../lib/gcc/avr/5.4.0/../../../../avr/lib/avr5\libprintf_flt.a(vfprintf_flt.o)
                0x00003a8a                vfprintf
 .text.libgcc.div
                0x00004184       0x28 c:/program files (x86)/atmel/studio/7.0/toolchain/avr8/avr8-gnu-toolchain/bin/../lib/gcc/avr/5.4.0/avr5\libgcc.a(_divmodhi4.o)
                0x00004184                _div
                0x00004184                __divmodhi4
 .text.libgcc   0x000041ac        0xc c:/program files (x86)/atmel/studio/7.0/toolchain/avr8/avr8-gnu-toolchain/bin/../lib/gcc/avr/5.4.0/avr5\libgcc.a(_tablejump2.o)
                0x000041ac                __tablejump2__
 .text.libgcc.mul
                0x000041b8       0x1e c:/program files (x86)/atmel/studio/7.0/toolchain/avr8/avr8-gnu-toolchain/bin/../lib/gcc/avr/5.4.0/avr5\libgcc.a(_umulhisi3.o)
                0x000041b8                __umulhisi3
 .text.libgcc.prologue
                0x000041d6       0x38 c:/program files (x86)/atmel/studio/7.0/toolchain/avr8/avr8-gnu-toolchain/bin/../lib/gcc/avr/5.4.0/avr5\libgcc.a(_prologue.o)
                0x000041d6                __prologue_saves__
 .text.libgcc.prologue
                0x0000420e       0x36 c:/program files (x86)/atmel/studio/7.0/toolchain/avr8/avr8-gnu-toolchain/bin/../lib/gcc/avr/5.4.0/avr5\libgcc.a(_epilogue.o)
                0x0000420e                __epilogue_restores__
 .text.libgcc.div
                0x00004244       0x28 c:/program files (x86)/atmel/studio/7.0/toolchain/avr8/avr8-gnu-toolchain/bin/../lib/gcc/avr/5.4.0/avr5\libgcc.a(_udivmodhi4.o)
                0x00004244                __udivmodhi4
 .text.avr-libc
                0x0000426c      0x1b0 c:/program files (x86)/atmel/studio/7.0/toolchain/avr8/avr8-gnu-toolchain/bin/../lib/gcc/avr/5.4.0/../../../../avr/lib/avr5\libc.a(ftoa_engine.o)
                0x0000426c                __ftoa_engine
 .text.avr-libc
                0x0000441c       0x16 c:/program files (x86)/atmel/studio/7.0/toolchain/avr8/avr8-gnu-toolchain/bin/../lib/gcc/avr/5.4.0/../../../../avr/lib/avr5\libc.a(strnlen_P.o)
                0x0000441c                strnlen_P
 .text.avr-libc
                0x00004432       0x1a c:/program files (x86)/atmel/studio/7.0/toolchain/avr8/avr8-gnu-toolchain/bin/../lib/gcc/avr/5.4.0/../../../../avr/lib/avr5\libc.a(memcmp.o)
                0x00004432                memcmp
 .text.avr-libc
                0x0000444c       0x16 c:/program files (x86)/atmel/studio/7.0/toolchain/avr8/avr8-gnu-toolchain/bin/../lib/gcc/avr/5.4.0/../../../../avr/lib/avr5\libc.a(strnlen.o)
                0x0000444c                strnlen
 .text.avr-libc
                0x00004462       0x78 c:/program files (x86)/atmel/studio/7.0/toolchain/avr8/avr8-gnu-toolchain/bin/../lib/gcc/avr/5.4.0/../../../../avr/lib/avr5\libc.a(fputc.o)
                0x00004462                fputc
 .text.avr-libc
                0x000044da       0x38 c:/program files (x86)/atmel/studio/7.0/toolchain/avr8/avr8-gnu-toolchain/bin/../lib/gcc/avr/5.4.0/../../../../avr/lib/avr5\libc.a(vsprintf.o)
                0x000044da                vsprintf
 .text.avr-libc
                0x00004512       0xbc c:/program files (x86)/atmel/studio/7.0/toolchain/avr8/avr8-gnu-toolchain/bin/../lib/gcc/avr/5.4.0/../../../../avr/lib/avr5\libc.a(ultoa_invert.o)
                0x00004512                __ultoa_invert
                0x000045ce                . = ALIGN (0x2)
 *(.fini9)
 .fini9         0x000045ce        0x0 c:/program files (x86)/atmel/studio/7.0/toolchain/avr8/avr8-gnu-toolchain/bin/../lib/gcc/avr/5.4.0/avr5\libgcc.a(_exit.o)
                0x000045ce                _exit
                0x000045ce                exit
 *(.fini9)
 *(.fini8)
 *(.fini8)
 *(.fini7)
 *(.fini7)
 *(.fini6)
 *(.fini6)
 *(.fini5)
 *(.fini5)
 *(.fini4)
 *(.fini4)
 *(.fini3)
 *(.fini3)
 *(.fini2)
 *(.fini2)
 *(.fini1)
 *(.fini1)
 *(.fini0)
 .fini0         0x000045ce        0x4 c:/program files (x86)/atmel/studio/7.0/toolchain/avr8/avr8-gnu-toolchain/bin/../lib/gcc/avr/5.4.0/avr5\libgcc.a(_exit.o)
 *(.fini0)
                0x000045d2                _etext = .

.data           0x00800060      0x1ba load address 0x000045d2
                0x00800060                PROVIDE (__data_start, .)
 *(.data)
 *(.data*)
 .data.but_tab  0x00800060       0x14 src/but.o
                0x00800060                but_tab
 .data.menuParameters
                0x00800074       0x14 src/dark_menu.o
                0x00800074                menuParameters
 .data.displaying_value
                0x00800088        0x1 src/disp.o
 .data.anim_iteration2.2007
                0x00800089        0x1 src/display_d.o
 .data.anim_iteration.2006
                0x0080008a        0x1 src/display_d.o
 *(.gnu.linkonce.d*)
 *(.rodata)
 *(.rodata*)
 .rodata.str1.1
                0x0080008b       0x27 main.o
 .rodata.str1.1
                0x008000b2       0x15 src/dark_menu.o
 .rodata.password
                0x008000c7        0x6 src/dark_menu.o
                0x008000c7                password
 .rodata.str1.1
                0x008000cd       0x2b src/dcmotorpwm.o
 .rodata.str1.1
                0x008000f8       0x91 src/error_siewnik.o
 .rodata.str1.1
                0x00800189       0x26 src/measure.o
 .rodata.str1.1
                0x008001af       0x6a src/servo.o
 *(.gnu.linkonce.r*)
                0x0080021a                . = ALIGN (0x2)
 *fill*         0x00800219        0x1 
                0x0080021a                _edata = .
                0x0080021a                PROVIDE (__data_end, .)

.bss            0x0080021a      0x2a3
                0x0080021a                PROVIDE (__bss_start, .)
 *(.bss)
 *(.bss*)
 .bss.state_led.1925
                0x0080021a        0x1 src/accumulator.o
 .bss.process_timer.1924
                0x0080021b        0x4 src/accumulator.o
 .bss.accumulator_timer.1920
                0x0080021f        0x4 src/accumulator.o
 .bss.accumulator_state
                0x00800223        0x1 src/accumulator.o
 .bss.buzzer_state
                0x00800224        0x4 src/buz.o
                0x00800224                buzzer_state
 .bss.buzzer_timer
                0x00800228        0x4 src/buz.o
                0x00800228                buzzer_timer
 .bss.menu_timer.2286
                0x0080022c        0x4 src/dark_menu.o
 .bss.dcmotor_timer.2001
                0x00800230        0x5 src/dcmotorpwm.o
 .bss.iteration
                0x00800235        0x1 src/disp.o
 .bss.timer_anim.2005
                0x00800236        0x4 src/display_d.o
 .bss.timer_disp_process.1985
                0x0080023a        0x4 src/display_d.o
 .bss.second_disp_blink_val
                0x0080023e        0x1 src/display_d.o
 .bss.blink_cnt
                0x0080023f        0x4 src/display_d.o
 .bss.blink_state
                0x00800243        0x1 src/display_d.o
 .bss.blink_servo_disp
                0x00800244        0x5 src/display_d.o
 .bss.voltage   0x00800249        0x2 src/display_d.o
 .bss.error_reason
                0x0080024b        0x1 src/display_d.o
 .bss.animation_time
                0x0080024c        0x4 src/display_d.o
 .bss.servo_disp_value
                0x00800250        0x1 src/display_d.o
 .bss.motor_disp_value
                0x00800251        0x1 src/display_d.o
 .bss.blink_timer.2118
                0x00800252        0x5 src/error_siewnik.o
 .bss.error_event_timer.2088
                0x00800257        0x4 src/error_siewnik.o
 .bss.error_servo_tim
                0x0080025b        0x4 src/error_siewnik.o
 .bss.servo_timer
                0x0080025f        0x5 src/error_siewnik.o
 .bss.error_servo_status
                0x00800264        0x1 src/error_siewnik.o
 .bss.error_servo_state
                0x00800265        0x1 src/error_siewnik.o
 .bss.servo_error_value
                0x00800266        0x2 src/error_siewnik.o
 .bss.motor_error_value
                0x00800268        0x4 src/error_siewnik.o
 .bss.error_motor_status
                0x0080026c        0x1 src/error_siewnik.o
 .bss.error_motor_last_state
                0x0080026d        0x1 src/error_siewnik.o
 .bss.error_motor_state
                0x0080026e        0x1 src/error_siewnik.o
 .bss.motor_timer
                0x0080026f        0x5 src/error_siewnik.o
 .bss.debug_msg_counter
                0x00800274        0x4 src/measure.o
 .bss.measure_timer
                0x00800278        0x4 src/measure.o
 .bss.calibration_value
                0x0080027c        0x2 src/measure.o
 .bss.s_o_t_adc
                0x0080027e        0x2 src/measure.o
 .bss.s_o_t_iteration_adc_table
                0x00800280        0x1 src/measure.o
 .bss.s_o_t_f_table
                0x00800281       0x14 src/measure.o
 .bss.s_o_t_filter_value
                0x00800295        0x2 src/measure.o
 .bss.motor_adc
                0x00800297        0x2 src/measure.o
 .bss.motor_f_table
                0x00800299       0x1e src/measure.o
 .bss.motor_filter_value
                0x008002b7        0x2 src/measure.o
 .bss.iteration_adc_motor_table
                0x008002b9        0x1 src/measure.o
 .bss.accumulator_tab
                0x008002ba       0x28 src/measure.o
 .bss.filtered_accum_adc_val
                0x008002e2        0x2 src/measure.o
 .bss.accum_adc
                0x008002e4        0x2 src/measure.o
 .bss.iteration_adc_accum_table
                0x008002e6        0x1 src/measure.o
 .bss.timeout.2132
                0x008002e7        0x5 src/servo.o
 .bss.timeout.2160
                0x008002ec        0x5 src/servo.o
 .bss.timeout.2164
                0x008002f1        0x5 src/servo.o
 .bss.servo_timer.2171
                0x008002f6        0x5 src/servo.o
 .bss.try_count
                0x008002fb        0x1 src/servo.o
 .bss.disp_fast_timer.2131
                0x008002fc        0x4 src/system.o
 .bss.disp_very_fast_timer
                0x00800300        0x4 src/system.o
 .bss.state_measure_volt
                0x00800304        0x1 src/system.o
 .bss.counter_very_fast_motor_sub
                0x00800305        0x1 src/system.o
 .bss.counter_very_fast_motor_add
                0x00800306        0x1 src/system.o
 .bss.counter_very_fast_servo_sub
                0x00800307        0x1 src/system.o
 .bss.counter_very_fast_servo_add
                0x00800308        0x1 src/system.o
 .bss.counter   0x00800309        0x2 src/tim.o
                0x00800309                counter
 .bss.UART_LastRxError
                0x0080030b        0x1 src/usart.o
 .bss.UART_RxTail
                0x0080030c        0x1 src/usart.o
 .bss.UART_RxHead
                0x0080030d        0x1 src/usart.o
 .bss.UART_TxTail
                0x0080030e        0x1 src/usart.o
 .bss.UART_TxHead
                0x0080030f        0x1 src/usart.o
 .bss.UART_RxBuf
                0x00800310        0x0 src/usart.o
 .bss.UART_TxBuf
                0x00800310       0x80 src/usart.o
 *(COMMON)
 COMMON         0x00800390       0x45 main.o
                0x00800390                system_events
                0x00800392                motor_value
                0x00800393                servo_vibro_value
                0x00800394                power_supply_type
                0x00800395                debug_buff
 COMMON         0x008003d5       0x9a src/but.o
                0x008003d5                button9
                0x008003e4                button10
                0x008003f3                button5
                0x00800402                button4
                0x00800411                timer_button
                0x00800415                button2
                0x00800424                button3
                0x00800433                button6
                0x00800442                button1
                0x00800451                button7
                0x00800460                button8
 COMMON         0x0080046f       0x13 src/dark_menu.o
                0x0080046f                pass
                0x00800475                menuSaveParameters
                0x0080047f                configured_parameter
                0x00800480                pass_len
                0x00800481                dark_menu_state
 COMMON         0x00800482        0xa src/dcmotorpwm.o
                0x00800482                motorD
 COMMON         0x0080048c       0x1a src/disp.o
                0x0080048c                segment2
                0x00800491                segment1
                0x00800496                DispD3
                0x00800498                DispD1
                0x0080049a                disp_tab
                0x008004a2                DispD4
                0x008004a4                DispD2
 COMMON         0x008004a6        0x2 src/display_d.o
                0x008004a6                disp1_last_state
                0x008004a7                disp2_last_state
 COMMON         0x008004a8        0x1 src/error_siewnik.o
                0x008004a8                led_blink
 COMMON         0x008004a9        0xa src/servo.o
                0x008004a9                servoD
 COMMON         0x008004b3        0x4 src/system.o
                0x008004b3                mem_last_save
                0x008004b5                mem_save_prog
 COMMON         0x008004b7        0x6 src/tim.o
                0x008004b7                mktime
                0x008004bd                PROVIDE (__bss_end, .)
                0x000045d2                __data_load_start = LOADADDR (.data)
                0x0000478c                __data_load_end = (__data_load_start + SIZEOF (.data))

.noinit         0x008004bd        0x0
                [!provide]                PROVIDE (__noinit_start, .)
 *(.noinit*)
                [!provide]                PROVIDE (__noinit_end, .)
                0x008004bd                _end = .
                [!provide]                PROVIDE (__heap_start, .)

.eeprom         0x00810000        0x0
 *(.eeprom*)
                0x00810000                __eeprom_end = .

.fuse
 *(.fuse)
 *(.lfuse)
 *(.hfuse)
 *(.efuse)

.lock
 *(.lock*)

.signature
 *(.signature*)

.user_signatures
 *(.user_signatures*)

.stab
 *(.stab)

.stabstr
 *(.stabstr)

.stab.excl
 *(.stab.excl)

.stab.exclstr
 *(.stab.exclstr)

.stab.index
 *(.stab.index)

.stab.indexstr
 *(.stab.indexstr)

.comment        0x00000000       0x5c
 *(.comment)
 .comment       0x00000000       0x30 main.o
                                 0x31 (size before relaxing)
 .comment       0x00000030       0x31 src/accumulator.o
 .comment       0x00000030       0x31 src/adc.o
 .comment       0x00000030       0x31 src/but.o
 .comment       0x00000030       0x31 src/buz.o
 .comment       0x00000030       0x31 src/dark_menu.o
 .comment       0x00000030       0x31 src/dcmotorpwm.o
 .comment       0x00000030       0x31 src/disp.o
 .comment       0x00000030       0x31 src/display_d.o
 .comment       0x00000030       0x31 src/eeprom.o
 .comment       0x00000030       0x31 src/error_siewnik.o
 .comment       0x00000030       0x31 src/measure.o
 .comment       0x00000030       0x31 src/mem.o
 .comment       0x00000030       0x31 src/servo.o
 .comment       0x00000030       0x31 src/system.o
 .comment       0x00000030       0x31 src/tim.o
 .comment       0x00000030       0x31 src/usart.o
 .comment       0x00000030       0x2c c:/program files (x86)/atmel/studio/7.0/toolchain/avr8/avr8-gnu-toolchain/bin/../lib/gcc/avr/5.4.0/../../../../avr/lib/avr5\libprintf_flt.a(vfprintf_flt.o)
                                 0x2d (size before relaxing)
 .comment       0x0000005c       0x31 c:/program files (x86)/atmel/studio/7.0/toolchain/avr8/avr8-gnu-toolchain/bin/../lib/gcc/avr/5.4.0/../../../../avr/lib/avr5\libc.a(fputc.o)
 .comment       0x0000005c       0x31 c:/program files (x86)/atmel/studio/7.0/toolchain/avr8/avr8-gnu-toolchain/bin/../lib/gcc/avr/5.4.0/../../../../avr/lib/avr5\libc.a(vsprintf.o)

.note.gnu.avr.deviceinfo
                0x00000000       0x3c
 .note.gnu.avr.deviceinfo
                0x00000000       0x3c C:/Program Files (x86)/Atmel/Studio/7.0/Packs/atmel/ATmega_DFP/1.2.209/gcc/dev/atmega32/avr5/crtatmega32.o

.note.gnu.build-id
 *(.note.gnu.build-id)

.debug
 *(.debug)

.line
 *(.line)

.debug_srcinfo
 *(.debug_srcinfo)

.debug_sfnames
 *(.debug_sfnames)

.debug_aranges  0x00000000      0x640
 *(.debug_aranges)
 .debug_aranges
                0x00000000       0x38 main.o
 .debug_aranges
                0x00000038       0x30 src/accumulator.o
 .debug_aranges
                0x00000068       0x58 src/adc.o
 .debug_aranges
                0x000000c0       0x40 src/but.o
 .debug_aranges
                0x00000100       0x28 src/buz.o
 .debug_aranges
                0x00000128       0xc0 src/dark_menu.o
 .debug_aranges
                0x000001e8       0x80 src/dcmotorpwm.o
 .debug_aranges
                0x00000268       0x58 src/disp.o
 .debug_aranges
                0x000002c0       0x70 src/display_d.o
 .debug_aranges
                0x00000330       0x28 src/eeprom.o
 .debug_aranges
                0x00000358       0x58 src/error_siewnik.o
 .debug_aranges
                0x000003b0       0x50 src/measure.o
 .debug_aranges
                0x00000400       0x28 src/mem.o
 .debug_aranges
                0x00000428       0x80 src/servo.o
 .debug_aranges
                0x000004a8       0xd0 src/system.o
 .debug_aranges
                0x00000578       0x60 src/tim.o
 .debug_aranges
                0x000005d8       0x68 src/usart.o

.debug_pubnames
 *(.debug_pubnames)

.debug_info     0x00000000     0x631f
 *(.debug_info .gnu.linkonce.wi.*)
 .debug_info    0x00000000      0x4e6 C:/Program Files (x86)/Atmel/Studio/7.0/Packs/atmel/ATmega_DFP/1.2.209/gcc/dev/atmega32/avr5/crtatmega32.o
 .debug_info    0x000004e6      0x44d main.o
 .debug_info    0x00000933      0x231 src/accumulator.o
 .debug_info    0x00000b64      0x225 src/adc.o
 .debug_info    0x00000d89      0x354 src/but.o
 .debug_info    0x000010dd      0x208 src/buz.o
 .debug_info    0x000012e5      0xbdc src/dark_menu.o
 .debug_info    0x00001ec1      0x54c src/dcmotorpwm.o
 .debug_info    0x0000240d      0x376 src/disp.o
 .debug_info    0x00002783      0x795 src/display_d.o
 .debug_info    0x00002f18       0xdc src/eeprom.o
 .debug_info    0x00002ff4      0xc5c src/error_siewnik.o
 .debug_info    0x00003c50      0x54a src/measure.o
 .debug_info    0x0000419a      0x1f4 src/mem.o
 .debug_info    0x0000438e      0x8d1 src/servo.o
 .debug_info    0x00004c5f      0xcf5 src/system.o
 .debug_info    0x00005954      0x424 src/tim.o
 .debug_info    0x00005d78      0x5a7 src/usart.o

.debug_abbrev   0x00000000     0x212f
 *(.debug_abbrev)
 .debug_abbrev  0x00000000      0x4a3 C:/Program Files (x86)/Atmel/Studio/7.0/Packs/atmel/ATmega_DFP/1.2.209/gcc/dev/atmega32/avr5/crtatmega32.o
 .debug_abbrev  0x000004a3      0x16e main.o
 .debug_abbrev  0x00000611      0x125 src/accumulator.o
 .debug_abbrev  0x00000736      0x12a src/adc.o
 .debug_abbrev  0x00000860      0x18c src/but.o
 .debug_abbrev  0x000009ec       0xf1 src/buz.o
 .debug_abbrev  0x00000add      0x333 src/dark_menu.o
 .debug_abbrev  0x00000e10      0x1d3 src/dcmotorpwm.o
 .debug_abbrev  0x00000fe3      0x1b0 src/disp.o
 .debug_abbrev  0x00001193      0x20f src/display_d.o
 .debug_abbrev  0x000013a2       0x8b src/eeprom.o
 .debug_abbrev  0x0000142d      0x273 src/error_siewnik.o
 .debug_abbrev  0x000016a0      0x230 src/measure.o
 .debug_abbrev  0x000018d0       0xce src/mem.o
 .debug_abbrev  0x0000199e      0x226 src/servo.o
 .debug_abbrev  0x00001bc4      0x1d3 src/system.o
 .debug_abbrev  0x00001d97      0x201 src/tim.o
 .debug_abbrev  0x00001f98      0x197 src/usart.o

.debug_line     0x00000000     0x3d8f
 *(.debug_line .debug_line.* .debug_line_end)
 .debug_line    0x00000000      0x115 C:/Program Files (x86)/Atmel/Studio/7.0/Packs/atmel/ATmega_DFP/1.2.209/gcc/dev/atmega32/avr5/crtatmega32.o
 .debug_line    0x00000115      0x2f9 main.o
 .debug_line    0x0000040e      0x217 src/accumulator.o
 .debug_line    0x00000625      0x1b0 src/adc.o
 .debug_line    0x000007d5      0x3cf src/but.o
 .debug_line    0x00000ba4      0x12f src/buz.o
 .debug_line    0x00000cd3      0x5ab src/dark_menu.o
 .debug_line    0x0000127e      0x380 src/dcmotorpwm.o
 .debug_line    0x000015fe      0x606 src/disp.o
 .debug_line    0x00001c04      0x4d8 src/display_d.o
 .debug_line    0x000020dc       0xf3 src/eeprom.o
 .debug_line    0x000021cf      0x4c4 src/error_siewnik.o
 .debug_line    0x00002693      0x35c src/measure.o
 .debug_line    0x000029ef      0x193 src/mem.o
 .debug_line    0x00002b82      0x45e src/servo.o
 .debug_line    0x00002fe0      0x780 src/system.o
 .debug_line    0x00003760      0x27f src/tim.o
 .debug_line    0x000039df      0x3b0 src/usart.o

.debug_frame    0x00000000      0xef4
 *(.debug_frame)
 .debug_frame   0x00000000       0x70 main.o
 .debug_frame   0x00000070       0x58 src/accumulator.o
 .debug_frame   0x000000c8       0xbc src/adc.o
 .debug_frame   0x00000184       0x88 src/but.o
 .debug_frame   0x0000020c       0x34 src/buz.o
 .debug_frame   0x00000240      0x1dc src/dark_menu.o
 .debug_frame   0x0000041c      0x138 src/dcmotorpwm.o
 .debug_frame   0x00000554       0xc8 src/disp.o
 .debug_frame   0x0000061c       0xd8 src/display_d.o
 .debug_frame   0x000006f4       0x34 src/eeprom.o
 .debug_frame   0x00000728      0x11c src/error_siewnik.o
 .debug_frame   0x00000844       0xe8 src/measure.o
 .debug_frame   0x0000092c       0x6c src/mem.o
 .debug_frame   0x00000998      0x18c src/servo.o
 .debug_frame   0x00000b24      0x184 src/system.o
 .debug_frame   0x00000ca8      0x12c src/tim.o
 .debug_frame   0x00000dd4      0x120 src/usart.o

.debug_str      0x00000000     0x1d9f
 *(.debug_str)
 .debug_str     0x00000000      0x196 C:/Program Files (x86)/Atmel/Studio/7.0/Packs/atmel/ATmega_DFP/1.2.209/gcc/dev/atmega32/avr5/crtatmega32.o
 .debug_str     0x00000196      0x3a0 main.o
                                0x3f8 (size before relaxing)
 .debug_str     0x00000536      0x134 src/accumulator.o
                                0x334 (size before relaxing)
 .debug_str     0x0000066a       0xb7 src/adc.o
                                0x23b (size before relaxing)
 .debug_str     0x00000721       0xde src/but.o
                                0x29b (size before relaxing)
 .debug_str     0x000007ff      0x2c7 src/buz.o
                                0x473 (size before relaxing)
 .debug_str     0x00000ac6      0x447 src/dark_menu.o
                                0x7c9 (size before relaxing)
 .debug_str     0x00000f0d      0x1a9 src/dcmotorpwm.o
                                0x500 (size before relaxing)
 .debug_str     0x000010b6       0x9d src/disp.o
                                0x2b6 (size before relaxing)
 .debug_str     0x00001153      0x1f0 src/display_d.o
                                0x55a (size before relaxing)
 .debug_str     0x00001343       0x75 src/eeprom.o
                                0x198 (size before relaxing)
 .debug_str     0x000013b8      0x2cb src/error_siewnik.o
                                0x8f7 (size before relaxing)
 .debug_str     0x00001683      0x140 src/measure.o
                                0x443 (size before relaxing)
 .debug_str     0x000017c3       0x2f src/mem.o
                                0x237 (size before relaxing)
 .debug_str     0x000017f2      0x13d src/servo.o
                                0x52a (size before relaxing)
 .debug_str     0x0000192f      0x2a9 src/system.o
                                0x92e (size before relaxing)
 .debug_str     0x00001bd8       0x7e src/tim.o
                                0x300 (size before relaxing)
 .debug_str     0x00001c56      0x149 src/usart.o
                                0x2cc (size before relaxing)

.debug_loc      0x00000000     0x2ca1
 *(.debug_loc)
 .debug_loc     0x00000000       0x9c main.o
 .debug_loc     0x0000009c       0x49 src/accumulator.o
 .debug_loc     0x000000e5      0x26d src/adc.o
 .debug_loc     0x00000352       0xf9 src/but.o
 .debug_loc     0x0000044b      0x68c src/dark_menu.o
 .debug_loc     0x00000ad7      0x1db src/dcmotorpwm.o
 .debug_loc     0x00000cb2      0x1c5 src/disp.o
 .debug_loc     0x00000e77      0x210 src/display_d.o
 .debug_loc     0x00001087       0x24 src/eeprom.o
 .debug_loc     0x000010ab      0x3d7 src/error_siewnik.o
 .debug_loc     0x00001482      0x43e src/measure.o
 .debug_loc     0x000018c0      0x3ed src/mem.o
 .debug_loc     0x00001cad      0x4d7 src/servo.o
 .debug_loc     0x00002184      0x23a src/system.o
 .debug_loc     0x000023be      0x3c8 src/tim.o
 .debug_loc     0x00002786      0x51b src/usart.o

.debug_macinfo
 *(.debug_macinfo)

.debug_weaknames
 *(.debug_weaknames)

.debug_funcnames
 *(.debug_funcnames)

.debug_typenames
 *(.debug_typenames)

.debug_varnames
 *(.debug_varnames)

.debug_pubtypes
 *(.debug_pubtypes)

.debug_ranges   0x00000000      0x578
 *(.debug_ranges)
 .debug_ranges  0x00000000       0x28 main.o
 .debug_ranges  0x00000028       0x20 src/accumulator.o
 .debug_ranges  0x00000048       0x48 src/adc.o
 .debug_ranges  0x00000090       0x30 src/but.o
 .debug_ranges  0x000000c0       0x18 src/buz.o
 .debug_ranges  0x000000d8       0xb0 src/dark_menu.o
 .debug_ranges  0x00000188       0x70 src/dcmotorpwm.o
 .debug_ranges  0x000001f8       0x48 src/disp.o
 .debug_ranges  0x00000240       0x60 src/display_d.o
 .debug_ranges  0x000002a0       0x18 src/eeprom.o
 .debug_ranges  0x000002b8       0x48 src/error_siewnik.o
 .debug_ranges  0x00000300       0x40 src/measure.o
 .debug_ranges  0x00000340       0x48 src/mem.o
 .debug_ranges  0x00000388       0x70 src/servo.o
 .debug_ranges  0x000003f8       0xc0 src/system.o
 .debug_ranges  0x000004b8       0x50 src/tim.o
 .debug_ranges  0x00000508       0x70 src/usart.o

.debug_macro
 *(.debug_macro)
OUTPUT(nowy_sterownik.elf elf32-avr)
LOAD linker stubs
