Archive member included to satisfy reference by file (symbol)

c:/program files (x86)/atmel/studio/7.0/toolchain/avr8/avr8-gnu-toolchain/bin/../lib/gcc/avr/5.4.0/../../../../avr/lib/avr5\libm.a(addsf3.o)
                              src/error.o (__subsf3)
c:/program files (x86)/atmel/studio/7.0/toolchain/avr8/avr8-gnu-toolchain/bin/../lib/gcc/avr/5.4.0/../../../../avr/lib/avr5\libm.a(addsf3x.o)
                              c:/program files (x86)/atmel/studio/7.0/toolchain/avr8/avr8-gnu-toolchain/bin/../lib/gcc/avr/5.4.0/../../../../avr/lib/avr5\libm.a(addsf3.o) (__addsf3x)
c:/program files (x86)/atmel/studio/7.0/toolchain/avr8/avr8-gnu-toolchain/bin/../lib/gcc/avr/5.4.0/../../../../avr/lib/avr5\libm.a(cmpsf2.o)
                              src/error.o (__ltsf2)
c:/program files (x86)/atmel/studio/7.0/toolchain/avr8/avr8-gnu-toolchain/bin/../lib/gcc/avr/5.4.0/../../../../avr/lib/avr5\libm.a(divsf3.o)
                              src/error.o (__divsf3)
c:/program files (x86)/atmel/studio/7.0/toolchain/avr8/avr8-gnu-toolchain/bin/../lib/gcc/avr/5.4.0/../../../../avr/lib/avr5\libm.a(divsf3x.o)
                              c:/program files (x86)/atmel/studio/7.0/toolchain/avr8/avr8-gnu-toolchain/bin/../lib/gcc/avr/5.4.0/../../../../avr/lib/avr5\libm.a(divsf3.o) (__divsf3x)
c:/program files (x86)/atmel/studio/7.0/toolchain/avr8/avr8-gnu-toolchain/bin/../lib/gcc/avr/5.4.0/../../../../avr/lib/avr5\libm.a(fixsfsi.o)
                              src/display_d.o (__fixsfsi)
c:/program files (x86)/atmel/studio/7.0/toolchain/avr8/avr8-gnu-toolchain/bin/../lib/gcc/avr/5.4.0/../../../../avr/lib/avr5\libm.a(fixunssfsi.o)
                              src/error.o (__fixunssfsi)
c:/program files (x86)/atmel/studio/7.0/toolchain/avr8/avr8-gnu-toolchain/bin/../lib/gcc/avr/5.4.0/../../../../avr/lib/avr5\libm.a(floatsisf.o)
                              src/accumulator.o (__floatunsisf)
c:/program files (x86)/atmel/studio/7.0/toolchain/avr8/avr8-gnu-toolchain/bin/../lib/gcc/avr/5.4.0/../../../../avr/lib/avr5\libm.a(fp_cmp.o)
                              c:/program files (x86)/atmel/studio/7.0/toolchain/avr8/avr8-gnu-toolchain/bin/../lib/gcc/avr/5.4.0/../../../../avr/lib/avr5\libm.a(cmpsf2.o) (__fp_cmp)
c:/program files (x86)/atmel/studio/7.0/toolchain/avr8/avr8-gnu-toolchain/bin/../lib/gcc/avr/5.4.0/../../../../avr/lib/avr5\libm.a(fp_inf.o)
                              c:/program files (x86)/atmel/studio/7.0/toolchain/avr8/avr8-gnu-toolchain/bin/../lib/gcc/avr/5.4.0/../../../../avr/lib/avr5\libm.a(addsf3x.o) (__fp_inf)
c:/program files (x86)/atmel/studio/7.0/toolchain/avr8/avr8-gnu-toolchain/bin/../lib/gcc/avr/5.4.0/../../../../avr/lib/avr5\libm.a(fp_nan.o)
                              c:/program files (x86)/atmel/studio/7.0/toolchain/avr8/avr8-gnu-toolchain/bin/../lib/gcc/avr/5.4.0/../../../../avr/lib/avr5\libm.a(addsf3x.o) (__fp_nan)
c:/program files (x86)/atmel/studio/7.0/toolchain/avr8/avr8-gnu-toolchain/bin/../lib/gcc/avr/5.4.0/../../../../avr/lib/avr5\libm.a(fp_pscA.o)
                              c:/program files (x86)/atmel/studio/7.0/toolchain/avr8/avr8-gnu-toolchain/bin/../lib/gcc/avr/5.4.0/../../../../avr/lib/avr5\libm.a(addsf3x.o) (__fp_pscA)
c:/program files (x86)/atmel/studio/7.0/toolchain/avr8/avr8-gnu-toolchain/bin/../lib/gcc/avr/5.4.0/../../../../avr/lib/avr5\libm.a(fp_pscB.o)
                              c:/program files (x86)/atmel/studio/7.0/toolchain/avr8/avr8-gnu-toolchain/bin/../lib/gcc/avr/5.4.0/../../../../avr/lib/avr5\libm.a(addsf3x.o) (__fp_pscB)
c:/program files (x86)/atmel/studio/7.0/toolchain/avr8/avr8-gnu-toolchain/bin/../lib/gcc/avr/5.4.0/../../../../avr/lib/avr5\libm.a(fp_round.o)
                              c:/program files (x86)/atmel/studio/7.0/toolchain/avr8/avr8-gnu-toolchain/bin/../lib/gcc/avr/5.4.0/../../../../avr/lib/avr5\libm.a(addsf3.o) (__fp_round)
c:/program files (x86)/atmel/studio/7.0/toolchain/avr8/avr8-gnu-toolchain/bin/../lib/gcc/avr/5.4.0/../../../../avr/lib/avr5\libm.a(fp_split3.o)
                              c:/program files (x86)/atmel/studio/7.0/toolchain/avr8/avr8-gnu-toolchain/bin/../lib/gcc/avr/5.4.0/../../../../avr/lib/avr5\libm.a(addsf3x.o) (__fp_split3)
c:/program files (x86)/atmel/studio/7.0/toolchain/avr8/avr8-gnu-toolchain/bin/../lib/gcc/avr/5.4.0/../../../../avr/lib/avr5\libm.a(fp_zero.o)
                              c:/program files (x86)/atmel/studio/7.0/toolchain/avr8/avr8-gnu-toolchain/bin/../lib/gcc/avr/5.4.0/../../../../avr/lib/avr5\libm.a(addsf3x.o) (__fp_zero)
c:/program files (x86)/atmel/studio/7.0/toolchain/avr8/avr8-gnu-toolchain/bin/../lib/gcc/avr/5.4.0/../../../../avr/lib/avr5\libm.a(mulsf3.o)
                              src/accumulator.o (__mulsf3)
c:/program files (x86)/atmel/studio/7.0/toolchain/avr8/avr8-gnu-toolchain/bin/../lib/gcc/avr/5.4.0/../../../../avr/lib/avr5\libm.a(mulsf3x.o)
                              c:/program files (x86)/atmel/studio/7.0/toolchain/avr8/avr8-gnu-toolchain/bin/../lib/gcc/avr/5.4.0/../../../../avr/lib/avr5\libm.a(mulsf3.o) (__mulsf3x)
c:/program files (x86)/atmel/studio/7.0/toolchain/avr8/avr8-gnu-toolchain/bin/../lib/gcc/avr/5.4.0/avr5\libgcc.a(_divmodhi4.o)
                              src/dcmotorpwm.o (__divmodhi4)
c:/program files (x86)/atmel/studio/7.0/toolchain/avr8/avr8-gnu-toolchain/bin/../lib/gcc/avr/5.4.0/avr5\libgcc.a(_divmodsi4.o)
                              src/adc.o (__divmodsi4)
c:/program files (x86)/atmel/studio/7.0/toolchain/avr8/avr8-gnu-toolchain/bin/../lib/gcc/avr/5.4.0/avr5\libgcc.a(_negsi2.o)
                              c:/program files (x86)/atmel/studio/7.0/toolchain/avr8/avr8-gnu-toolchain/bin/../lib/gcc/avr/5.4.0/avr5\libgcc.a(_divmodsi4.o) (__negsi2)
c:/program files (x86)/atmel/studio/7.0/toolchain/avr8/avr8-gnu-toolchain/bin/../lib/gcc/avr/5.4.0/avr5\libgcc.a(_exit.o)
                              C:/Program Files (x86)/Atmel/Studio/7.0/Packs/atmel/ATmega_DFP/1.2.209/gcc/dev/atmega32/avr5/crtatmega32.o (exit)
c:/program files (x86)/atmel/studio/7.0/toolchain/avr8/avr8-gnu-toolchain/bin/../lib/gcc/avr/5.4.0/avr5\libgcc.a(_tablejump2.o)
                              src/disp.o (__tablejump2__)
c:/program files (x86)/atmel/studio/7.0/toolchain/avr8/avr8-gnu-toolchain/bin/../lib/gcc/avr/5.4.0/avr5\libgcc.a(_copy_data.o)
                              main.o (__do_copy_data)
c:/program files (x86)/atmel/studio/7.0/toolchain/avr8/avr8-gnu-toolchain/bin/../lib/gcc/avr/5.4.0/avr5\libgcc.a(_clear_bss.o)
                              main.o (__do_clear_bss)
c:/program files (x86)/atmel/studio/7.0/toolchain/avr8/avr8-gnu-toolchain/bin/../lib/gcc/avr/5.4.0/avr5\libgcc.a(_umulhisi3.o)
                              src/disp.o (__umulhisi3)
c:/program files (x86)/atmel/studio/7.0/toolchain/avr8/avr8-gnu-toolchain/bin/../lib/gcc/avr/5.4.0/avr5\libgcc.a(_udivmodhi4.o)
                              c:/program files (x86)/atmel/studio/7.0/toolchain/avr8/avr8-gnu-toolchain/bin/../lib/gcc/avr/5.4.0/avr5\libgcc.a(_divmodhi4.o) (__udivmodhi4)
c:/program files (x86)/atmel/studio/7.0/toolchain/avr8/avr8-gnu-toolchain/bin/../lib/gcc/avr/5.4.0/avr5\libgcc.a(_udivmodsi4.o)
                              c:/program files (x86)/atmel/studio/7.0/toolchain/avr8/avr8-gnu-toolchain/bin/../lib/gcc/avr/5.4.0/avr5\libgcc.a(_divmodsi4.o) (__udivmodsi4)
c:/program files (x86)/atmel/studio/7.0/toolchain/avr8/avr8-gnu-toolchain/bin/../lib/gcc/avr/5.4.0/../../../../avr/lib/avr5\libc.a(vsprintf.o)
                              main.o (vsprintf)
c:/program files (x86)/atmel/studio/7.0/toolchain/avr8/avr8-gnu-toolchain/bin/../lib/gcc/avr/5.4.0/../../../../avr/lib/avr5\libc.a(vfprintf_std.o)
                              c:/program files (x86)/atmel/studio/7.0/toolchain/avr8/avr8-gnu-toolchain/bin/../lib/gcc/avr/5.4.0/../../../../avr/lib/avr5\libc.a(vsprintf.o) (vfprintf)
c:/program files (x86)/atmel/studio/7.0/toolchain/avr8/avr8-gnu-toolchain/bin/../lib/gcc/avr/5.4.0/../../../../avr/lib/avr5\libc.a(strnlen_P.o)
                              c:/program files (x86)/atmel/studio/7.0/toolchain/avr8/avr8-gnu-toolchain/bin/../lib/gcc/avr/5.4.0/../../../../avr/lib/avr5\libc.a(vfprintf_std.o) (strnlen_P)
c:/program files (x86)/atmel/studio/7.0/toolchain/avr8/avr8-gnu-toolchain/bin/../lib/gcc/avr/5.4.0/../../../../avr/lib/avr5\libc.a(strnlen.o)
                              c:/program files (x86)/atmel/studio/7.0/toolchain/avr8/avr8-gnu-toolchain/bin/../lib/gcc/avr/5.4.0/../../../../avr/lib/avr5\libc.a(vfprintf_std.o) (strnlen)
c:/program files (x86)/atmel/studio/7.0/toolchain/avr8/avr8-gnu-toolchain/bin/../lib/gcc/avr/5.4.0/../../../../avr/lib/avr5\libc.a(fputc.o)
                              c:/program files (x86)/atmel/studio/7.0/toolchain/avr8/avr8-gnu-toolchain/bin/../lib/gcc/avr/5.4.0/../../../../avr/lib/avr5\libc.a(vfprintf_std.o) (fputc)
c:/program files (x86)/atmel/studio/7.0/toolchain/avr8/avr8-gnu-toolchain/bin/../lib/gcc/avr/5.4.0/../../../../avr/lib/avr5\libc.a(ultoa_invert.o)
                              c:/program files (x86)/atmel/studio/7.0/toolchain/avr8/avr8-gnu-toolchain/bin/../lib/gcc/avr/5.4.0/../../../../avr/lib/avr5\libc.a(vfprintf_std.o) (__ultoa_invert)
c:/program files (x86)/atmel/studio/7.0/toolchain/avr8/avr8-gnu-toolchain/bin/../lib/gcc/avr/5.4.0/avr5\libgcc.a(_prologue.o)
                              c:/program files (x86)/atmel/studio/7.0/toolchain/avr8/avr8-gnu-toolchain/bin/../lib/gcc/avr/5.4.0/../../../../avr/lib/avr5\libc.a(vsprintf.o) (__prologue_saves__)
c:/program files (x86)/atmel/studio/7.0/toolchain/avr8/avr8-gnu-toolchain/bin/../lib/gcc/avr/5.4.0/avr5\libgcc.a(_epilogue.o)
                              c:/program files (x86)/atmel/studio/7.0/toolchain/avr8/avr8-gnu-toolchain/bin/../lib/gcc/avr/5.4.0/../../../../avr/lib/avr5\libc.a(vsprintf.o) (__epilogue_restores__)

Allocating common symbols
Common symbol       size              file

system_events       0x2               main.o
motor_value         0x1               main.o
mem_last_save       0x2               src/system.o
servoD              0xa               src/servo.o
disp1_last_state    0x1               src/display_d.o
led_blink           0x1               src/error_siewnik.o
segment2            0x5               src/disp.o
segment1            0x5               src/disp.o
servo_vibro_value   0x1               main.o
button9             0xf               src/but.o
button10            0xf               src/but.o
DispD3              0x2               src/disp.o
button5             0xf               src/but.o
button4             0xf               src/but.o
debug_buff          0x40              main.o
timer_button        0x4               src/but.o
mktime              0x6               src/tim.o
button2             0xf               src/but.o
DispD1              0x2               src/disp.o
button3             0xf               src/but.o
motorD              0xa               src/dcmotorpwm.o
button6             0xf               src/but.o
button1             0xf               src/but.o
disp_tab            0x8               src/disp.o
DispD4              0x2               src/disp.o
disp2_last_state    0x1               src/display_d.o
mem_save_prog       0x2               src/system.o
button7             0xf               src/but.o
DispD2              0x2               src/disp.o
button8             0xf               src/but.o

Discarded input sections

 .data          0x00000000        0x0 C:/Program Files (x86)/Atmel/Studio/7.0/Packs/atmel/ATmega_DFP/1.2.209/gcc/dev/atmega32/avr5/crtatmega32.o
 .bss           0x00000000        0x0 C:/Program Files (x86)/Atmel/Studio/7.0/Packs/atmel/ATmega_DFP/1.2.209/gcc/dev/atmega32/avr5/crtatmega32.o
 .text          0x00000000        0x0 main.o
 .data          0x00000000        0x0 main.o
 .bss           0x00000000        0x0 main.o
 .text          0x00000000        0x0 src/accumulator.o
 .data          0x00000000        0x0 src/accumulator.o
 .bss           0x00000000        0x0 src/accumulator.o
 .text          0x00000000        0x0 src/adc.o
 .data          0x00000000        0x0 src/adc.o
 .bss           0x00000000        0x0 src/adc.o
 .text.adc_init
                0x00000000       0x14 src/adc.o
 .text.acd_getrealvref
                0x00000000        0x8 src/adc.o
 .text.adc_getresistence
                0x00000000       0x50 src/adc.o
 .text.adc_getvoltage
                0x00000000       0x40 src/adc.o
 .text.adc_emafilter
                0x00000000       0x32 src/adc.o
 .text          0x00000000        0x0 src/but.o
 .data          0x00000000        0x0 src/but.o
 .bss           0x00000000        0x0 src/but.o
 .text.test_fnc
                0x00000000        0x2 src/but.o
 .text          0x00000000        0x0 src/buz.o
 .data          0x00000000        0x0 src/buz.o
 .bss           0x00000000        0x0 src/buz.o
 .text          0x00000000        0x0 src/dark_menu.o
 .data          0x00000000        0x0 src/dark_menu.o
 .bss           0x00000000        0x0 src/dark_menu.o
 .debug_info    0x00000000       0x56 src/dark_menu.o
 .debug_abbrev  0x00000000       0x26 src/dark_menu.o
 .debug_aranges
                0x00000000       0x18 src/dark_menu.o
 .debug_line    0x00000000       0x1a src/dark_menu.o
 .debug_str     0x00000000      0x165 src/dark_menu.o
 .comment       0x00000000       0x31 src/dark_menu.o
 .text          0x00000000        0x0 src/dcmotorpwm.o
 .data          0x00000000        0x0 src/dcmotorpwm.o
 .bss           0x00000000        0x0 src/dcmotorpwm.o
 .text.dcmotor_set_pwm
                0x00000000        0xa src/dcmotorpwm.o
 .text          0x00000000        0x0 src/disp.o
 .data          0x00000000        0x0 src/disp.o
 .bss           0x00000000        0x0 src/disp.o
 .text          0x00000000        0x0 src/display_d.o
 .data          0x00000000        0x0 src/display_d.o
 .bss           0x00000000        0x0 src/display_d.o
 .text.dip_get_value
                0x00000000       0x1a src/display_d.o
 .text.display_set_blink
                0x00000000       0x34 src/display_d.o
 .text          0x00000000        0x0 src/eeprom.o
 .data          0x00000000        0x0 src/eeprom.o
 .bss           0x00000000        0x0 src/eeprom.o
 .text          0x00000000        0x0 src/error.o
 .data          0x00000000        0x0 src/error.o
 .bss           0x00000000        0x0 src/error.o
 .text.count_error
                0x00000000      0x2c4 src/error.o
 .debug_info    0x00000000       0xf0 src/error.o
 .debug_abbrev  0x00000000       0xa7 src/error.o
 .debug_loc     0x00000000      0x236 src/error.o
 .debug_aranges
                0x00000000       0x20 src/error.o
 .debug_ranges  0x00000000       0x10 src/error.o
 .debug_line    0x00000000      0x120 src/error.o
 .debug_str     0x00000000      0x1be src/error.o
 .comment       0x00000000       0x31 src/error.o
 .debug_frame   0x00000000       0x44 src/error.o
 .text          0x00000000        0x0 src/error_siewnik.o
 .data          0x00000000        0x0 src/error_siewnik.o
 .bss           0x00000000        0x0 src/error_siewnik.o
 .text.errorGetMotorVal
                0x00000000        0xa src/error_siewnik.o
 .text.get_calibration_value
                0x00000000        0x6 src/error_siewnik.o
 .text          0x00000000        0x0 src/error_solarka.o
 .data          0x00000000        0x0 src/error_solarka.o
 .bss           0x00000000        0x0 src/error_solarka.o
 .debug_info    0x00000000       0x64 src/error_solarka.o
 .debug_abbrev  0x00000000       0x26 src/error_solarka.o
 .debug_aranges
                0x00000000       0x18 src/error_solarka.o
 .debug_line    0x00000000       0x1a src/error_solarka.o
 .debug_str     0x00000000      0x177 src/error_solarka.o
 .comment       0x00000000       0x31 src/error_solarka.o
 .text          0x00000000        0x0 src/measure.o
 .data          0x00000000        0x0 src/measure.o
 .bss           0x00000000        0x0 src/measure.o
 .text.measure_get_value
                0x00000000       0x32 src/measure.o
 .text          0x00000000        0x0 src/mem.o
 .data          0x00000000        0x0 src/mem.o
 .bss           0x00000000        0x0 src/mem.o
 .text          0x00000000        0x0 src/servo.o
 .data          0x00000000        0x0 src/servo.o
 .bss           0x00000000        0x0 src/servo.o
 .text.servo_try_reset_timeout
                0x00000000        0xe src/servo.o
 .text          0x00000000        0x0 src/system.o
 .data          0x00000000        0x0 src/system.o
 .bss           0x00000000        0x0 src/system.o
 .text          0x00000000        0x0 src/tim.o
 .data          0x00000000        0x0 src/tim.o
 .bss           0x00000000        0x0 src/tim.o
 .text.evTime_is_stated
                0x00000000       0x14 src/tim.o
 .text.evTime_time_to_end
                0x00000000       0x52 src/tim.o
 .text          0x00000000        0x0 src/usart.o
 .data          0x00000000        0x0 src/usart.o
 .bss           0x00000000        0x0 src/usart.o
 .text.uart0_init
                0x00000000       0x2c src/usart.o
 .text.uart0_getc
                0x00000000       0x3c src/usart.o
 .text.uart0_peek
                0x00000000       0x34 src/usart.o
 .text.uart0_putc
                0x00000000       0x2a src/usart.o
 .text.uart0_puts
                0x00000000       0x1e src/usart.o
 .text.uart0_puts_p
                0x00000000       0x24 src/usart.o
 .text.uart0_available
                0x00000000       0x14 src/usart.o
 .text.uart0_flush
                0x00000000        0xe src/usart.o
 .text          0x00000000        0x0 src/vibro.o
 .data          0x00000000        0x0 src/vibro.o
 .bss           0x00000000        0x0 src/vibro.o
 .debug_info    0x00000000       0x56 src/vibro.o
 .debug_abbrev  0x00000000       0x26 src/vibro.o
 .debug_aranges
                0x00000000       0x18 src/vibro.o
 .debug_line    0x00000000       0x1a src/vibro.o
 .debug_str     0x00000000      0x161 src/vibro.o
 .comment       0x00000000       0x31 src/vibro.o
 .text          0x00000000        0x0 c:/program files (x86)/atmel/studio/7.0/toolchain/avr8/avr8-gnu-toolchain/bin/../lib/gcc/avr/5.4.0/../../../../avr/lib/avr5\libm.a(addsf3.o)
 .data          0x00000000        0x0 c:/program files (x86)/atmel/studio/7.0/toolchain/avr8/avr8-gnu-toolchain/bin/../lib/gcc/avr/5.4.0/../../../../avr/lib/avr5\libm.a(addsf3.o)
 .bss           0x00000000        0x0 c:/program files (x86)/atmel/studio/7.0/toolchain/avr8/avr8-gnu-toolchain/bin/../lib/gcc/avr/5.4.0/../../../../avr/lib/avr5\libm.a(addsf3.o)
 .text          0x00000000        0x0 c:/program files (x86)/atmel/studio/7.0/toolchain/avr8/avr8-gnu-toolchain/bin/../lib/gcc/avr/5.4.0/../../../../avr/lib/avr5\libm.a(addsf3x.o)
 .data          0x00000000        0x0 c:/program files (x86)/atmel/studio/7.0/toolchain/avr8/avr8-gnu-toolchain/bin/../lib/gcc/avr/5.4.0/../../../../avr/lib/avr5\libm.a(addsf3x.o)
 .bss           0x00000000        0x0 c:/program files (x86)/atmel/studio/7.0/toolchain/avr8/avr8-gnu-toolchain/bin/../lib/gcc/avr/5.4.0/../../../../avr/lib/avr5\libm.a(addsf3x.o)
 .text          0x00000000        0x0 c:/program files (x86)/atmel/studio/7.0/toolchain/avr8/avr8-gnu-toolchain/bin/../lib/gcc/avr/5.4.0/../../../../avr/lib/avr5\libm.a(cmpsf2.o)
 .data          0x00000000        0x0 c:/program files (x86)/atmel/studio/7.0/toolchain/avr8/avr8-gnu-toolchain/bin/../lib/gcc/avr/5.4.0/../../../../avr/lib/avr5\libm.a(cmpsf2.o)
 .bss           0x00000000        0x0 c:/program files (x86)/atmel/studio/7.0/toolchain/avr8/avr8-gnu-toolchain/bin/../lib/gcc/avr/5.4.0/../../../../avr/lib/avr5\libm.a(cmpsf2.o)
 .text          0x00000000        0x0 c:/program files (x86)/atmel/studio/7.0/toolchain/avr8/avr8-gnu-toolchain/bin/../lib/gcc/avr/5.4.0/../../../../avr/lib/avr5\libm.a(divsf3.o)
 .data          0x00000000        0x0 c:/program files (x86)/atmel/studio/7.0/toolchain/avr8/avr8-gnu-toolchain/bin/../lib/gcc/avr/5.4.0/../../../../avr/lib/avr5\libm.a(divsf3.o)
 .bss           0x00000000        0x0 c:/program files (x86)/atmel/studio/7.0/toolchain/avr8/avr8-gnu-toolchain/bin/../lib/gcc/avr/5.4.0/../../../../avr/lib/avr5\libm.a(divsf3.o)
 .text          0x00000000        0x0 c:/program files (x86)/atmel/studio/7.0/toolchain/avr8/avr8-gnu-toolchain/bin/../lib/gcc/avr/5.4.0/../../../../avr/lib/avr5\libm.a(divsf3x.o)
 .data          0x00000000        0x0 c:/program files (x86)/atmel/studio/7.0/toolchain/avr8/avr8-gnu-toolchain/bin/../lib/gcc/avr/5.4.0/../../../../avr/lib/avr5\libm.a(divsf3x.o)
 .bss           0x00000000        0x0 c:/program files (x86)/atmel/studio/7.0/toolchain/avr8/avr8-gnu-toolchain/bin/../lib/gcc/avr/5.4.0/../../../../avr/lib/avr5\libm.a(divsf3x.o)
 .text          0x00000000        0x0 c:/program files (x86)/atmel/studio/7.0/toolchain/avr8/avr8-gnu-toolchain/bin/../lib/gcc/avr/5.4.0/../../../../avr/lib/avr5\libm.a(fixsfsi.o)
 .data          0x00000000        0x0 c:/program files (x86)/atmel/studio/7.0/toolchain/avr8/avr8-gnu-toolchain/bin/../lib/gcc/avr/5.4.0/../../../../avr/lib/avr5\libm.a(fixsfsi.o)
 .bss           0x00000000        0x0 c:/program files (x86)/atmel/studio/7.0/toolchain/avr8/avr8-gnu-toolchain/bin/../lib/gcc/avr/5.4.0/../../../../avr/lib/avr5\libm.a(fixsfsi.o)
 .text          0x00000000        0x0 c:/program files (x86)/atmel/studio/7.0/toolchain/avr8/avr8-gnu-toolchain/bin/../lib/gcc/avr/5.4.0/../../../../avr/lib/avr5\libm.a(fixunssfsi.o)
 .data          0x00000000        0x0 c:/program files (x86)/atmel/studio/7.0/toolchain/avr8/avr8-gnu-toolchain/bin/../lib/gcc/avr/5.4.0/../../../../avr/lib/avr5\libm.a(fixunssfsi.o)
 .bss           0x00000000        0x0 c:/program files (x86)/atmel/studio/7.0/toolchain/avr8/avr8-gnu-toolchain/bin/../lib/gcc/avr/5.4.0/../../../../avr/lib/avr5\libm.a(fixunssfsi.o)
 .text          0x00000000        0x0 c:/program files (x86)/atmel/studio/7.0/toolchain/avr8/avr8-gnu-toolchain/bin/../lib/gcc/avr/5.4.0/../../../../avr/lib/avr5\libm.a(floatsisf.o)
 .data          0x00000000        0x0 c:/program files (x86)/atmel/studio/7.0/toolchain/avr8/avr8-gnu-toolchain/bin/../lib/gcc/avr/5.4.0/../../../../avr/lib/avr5\libm.a(floatsisf.o)
 .bss           0x00000000        0x0 c:/program files (x86)/atmel/studio/7.0/toolchain/avr8/avr8-gnu-toolchain/bin/../lib/gcc/avr/5.4.0/../../../../avr/lib/avr5\libm.a(floatsisf.o)
 .text          0x00000000        0x0 c:/program files (x86)/atmel/studio/7.0/toolchain/avr8/avr8-gnu-toolchain/bin/../lib/gcc/avr/5.4.0/../../../../avr/lib/avr5\libm.a(fp_cmp.o)
 .data          0x00000000        0x0 c:/program files (x86)/atmel/studio/7.0/toolchain/avr8/avr8-gnu-toolchain/bin/../lib/gcc/avr/5.4.0/../../../../avr/lib/avr5\libm.a(fp_cmp.o)
 .bss           0x00000000        0x0 c:/program files (x86)/atmel/studio/7.0/toolchain/avr8/avr8-gnu-toolchain/bin/../lib/gcc/avr/5.4.0/../../../../avr/lib/avr5\libm.a(fp_cmp.o)
 .text          0x00000000        0x0 c:/program files (x86)/atmel/studio/7.0/toolchain/avr8/avr8-gnu-toolchain/bin/../lib/gcc/avr/5.4.0/../../../../avr/lib/avr5\libm.a(fp_inf.o)
 .data          0x00000000        0x0 c:/program files (x86)/atmel/studio/7.0/toolchain/avr8/avr8-gnu-toolchain/bin/../lib/gcc/avr/5.4.0/../../../../avr/lib/avr5\libm.a(fp_inf.o)
 .bss           0x00000000        0x0 c:/program files (x86)/atmel/studio/7.0/toolchain/avr8/avr8-gnu-toolchain/bin/../lib/gcc/avr/5.4.0/../../../../avr/lib/avr5\libm.a(fp_inf.o)
 .text          0x00000000        0x0 c:/program files (x86)/atmel/studio/7.0/toolchain/avr8/avr8-gnu-toolchain/bin/../lib/gcc/avr/5.4.0/../../../../avr/lib/avr5\libm.a(fp_nan.o)
 .data          0x00000000        0x0 c:/program files (x86)/atmel/studio/7.0/toolchain/avr8/avr8-gnu-toolchain/bin/../lib/gcc/avr/5.4.0/../../../../avr/lib/avr5\libm.a(fp_nan.o)
 .bss           0x00000000        0x0 c:/program files (x86)/atmel/studio/7.0/toolchain/avr8/avr8-gnu-toolchain/bin/../lib/gcc/avr/5.4.0/../../../../avr/lib/avr5\libm.a(fp_nan.o)
 .text          0x00000000        0x0 c:/program files (x86)/atmel/studio/7.0/toolchain/avr8/avr8-gnu-toolchain/bin/../lib/gcc/avr/5.4.0/../../../../avr/lib/avr5\libm.a(fp_pscA.o)
 .data          0x00000000        0x0 c:/program files (x86)/atmel/studio/7.0/toolchain/avr8/avr8-gnu-toolchain/bin/../lib/gcc/avr/5.4.0/../../../../avr/lib/avr5\libm.a(fp_pscA.o)
 .bss           0x00000000        0x0 c:/program files (x86)/atmel/studio/7.0/toolchain/avr8/avr8-gnu-toolchain/bin/../lib/gcc/avr/5.4.0/../../../../avr/lib/avr5\libm.a(fp_pscA.o)
 .text          0x00000000        0x0 c:/program files (x86)/atmel/studio/7.0/toolchain/avr8/avr8-gnu-toolchain/bin/../lib/gcc/avr/5.4.0/../../../../avr/lib/avr5\libm.a(fp_pscB.o)
 .data          0x00000000        0x0 c:/program files (x86)/atmel/studio/7.0/toolchain/avr8/avr8-gnu-toolchain/bin/../lib/gcc/avr/5.4.0/../../../../avr/lib/avr5\libm.a(fp_pscB.o)
 .bss           0x00000000        0x0 c:/program files (x86)/atmel/studio/7.0/toolchain/avr8/avr8-gnu-toolchain/bin/../lib/gcc/avr/5.4.0/../../../../avr/lib/avr5\libm.a(fp_pscB.o)
 .text          0x00000000        0x0 c:/program files (x86)/atmel/studio/7.0/toolchain/avr8/avr8-gnu-toolchain/bin/../lib/gcc/avr/5.4.0/../../../../avr/lib/avr5\libm.a(fp_round.o)
 .data          0x00000000        0x0 c:/program files (x86)/atmel/studio/7.0/toolchain/avr8/avr8-gnu-toolchain/bin/../lib/gcc/avr/5.4.0/../../../../avr/lib/avr5\libm.a(fp_round.o)
 .bss           0x00000000        0x0 c:/program files (x86)/atmel/studio/7.0/toolchain/avr8/avr8-gnu-toolchain/bin/../lib/gcc/avr/5.4.0/../../../../avr/lib/avr5\libm.a(fp_round.o)
 .text          0x00000000        0x0 c:/program files (x86)/atmel/studio/7.0/toolchain/avr8/avr8-gnu-toolchain/bin/../lib/gcc/avr/5.4.0/../../../../avr/lib/avr5\libm.a(fp_split3.o)
 .data          0x00000000        0x0 c:/program files (x86)/atmel/studio/7.0/toolchain/avr8/avr8-gnu-toolchain/bin/../lib/gcc/avr/5.4.0/../../../../avr/lib/avr5\libm.a(fp_split3.o)
 .bss           0x00000000        0x0 c:/program files (x86)/atmel/studio/7.0/toolchain/avr8/avr8-gnu-toolchain/bin/../lib/gcc/avr/5.4.0/../../../../avr/lib/avr5\libm.a(fp_split3.o)
 .text          0x00000000        0x0 c:/program files (x86)/atmel/studio/7.0/toolchain/avr8/avr8-gnu-toolchain/bin/../lib/gcc/avr/5.4.0/../../../../avr/lib/avr5\libm.a(fp_zero.o)
 .data          0x00000000        0x0 c:/program files (x86)/atmel/studio/7.0/toolchain/avr8/avr8-gnu-toolchain/bin/../lib/gcc/avr/5.4.0/../../../../avr/lib/avr5\libm.a(fp_zero.o)
 .bss           0x00000000        0x0 c:/program files (x86)/atmel/studio/7.0/toolchain/avr8/avr8-gnu-toolchain/bin/../lib/gcc/avr/5.4.0/../../../../avr/lib/avr5\libm.a(fp_zero.o)
 .text          0x00000000        0x0 c:/program files (x86)/atmel/studio/7.0/toolchain/avr8/avr8-gnu-toolchain/bin/../lib/gcc/avr/5.4.0/../../../../avr/lib/avr5\libm.a(mulsf3.o)
 .data          0x00000000        0x0 c:/program files (x86)/atmel/studio/7.0/toolchain/avr8/avr8-gnu-toolchain/bin/../lib/gcc/avr/5.4.0/../../../../avr/lib/avr5\libm.a(mulsf3.o)
 .bss           0x00000000        0x0 c:/program files (x86)/atmel/studio/7.0/toolchain/avr8/avr8-gnu-toolchain/bin/../lib/gcc/avr/5.4.0/../../../../avr/lib/avr5\libm.a(mulsf3.o)
 .text          0x00000000        0x0 c:/program files (x86)/atmel/studio/7.0/toolchain/avr8/avr8-gnu-toolchain/bin/../lib/gcc/avr/5.4.0/../../../../avr/lib/avr5\libm.a(mulsf3x.o)
 .data          0x00000000        0x0 c:/program files (x86)/atmel/studio/7.0/toolchain/avr8/avr8-gnu-toolchain/bin/../lib/gcc/avr/5.4.0/../../../../avr/lib/avr5\libm.a(mulsf3x.o)
 .bss           0x00000000        0x0 c:/program files (x86)/atmel/studio/7.0/toolchain/avr8/avr8-gnu-toolchain/bin/../lib/gcc/avr/5.4.0/../../../../avr/lib/avr5\libm.a(mulsf3x.o)
 .text          0x00000000        0x0 c:/program files (x86)/atmel/studio/7.0/toolchain/avr8/avr8-gnu-toolchain/bin/../lib/gcc/avr/5.4.0/avr5\libgcc.a(_divmodhi4.o)
 .data          0x00000000        0x0 c:/program files (x86)/atmel/studio/7.0/toolchain/avr8/avr8-gnu-toolchain/bin/../lib/gcc/avr/5.4.0/avr5\libgcc.a(_divmodhi4.o)
 .bss           0x00000000        0x0 c:/program files (x86)/atmel/studio/7.0/toolchain/avr8/avr8-gnu-toolchain/bin/../lib/gcc/avr/5.4.0/avr5\libgcc.a(_divmodhi4.o)
 .text.libgcc.mul
                0x00000000        0x0 c:/program files (x86)/atmel/studio/7.0/toolchain/avr8/avr8-gnu-toolchain/bin/../lib/gcc/avr/5.4.0/avr5\libgcc.a(_divmodhi4.o)
 .text.libgcc   0x00000000        0x0 c:/program files (x86)/atmel/studio/7.0/toolchain/avr8/avr8-gnu-toolchain/bin/../lib/gcc/avr/5.4.0/avr5\libgcc.a(_divmodhi4.o)
 .text.libgcc.prologue
                0x00000000        0x0 c:/program files (x86)/atmel/studio/7.0/toolchain/avr8/avr8-gnu-toolchain/bin/../lib/gcc/avr/5.4.0/avr5\libgcc.a(_divmodhi4.o)
 .text.libgcc.builtins
                0x00000000        0x0 c:/program files (x86)/atmel/studio/7.0/toolchain/avr8/avr8-gnu-toolchain/bin/../lib/gcc/avr/5.4.0/avr5\libgcc.a(_divmodhi4.o)
 .text.libgcc.fmul
                0x00000000        0x0 c:/program files (x86)/atmel/studio/7.0/toolchain/avr8/avr8-gnu-toolchain/bin/../lib/gcc/avr/5.4.0/avr5\libgcc.a(_divmodhi4.o)
 .text.libgcc.fixed
                0x00000000        0x0 c:/program files (x86)/atmel/studio/7.0/toolchain/avr8/avr8-gnu-toolchain/bin/../lib/gcc/avr/5.4.0/avr5\libgcc.a(_divmodhi4.o)
 .text          0x00000000        0x0 c:/program files (x86)/atmel/studio/7.0/toolchain/avr8/avr8-gnu-toolchain/bin/../lib/gcc/avr/5.4.0/avr5\libgcc.a(_divmodsi4.o)
 .data          0x00000000        0x0 c:/program files (x86)/atmel/studio/7.0/toolchain/avr8/avr8-gnu-toolchain/bin/../lib/gcc/avr/5.4.0/avr5\libgcc.a(_divmodsi4.o)
 .bss           0x00000000        0x0 c:/program files (x86)/atmel/studio/7.0/toolchain/avr8/avr8-gnu-toolchain/bin/../lib/gcc/avr/5.4.0/avr5\libgcc.a(_divmodsi4.o)
 .text.libgcc.mul
                0x00000000        0x0 c:/program files (x86)/atmel/studio/7.0/toolchain/avr8/avr8-gnu-toolchain/bin/../lib/gcc/avr/5.4.0/avr5\libgcc.a(_divmodsi4.o)
 .text.libgcc.div
                0x00000000       0x2e c:/program files (x86)/atmel/studio/7.0/toolchain/avr8/avr8-gnu-toolchain/bin/../lib/gcc/avr/5.4.0/avr5\libgcc.a(_divmodsi4.o)
 .text.libgcc   0x00000000        0x0 c:/program files (x86)/atmel/studio/7.0/toolchain/avr8/avr8-gnu-toolchain/bin/../lib/gcc/avr/5.4.0/avr5\libgcc.a(_divmodsi4.o)
 .text.libgcc.prologue
                0x00000000        0x0 c:/program files (x86)/atmel/studio/7.0/toolchain/avr8/avr8-gnu-toolchain/bin/../lib/gcc/avr/5.4.0/avr5\libgcc.a(_divmodsi4.o)
 .text.libgcc.builtins
                0x00000000        0x0 c:/program files (x86)/atmel/studio/7.0/toolchain/avr8/avr8-gnu-toolchain/bin/../lib/gcc/avr/5.4.0/avr5\libgcc.a(_divmodsi4.o)
 .text.libgcc.fmul
                0x00000000        0x0 c:/program files (x86)/atmel/studio/7.0/toolchain/avr8/avr8-gnu-toolchain/bin/../lib/gcc/avr/5.4.0/avr5\libgcc.a(_divmodsi4.o)
 .text.libgcc.fixed
                0x00000000        0x0 c:/program files (x86)/atmel/studio/7.0/toolchain/avr8/avr8-gnu-toolchain/bin/../lib/gcc/avr/5.4.0/avr5\libgcc.a(_divmodsi4.o)
 .text          0x00000000        0x0 c:/program files (x86)/atmel/studio/7.0/toolchain/avr8/avr8-gnu-toolchain/bin/../lib/gcc/avr/5.4.0/avr5\libgcc.a(_negsi2.o)
 .data          0x00000000        0x0 c:/program files (x86)/atmel/studio/7.0/toolchain/avr8/avr8-gnu-toolchain/bin/../lib/gcc/avr/5.4.0/avr5\libgcc.a(_negsi2.o)
 .bss           0x00000000        0x0 c:/program files (x86)/atmel/studio/7.0/toolchain/avr8/avr8-gnu-toolchain/bin/../lib/gcc/avr/5.4.0/avr5\libgcc.a(_negsi2.o)
 .text.libgcc.mul
                0x00000000        0x0 c:/program files (x86)/atmel/studio/7.0/toolchain/avr8/avr8-gnu-toolchain/bin/../lib/gcc/avr/5.4.0/avr5\libgcc.a(_negsi2.o)
 .text.libgcc.div
                0x00000000       0x10 c:/program files (x86)/atmel/studio/7.0/toolchain/avr8/avr8-gnu-toolchain/bin/../lib/gcc/avr/5.4.0/avr5\libgcc.a(_negsi2.o)
 .text.libgcc   0x00000000        0x0 c:/program files (x86)/atmel/studio/7.0/toolchain/avr8/avr8-gnu-toolchain/bin/../lib/gcc/avr/5.4.0/avr5\libgcc.a(_negsi2.o)
 .text.libgcc.prologue
                0x00000000        0x0 c:/program files (x86)/atmel/studio/7.0/toolchain/avr8/avr8-gnu-toolchain/bin/../lib/gcc/avr/5.4.0/avr5\libgcc.a(_negsi2.o)
 .text.libgcc.builtins
                0x00000000        0x0 c:/program files (x86)/atmel/studio/7.0/toolchain/avr8/avr8-gnu-toolchain/bin/../lib/gcc/avr/5.4.0/avr5\libgcc.a(_negsi2.o)
 .text.libgcc.fmul
                0x00000000        0x0 c:/program files (x86)/atmel/studio/7.0/toolchain/avr8/avr8-gnu-toolchain/bin/../lib/gcc/avr/5.4.0/avr5\libgcc.a(_negsi2.o)
 .text.libgcc.fixed
                0x00000000        0x0 c:/program files (x86)/atmel/studio/7.0/toolchain/avr8/avr8-gnu-toolchain/bin/../lib/gcc/avr/5.4.0/avr5\libgcc.a(_negsi2.o)
 .text          0x00000000        0x0 c:/program files (x86)/atmel/studio/7.0/toolchain/avr8/avr8-gnu-toolchain/bin/../lib/gcc/avr/5.4.0/avr5\libgcc.a(_exit.o)
 .data          0x00000000        0x0 c:/program files (x86)/atmel/studio/7.0/toolchain/avr8/avr8-gnu-toolchain/bin/../lib/gcc/avr/5.4.0/avr5\libgcc.a(_exit.o)
 .bss           0x00000000        0x0 c:/program files (x86)/atmel/studio/7.0/toolchain/avr8/avr8-gnu-toolchain/bin/../lib/gcc/avr/5.4.0/avr5\libgcc.a(_exit.o)
 .text.libgcc.mul
                0x00000000        0x0 c:/program files (x86)/atmel/studio/7.0/toolchain/avr8/avr8-gnu-toolchain/bin/../lib/gcc/avr/5.4.0/avr5\libgcc.a(_exit.o)
 .text.libgcc.div
                0x00000000        0x0 c:/program files (x86)/atmel/studio/7.0/toolchain/avr8/avr8-gnu-toolchain/bin/../lib/gcc/avr/5.4.0/avr5\libgcc.a(_exit.o)
 .text.libgcc   0x00000000        0x0 c:/program files (x86)/atmel/studio/7.0/toolchain/avr8/avr8-gnu-toolchain/bin/../lib/gcc/avr/5.4.0/avr5\libgcc.a(_exit.o)
 .text.libgcc.prologue
                0x00000000        0x0 c:/program files (x86)/atmel/studio/7.0/toolchain/avr8/avr8-gnu-toolchain/bin/../lib/gcc/avr/5.4.0/avr5\libgcc.a(_exit.o)
 .text.libgcc.builtins
                0x00000000        0x0 c:/program files (x86)/atmel/studio/7.0/toolchain/avr8/avr8-gnu-toolchain/bin/../lib/gcc/avr/5.4.0/avr5\libgcc.a(_exit.o)
 .text.libgcc.fmul
                0x00000000        0x0 c:/program files (x86)/atmel/studio/7.0/toolchain/avr8/avr8-gnu-toolchain/bin/../lib/gcc/avr/5.4.0/avr5\libgcc.a(_exit.o)
 .text.libgcc.fixed
                0x00000000        0x0 c:/program files (x86)/atmel/studio/7.0/toolchain/avr8/avr8-gnu-toolchain/bin/../lib/gcc/avr/5.4.0/avr5\libgcc.a(_exit.o)
 .text          0x00000000        0x0 c:/program files (x86)/atmel/studio/7.0/toolchain/avr8/avr8-gnu-toolchain/bin/../lib/gcc/avr/5.4.0/avr5\libgcc.a(_tablejump2.o)
 .data          0x00000000        0x0 c:/program files (x86)/atmel/studio/7.0/toolchain/avr8/avr8-gnu-toolchain/bin/../lib/gcc/avr/5.4.0/avr5\libgcc.a(_tablejump2.o)
 .bss           0x00000000        0x0 c:/program files (x86)/atmel/studio/7.0/toolchain/avr8/avr8-gnu-toolchain/bin/../lib/gcc/avr/5.4.0/avr5\libgcc.a(_tablejump2.o)
 .text.libgcc.mul
                0x00000000        0x0 c:/program files (x86)/atmel/studio/7.0/toolchain/avr8/avr8-gnu-toolchain/bin/../lib/gcc/avr/5.4.0/avr5\libgcc.a(_tablejump2.o)
 .text.libgcc.div
                0x00000000        0x0 c:/program files (x86)/atmel/studio/7.0/toolchain/avr8/avr8-gnu-toolchain/bin/../lib/gcc/avr/5.4.0/avr5\libgcc.a(_tablejump2.o)
 .text.libgcc.prologue
                0x00000000        0x0 c:/program files (x86)/atmel/studio/7.0/toolchain/avr8/avr8-gnu-toolchain/bin/../lib/gcc/avr/5.4.0/avr5\libgcc.a(_tablejump2.o)
 .text.libgcc.builtins
                0x00000000        0x0 c:/program files (x86)/atmel/studio/7.0/toolchain/avr8/avr8-gnu-toolchain/bin/../lib/gcc/avr/5.4.0/avr5\libgcc.a(_tablejump2.o)
 .text.libgcc.fmul
                0x00000000        0x0 c:/program files (x86)/atmel/studio/7.0/toolchain/avr8/avr8-gnu-toolchain/bin/../lib/gcc/avr/5.4.0/avr5\libgcc.a(_tablejump2.o)
 .text.libgcc.fixed
                0x00000000        0x0 c:/program files (x86)/atmel/studio/7.0/toolchain/avr8/avr8-gnu-toolchain/bin/../lib/gcc/avr/5.4.0/avr5\libgcc.a(_tablejump2.o)
 .text          0x00000000        0x0 c:/program files (x86)/atmel/studio/7.0/toolchain/avr8/avr8-gnu-toolchain/bin/../lib/gcc/avr/5.4.0/avr5\libgcc.a(_copy_data.o)
 .data          0x00000000        0x0 c:/program files (x86)/atmel/studio/7.0/toolchain/avr8/avr8-gnu-toolchain/bin/../lib/gcc/avr/5.4.0/avr5\libgcc.a(_copy_data.o)
 .bss           0x00000000        0x0 c:/program files (x86)/atmel/studio/7.0/toolchain/avr8/avr8-gnu-toolchain/bin/../lib/gcc/avr/5.4.0/avr5\libgcc.a(_copy_data.o)
 .text.libgcc.mul
                0x00000000        0x0 c:/program files (x86)/atmel/studio/7.0/toolchain/avr8/avr8-gnu-toolchain/bin/../lib/gcc/avr/5.4.0/avr5\libgcc.a(_copy_data.o)
 .text.libgcc.div
                0x00000000        0x0 c:/program files (x86)/atmel/studio/7.0/toolchain/avr8/avr8-gnu-toolchain/bin/../lib/gcc/avr/5.4.0/avr5\libgcc.a(_copy_data.o)
 .text.libgcc   0x00000000        0x0 c:/program files (x86)/atmel/studio/7.0/toolchain/avr8/avr8-gnu-toolchain/bin/../lib/gcc/avr/5.4.0/avr5\libgcc.a(_copy_data.o)
 .text.libgcc.prologue
                0x00000000        0x0 c:/program files (x86)/atmel/studio/7.0/toolchain/avr8/avr8-gnu-toolchain/bin/../lib/gcc/avr/5.4.0/avr5\libgcc.a(_copy_data.o)
 .text.libgcc.builtins
                0x00000000        0x0 c:/program files (x86)/atmel/studio/7.0/toolchain/avr8/avr8-gnu-toolchain/bin/../lib/gcc/avr/5.4.0/avr5\libgcc.a(_copy_data.o)
 .text.libgcc.fmul
                0x00000000        0x0 c:/program files (x86)/atmel/studio/7.0/toolchain/avr8/avr8-gnu-toolchain/bin/../lib/gcc/avr/5.4.0/avr5\libgcc.a(_copy_data.o)
 .text.libgcc.fixed
                0x00000000        0x0 c:/program files (x86)/atmel/studio/7.0/toolchain/avr8/avr8-gnu-toolchain/bin/../lib/gcc/avr/5.4.0/avr5\libgcc.a(_copy_data.o)
 .text          0x00000000        0x0 c:/program files (x86)/atmel/studio/7.0/toolchain/avr8/avr8-gnu-toolchain/bin/../lib/gcc/avr/5.4.0/avr5\libgcc.a(_clear_bss.o)
 .data          0x00000000        0x0 c:/program files (x86)/atmel/studio/7.0/toolchain/avr8/avr8-gnu-toolchain/bin/../lib/gcc/avr/5.4.0/avr5\libgcc.a(_clear_bss.o)
 .bss           0x00000000        0x0 c:/program files (x86)/atmel/studio/7.0/toolchain/avr8/avr8-gnu-toolchain/bin/../lib/gcc/avr/5.4.0/avr5\libgcc.a(_clear_bss.o)
 .text.libgcc.mul
                0x00000000        0x0 c:/program files (x86)/atmel/studio/7.0/toolchain/avr8/avr8-gnu-toolchain/bin/../lib/gcc/avr/5.4.0/avr5\libgcc.a(_clear_bss.o)
 .text.libgcc.div
                0x00000000        0x0 c:/program files (x86)/atmel/studio/7.0/toolchain/avr8/avr8-gnu-toolchain/bin/../lib/gcc/avr/5.4.0/avr5\libgcc.a(_clear_bss.o)
 .text.libgcc   0x00000000        0x0 c:/program files (x86)/atmel/studio/7.0/toolchain/avr8/avr8-gnu-toolchain/bin/../lib/gcc/avr/5.4.0/avr5\libgcc.a(_clear_bss.o)
 .text.libgcc.prologue
                0x00000000        0x0 c:/program files (x86)/atmel/studio/7.0/toolchain/avr8/avr8-gnu-toolchain/bin/../lib/gcc/avr/5.4.0/avr5\libgcc.a(_clear_bss.o)
 .text.libgcc.builtins
                0x00000000        0x0 c:/program files (x86)/atmel/studio/7.0/toolchain/avr8/avr8-gnu-toolchain/bin/../lib/gcc/avr/5.4.0/avr5\libgcc.a(_clear_bss.o)
 .text.libgcc.fmul
                0x00000000        0x0 c:/program files (x86)/atmel/studio/7.0/toolchain/avr8/avr8-gnu-toolchain/bin/../lib/gcc/avr/5.4.0/avr5\libgcc.a(_clear_bss.o)
 .text.libgcc.fixed
                0x00000000        0x0 c:/program files (x86)/atmel/studio/7.0/toolchain/avr8/avr8-gnu-toolchain/bin/../lib/gcc/avr/5.4.0/avr5\libgcc.a(_clear_bss.o)
 .text          0x00000000        0x0 c:/program files (x86)/atmel/studio/7.0/toolchain/avr8/avr8-gnu-toolchain/bin/../lib/gcc/avr/5.4.0/avr5\libgcc.a(_umulhisi3.o)
 .data          0x00000000        0x0 c:/program files (x86)/atmel/studio/7.0/toolchain/avr8/avr8-gnu-toolchain/bin/../lib/gcc/avr/5.4.0/avr5\libgcc.a(_umulhisi3.o)
 .bss           0x00000000        0x0 c:/program files (x86)/atmel/studio/7.0/toolchain/avr8/avr8-gnu-toolchain/bin/../lib/gcc/avr/5.4.0/avr5\libgcc.a(_umulhisi3.o)
 .text.libgcc.div
                0x00000000        0x0 c:/program files (x86)/atmel/studio/7.0/toolchain/avr8/avr8-gnu-toolchain/bin/../lib/gcc/avr/5.4.0/avr5\libgcc.a(_umulhisi3.o)
 .text.libgcc   0x00000000        0x0 c:/program files (x86)/atmel/studio/7.0/toolchain/avr8/avr8-gnu-toolchain/bin/../lib/gcc/avr/5.4.0/avr5\libgcc.a(_umulhisi3.o)
 .text.libgcc.prologue
                0x00000000        0x0 c:/program files (x86)/atmel/studio/7.0/toolchain/avr8/avr8-gnu-toolchain/bin/../lib/gcc/avr/5.4.0/avr5\libgcc.a(_umulhisi3.o)
 .text.libgcc.builtins
                0x00000000        0x0 c:/program files (x86)/atmel/studio/7.0/toolchain/avr8/avr8-gnu-toolchain/bin/../lib/gcc/avr/5.4.0/avr5\libgcc.a(_umulhisi3.o)
 .text.libgcc.fmul
                0x00000000        0x0 c:/program files (x86)/atmel/studio/7.0/toolchain/avr8/avr8-gnu-toolchain/bin/../lib/gcc/avr/5.4.0/avr5\libgcc.a(_umulhisi3.o)
 .text.libgcc.fixed
                0x00000000        0x0 c:/program files (x86)/atmel/studio/7.0/toolchain/avr8/avr8-gnu-toolchain/bin/../lib/gcc/avr/5.4.0/avr5\libgcc.a(_umulhisi3.o)
 .text          0x00000000        0x0 c:/program files (x86)/atmel/studio/7.0/toolchain/avr8/avr8-gnu-toolchain/bin/../lib/gcc/avr/5.4.0/avr5\libgcc.a(_udivmodhi4.o)
 .data          0x00000000        0x0 c:/program files (x86)/atmel/studio/7.0/toolchain/avr8/avr8-gnu-toolchain/bin/../lib/gcc/avr/5.4.0/avr5\libgcc.a(_udivmodhi4.o)
 .bss           0x00000000        0x0 c:/program files (x86)/atmel/studio/7.0/toolchain/avr8/avr8-gnu-toolchain/bin/../lib/gcc/avr/5.4.0/avr5\libgcc.a(_udivmodhi4.o)
 .text.libgcc.mul
                0x00000000        0x0 c:/program files (x86)/atmel/studio/7.0/toolchain/avr8/avr8-gnu-toolchain/bin/../lib/gcc/avr/5.4.0/avr5\libgcc.a(_udivmodhi4.o)
 .text.libgcc   0x00000000        0x0 c:/program files (x86)/atmel/studio/7.0/toolchain/avr8/avr8-gnu-toolchain/bin/../lib/gcc/avr/5.4.0/avr5\libgcc.a(_udivmodhi4.o)
 .text.libgcc.prologue
                0x00000000        0x0 c:/program files (x86)/atmel/studio/7.0/toolchain/avr8/avr8-gnu-toolchain/bin/../lib/gcc/avr/5.4.0/avr5\libgcc.a(_udivmodhi4.o)
 .text.libgcc.builtins
                0x00000000        0x0 c:/program files (x86)/atmel/studio/7.0/toolchain/avr8/avr8-gnu-toolchain/bin/../lib/gcc/avr/5.4.0/avr5\libgcc.a(_udivmodhi4.o)
 .text.libgcc.fmul
                0x00000000        0x0 c:/program files (x86)/atmel/studio/7.0/toolchain/avr8/avr8-gnu-toolchain/bin/../lib/gcc/avr/5.4.0/avr5\libgcc.a(_udivmodhi4.o)
 .text.libgcc.fixed
                0x00000000        0x0 c:/program files (x86)/atmel/studio/7.0/toolchain/avr8/avr8-gnu-toolchain/bin/../lib/gcc/avr/5.4.0/avr5\libgcc.a(_udivmodhi4.o)
 .text          0x00000000        0x0 c:/program files (x86)/atmel/studio/7.0/toolchain/avr8/avr8-gnu-toolchain/bin/../lib/gcc/avr/5.4.0/avr5\libgcc.a(_udivmodsi4.o)
 .data          0x00000000        0x0 c:/program files (x86)/atmel/studio/7.0/toolchain/avr8/avr8-gnu-toolchain/bin/../lib/gcc/avr/5.4.0/avr5\libgcc.a(_udivmodsi4.o)
 .bss           0x00000000        0x0 c:/program files (x86)/atmel/studio/7.0/toolchain/avr8/avr8-gnu-toolchain/bin/../lib/gcc/avr/5.4.0/avr5\libgcc.a(_udivmodsi4.o)
 .text.libgcc.mul
                0x00000000        0x0 c:/program files (x86)/atmel/studio/7.0/toolchain/avr8/avr8-gnu-toolchain/bin/../lib/gcc/avr/5.4.0/avr5\libgcc.a(_udivmodsi4.o)
 .text.libgcc.div
                0x00000000       0x44 c:/program files (x86)/atmel/studio/7.0/toolchain/avr8/avr8-gnu-toolchain/bin/../lib/gcc/avr/5.4.0/avr5\libgcc.a(_udivmodsi4.o)
 .text.libgcc   0x00000000        0x0 c:/program files (x86)/atmel/studio/7.0/toolchain/avr8/avr8-gnu-toolchain/bin/../lib/gcc/avr/5.4.0/avr5\libgcc.a(_udivmodsi4.o)
 .text.libgcc.prologue
                0x00000000        0x0 c:/program files (x86)/atmel/studio/7.0/toolchain/avr8/avr8-gnu-toolchain/bin/../lib/gcc/avr/5.4.0/avr5\libgcc.a(_udivmodsi4.o)
 .text.libgcc.builtins
                0x00000000        0x0 c:/program files (x86)/atmel/studio/7.0/toolchain/avr8/avr8-gnu-toolchain/bin/../lib/gcc/avr/5.4.0/avr5\libgcc.a(_udivmodsi4.o)
 .text.libgcc.fmul
                0x00000000        0x0 c:/program files (x86)/atmel/studio/7.0/toolchain/avr8/avr8-gnu-toolchain/bin/../lib/gcc/avr/5.4.0/avr5\libgcc.a(_udivmodsi4.o)
 .text.libgcc.fixed
                0x00000000        0x0 c:/program files (x86)/atmel/studio/7.0/toolchain/avr8/avr8-gnu-toolchain/bin/../lib/gcc/avr/5.4.0/avr5\libgcc.a(_udivmodsi4.o)
 .text          0x00000000        0x0 c:/program files (x86)/atmel/studio/7.0/toolchain/avr8/avr8-gnu-toolchain/bin/../lib/gcc/avr/5.4.0/../../../../avr/lib/avr5\libc.a(vsprintf.o)
 .data          0x00000000        0x0 c:/program files (x86)/atmel/studio/7.0/toolchain/avr8/avr8-gnu-toolchain/bin/../lib/gcc/avr/5.4.0/../../../../avr/lib/avr5\libc.a(vsprintf.o)
 .bss           0x00000000        0x0 c:/program files (x86)/atmel/studio/7.0/toolchain/avr8/avr8-gnu-toolchain/bin/../lib/gcc/avr/5.4.0/../../../../avr/lib/avr5\libc.a(vsprintf.o)
 .text          0x00000000        0x0 c:/program files (x86)/atmel/studio/7.0/toolchain/avr8/avr8-gnu-toolchain/bin/../lib/gcc/avr/5.4.0/../../../../avr/lib/avr5\libc.a(vfprintf_std.o)
 .data          0x00000000        0x0 c:/program files (x86)/atmel/studio/7.0/toolchain/avr8/avr8-gnu-toolchain/bin/../lib/gcc/avr/5.4.0/../../../../avr/lib/avr5\libc.a(vfprintf_std.o)
 .bss           0x00000000        0x0 c:/program files (x86)/atmel/studio/7.0/toolchain/avr8/avr8-gnu-toolchain/bin/../lib/gcc/avr/5.4.0/../../../../avr/lib/avr5\libc.a(vfprintf_std.o)
 .text          0x00000000        0x0 c:/program files (x86)/atmel/studio/7.0/toolchain/avr8/avr8-gnu-toolchain/bin/../lib/gcc/avr/5.4.0/../../../../avr/lib/avr5\libc.a(strnlen_P.o)
 .data          0x00000000        0x0 c:/program files (x86)/atmel/studio/7.0/toolchain/avr8/avr8-gnu-toolchain/bin/../lib/gcc/avr/5.4.0/../../../../avr/lib/avr5\libc.a(strnlen_P.o)
 .bss           0x00000000        0x0 c:/program files (x86)/atmel/studio/7.0/toolchain/avr8/avr8-gnu-toolchain/bin/../lib/gcc/avr/5.4.0/../../../../avr/lib/avr5\libc.a(strnlen_P.o)
 .text          0x00000000        0x0 c:/program files (x86)/atmel/studio/7.0/toolchain/avr8/avr8-gnu-toolchain/bin/../lib/gcc/avr/5.4.0/../../../../avr/lib/avr5\libc.a(strnlen.o)
 .data          0x00000000        0x0 c:/program files (x86)/atmel/studio/7.0/toolchain/avr8/avr8-gnu-toolchain/bin/../lib/gcc/avr/5.4.0/../../../../avr/lib/avr5\libc.a(strnlen.o)
 .bss           0x00000000        0x0 c:/program files (x86)/atmel/studio/7.0/toolchain/avr8/avr8-gnu-toolchain/bin/../lib/gcc/avr/5.4.0/../../../../avr/lib/avr5\libc.a(strnlen.o)
 .text          0x00000000        0x0 c:/program files (x86)/atmel/studio/7.0/toolchain/avr8/avr8-gnu-toolchain/bin/../lib/gcc/avr/5.4.0/../../../../avr/lib/avr5\libc.a(fputc.o)
 .data          0x00000000        0x0 c:/program files (x86)/atmel/studio/7.0/toolchain/avr8/avr8-gnu-toolchain/bin/../lib/gcc/avr/5.4.0/../../../../avr/lib/avr5\libc.a(fputc.o)
 .bss           0x00000000        0x0 c:/program files (x86)/atmel/studio/7.0/toolchain/avr8/avr8-gnu-toolchain/bin/../lib/gcc/avr/5.4.0/../../../../avr/lib/avr5\libc.a(fputc.o)
 .text          0x00000000        0x0 c:/program files (x86)/atmel/studio/7.0/toolchain/avr8/avr8-gnu-toolchain/bin/../lib/gcc/avr/5.4.0/../../../../avr/lib/avr5\libc.a(ultoa_invert.o)
 .data          0x00000000        0x0 c:/program files (x86)/atmel/studio/7.0/toolchain/avr8/avr8-gnu-toolchain/bin/../lib/gcc/avr/5.4.0/../../../../avr/lib/avr5\libc.a(ultoa_invert.o)
 .bss           0x00000000        0x0 c:/program files (x86)/atmel/studio/7.0/toolchain/avr8/avr8-gnu-toolchain/bin/../lib/gcc/avr/5.4.0/../../../../avr/lib/avr5\libc.a(ultoa_invert.o)
 .text          0x00000000        0x0 c:/program files (x86)/atmel/studio/7.0/toolchain/avr8/avr8-gnu-toolchain/bin/../lib/gcc/avr/5.4.0/avr5\libgcc.a(_prologue.o)
 .data          0x00000000        0x0 c:/program files (x86)/atmel/studio/7.0/toolchain/avr8/avr8-gnu-toolchain/bin/../lib/gcc/avr/5.4.0/avr5\libgcc.a(_prologue.o)
 .bss           0x00000000        0x0 c:/program files (x86)/atmel/studio/7.0/toolchain/avr8/avr8-gnu-toolchain/bin/../lib/gcc/avr/5.4.0/avr5\libgcc.a(_prologue.o)
 .text.libgcc.mul
                0x00000000        0x0 c:/program files (x86)/atmel/studio/7.0/toolchain/avr8/avr8-gnu-toolchain/bin/../lib/gcc/avr/5.4.0/avr5\libgcc.a(_prologue.o)
 .text.libgcc.div
                0x00000000        0x0 c:/program files (x86)/atmel/studio/7.0/toolchain/avr8/avr8-gnu-toolchain/bin/../lib/gcc/avr/5.4.0/avr5\libgcc.a(_prologue.o)
 .text.libgcc   0x00000000        0x0 c:/program files (x86)/atmel/studio/7.0/toolchain/avr8/avr8-gnu-toolchain/bin/../lib/gcc/avr/5.4.0/avr5\libgcc.a(_prologue.o)
 .text.libgcc.builtins
                0x00000000        0x0 c:/program files (x86)/atmel/studio/7.0/toolchain/avr8/avr8-gnu-toolchain/bin/../lib/gcc/avr/5.4.0/avr5\libgcc.a(_prologue.o)
 .text.libgcc.fmul
                0x00000000        0x0 c:/program files (x86)/atmel/studio/7.0/toolchain/avr8/avr8-gnu-toolchain/bin/../lib/gcc/avr/5.4.0/avr5\libgcc.a(_prologue.o)
 .text.libgcc.fixed
                0x00000000        0x0 c:/program files (x86)/atmel/studio/7.0/toolchain/avr8/avr8-gnu-toolchain/bin/../lib/gcc/avr/5.4.0/avr5\libgcc.a(_prologue.o)
 .text          0x00000000        0x0 c:/program files (x86)/atmel/studio/7.0/toolchain/avr8/avr8-gnu-toolchain/bin/../lib/gcc/avr/5.4.0/avr5\libgcc.a(_epilogue.o)
 .data          0x00000000        0x0 c:/program files (x86)/atmel/studio/7.0/toolchain/avr8/avr8-gnu-toolchain/bin/../lib/gcc/avr/5.4.0/avr5\libgcc.a(_epilogue.o)
 .bss           0x00000000        0x0 c:/program files (x86)/atmel/studio/7.0/toolchain/avr8/avr8-gnu-toolchain/bin/../lib/gcc/avr/5.4.0/avr5\libgcc.a(_epilogue.o)
 .text.libgcc.mul
                0x00000000        0x0 c:/program files (x86)/atmel/studio/7.0/toolchain/avr8/avr8-gnu-toolchain/bin/../lib/gcc/avr/5.4.0/avr5\libgcc.a(_epilogue.o)
 .text.libgcc.div
                0x00000000        0x0 c:/program files (x86)/atmel/studio/7.0/toolchain/avr8/avr8-gnu-toolchain/bin/../lib/gcc/avr/5.4.0/avr5\libgcc.a(_epilogue.o)
 .text.libgcc   0x00000000        0x0 c:/program files (x86)/atmel/studio/7.0/toolchain/avr8/avr8-gnu-toolchain/bin/../lib/gcc/avr/5.4.0/avr5\libgcc.a(_epilogue.o)
 .text.libgcc.builtins
                0x00000000        0x0 c:/program files (x86)/atmel/studio/7.0/toolchain/avr8/avr8-gnu-toolchain/bin/../lib/gcc/avr/5.4.0/avr5\libgcc.a(_epilogue.o)
 .text.libgcc.fmul
                0x00000000        0x0 c:/program files (x86)/atmel/studio/7.0/toolchain/avr8/avr8-gnu-toolchain/bin/../lib/gcc/avr/5.4.0/avr5\libgcc.a(_epilogue.o)
 .text.libgcc.fixed
                0x00000000        0x0 c:/program files (x86)/atmel/studio/7.0/toolchain/avr8/avr8-gnu-toolchain/bin/../lib/gcc/avr/5.4.0/avr5\libgcc.a(_epilogue.o)

Memory Configuration

Name             Origin             Length             Attributes
text             0x00000000         0x00020000         xr
data             0x00800060         0x0000ffa0         rw !x
eeprom           0x00810000         0x00010000         rw !x
fuse             0x00820000         0x00000002         rw !x
lock             0x00830000         0x00000400         rw !x
signature        0x00840000         0x00000400         rw !x
user_signatures  0x00850000         0x00000400         rw !x
*default*        0x00000000         0xffffffff

Linker script and memory map

LOAD C:/Program Files (x86)/Atmel/Studio/7.0/Packs/atmel/ATmega_DFP/1.2.209/gcc/dev/atmega32/avr5/crtatmega32.o
LOAD main.o
LOAD src/accumulator.o
LOAD src/adc.o
LOAD src/but.o
LOAD src/buz.o
LOAD src/dark_menu.o
LOAD src/dcmotorpwm.o
LOAD src/disp.o
LOAD src/display_d.o
LOAD src/eeprom.o
LOAD src/error.o
LOAD src/error_siewnik.o
LOAD src/error_solarka.o
LOAD src/measure.o
LOAD src/mem.o
LOAD src/servo.o
LOAD src/system.o
LOAD src/tim.o
LOAD src/usart.o
LOAD src/vibro.o
START GROUP
LOAD c:/program files (x86)/atmel/studio/7.0/toolchain/avr8/avr8-gnu-toolchain/bin/../lib/gcc/avr/5.4.0/../../../../avr/lib/avr5\libm.a
END GROUP
START GROUP
LOAD c:/program files (x86)/atmel/studio/7.0/toolchain/avr8/avr8-gnu-toolchain/bin/../lib/gcc/avr/5.4.0/avr5\libgcc.a
LOAD c:/program files (x86)/atmel/studio/7.0/toolchain/avr8/avr8-gnu-toolchain/bin/../lib/gcc/avr/5.4.0/../../../../avr/lib/avr5\libm.a
LOAD c:/program files (x86)/atmel/studio/7.0/toolchain/avr8/avr8-gnu-toolchain/bin/../lib/gcc/avr/5.4.0/../../../../avr/lib/avr5\libc.a
LOAD C:/Program Files (x86)/Atmel/Studio/7.0/Packs/atmel/ATmega_DFP/1.2.209/gcc/dev/atmega32/avr5\libatmega32.a
END GROUP
                0x00020000                __TEXT_REGION_LENGTH__ = DEFINED (__TEXT_REGION_LENGTH__)?__TEXT_REGION_LENGTH__:0x20000
                0x0000ffa0                __DATA_REGION_LENGTH__ = DEFINED (__DATA_REGION_LENGTH__)?__DATA_REGION_LENGTH__:0xffa0
                0x00010000                __EEPROM_REGION_LENGTH__ = DEFINED (__EEPROM_REGION_LENGTH__)?__EEPROM_REGION_LENGTH__:0x10000
                [0x00000002]                __FUSE_REGION_LENGTH__ = DEFINED (__FUSE_REGION_LENGTH__)?__FUSE_REGION_LENGTH__:0x400
                0x00000400                __LOCK_REGION_LENGTH__ = DEFINED (__LOCK_REGION_LENGTH__)?__LOCK_REGION_LENGTH__:0x400
                0x00000400                __SIGNATURE_REGION_LENGTH__ = DEFINED (__SIGNATURE_REGION_LENGTH__)?__SIGNATURE_REGION_LENGTH__:0x400
                0x00000400                __USER_SIGNATURE_REGION_LENGTH__ = DEFINED (__USER_SIGNATURE_REGION_LENGTH__)?__USER_SIGNATURE_REGION_LENGTH__:0x400

.hash
 *(.hash)

.dynsym
 *(.dynsym)

.dynstr
 *(.dynstr)

.gnu.version
 *(.gnu.version)

.gnu.version_d
 *(.gnu.version_d)

.gnu.version_r
 *(.gnu.version_r)

.rel.init
 *(.rel.init)

.rela.init
 *(.rela.init)

.rel.text
 *(.rel.text)
 *(.rel.text.*)
 *(.rel.gnu.linkonce.t*)

.rela.text
 *(.rela.text)
 *(.rela.text.*)
 *(.rela.gnu.linkonce.t*)

.rel.fini
 *(.rel.fini)

.rela.fini
 *(.rela.fini)

.rel.rodata
 *(.rel.rodata)
 *(.rel.rodata.*)
 *(.rel.gnu.linkonce.r*)

.rela.rodata
 *(.rela.rodata)
 *(.rela.rodata.*)
 *(.rela.gnu.linkonce.r*)

.rel.data
 *(.rel.data)
 *(.rel.data.*)
 *(.rel.gnu.linkonce.d*)

.rela.data
 *(.rela.data)
 *(.rela.data.*)
 *(.rela.gnu.linkonce.d*)

.rel.ctors
 *(.rel.ctors)

.rela.ctors
 *(.rela.ctors)

.rel.dtors
 *(.rel.dtors)

.rela.dtors
 *(.rela.dtors)

.rel.got
 *(.rel.got)

.rela.got
 *(.rela.got)

.rel.bss
 *(.rel.bss)

.rela.bss
 *(.rela.bss)

.rel.plt
 *(.rel.plt)

.rela.plt
 *(.rela.plt)

.text           0x00000000     0x33f2
 *(.vectors)
 .vectors       0x00000000       0x54 C:/Program Files (x86)/Atmel/Studio/7.0/Packs/atmel/ATmega_DFP/1.2.209/gcc/dev/atmega32/avr5/crtatmega32.o
                0x00000000                __vector_default
                0x00000000                __vectors
 *(.vectors)
 *(.progmem.gcc*)
 .progmem.gcc_sw_table.display_set_value
                0x00000054      0x1fe src/disp.o
                0x00000252                . = ALIGN (0x2)
                0x00000252                __trampolines_start = .
 *(.trampolines)
 .trampolines   0x00000252        0x0 linker stubs
 *(.trampolines*)
                0x00000252                __trampolines_end = .
 *libprintf_flt.a:*(.progmem.data)
 *libc.a:*(.progmem.data)
 *(.progmem*)
                0x00000252                . = ALIGN (0x2)
 *(.jumptables)
 *(.jumptables*)
 *(.lowtext)
 *(.lowtext*)
                0x00000252                __ctors_start = .
 *(.ctors)
                0x00000252                __ctors_end = .
                0x00000252                __dtors_start = .
 *(.dtors)
                0x00000252                __dtors_end = .
 SORT(*)(.ctors)
 SORT(*)(.dtors)
 *(.init0)
 .init0         0x00000252        0x0 C:/Program Files (x86)/Atmel/Studio/7.0/Packs/atmel/ATmega_DFP/1.2.209/gcc/dev/atmega32/avr5/crtatmega32.o
                0x00000252                __init
 *(.init0)
 *(.init1)
 *(.init1)
 *(.init2)
 .init2         0x00000252        0xc C:/Program Files (x86)/Atmel/Studio/7.0/Packs/atmel/ATmega_DFP/1.2.209/gcc/dev/atmega32/avr5/crtatmega32.o
 *(.init2)
 *(.init3)
 *(.init3)
 *(.init4)
 .init4         0x0000025e       0x16 c:/program files (x86)/atmel/studio/7.0/toolchain/avr8/avr8-gnu-toolchain/bin/../lib/gcc/avr/5.4.0/avr5\libgcc.a(_copy_data.o)
                0x0000025e                __do_copy_data
 .init4         0x00000274       0x10 c:/program files (x86)/atmel/studio/7.0/toolchain/avr8/avr8-gnu-toolchain/bin/../lib/gcc/avr/5.4.0/avr5\libgcc.a(_clear_bss.o)
                0x00000274                __do_clear_bss
 *(.init4)
 *(.init5)
 *(.init5)
 *(.init6)
 *(.init6)
 *(.init7)
 *(.init7)
 *(.init8)
 *(.init8)
 *(.init9)
 .init9         0x00000284        0x8 C:/Program Files (x86)/Atmel/Studio/7.0/Packs/atmel/ATmega_DFP/1.2.209/gcc/dev/atmega32/avr5/crtatmega32.o
 *(.init9)
 *(.text)
 .text          0x0000028c        0x4 C:/Program Files (x86)/Atmel/Studio/7.0/Packs/atmel/ATmega_DFP/1.2.209/gcc/dev/atmega32/avr5/crtatmega32.o
                0x0000028c                __vector_1
                0x0000028c                __vector_12
                0x0000028c                __bad_interrupt
                0x0000028c                __vector_6
                0x0000028c                __vector_3
                0x0000028c                __vector_11
                0x0000028c                __vector_17
                0x0000028c                __vector_19
                0x0000028c                __vector_7
                0x0000028c                __vector_5
                0x0000028c                __vector_4
                0x0000028c                __vector_9
                0x0000028c                __vector_2
                0x0000028c                __vector_15
                0x0000028c                __vector_8
                0x0000028c                __vector_16
                0x0000028c                __vector_18
                0x0000028c                __vector_20
                0x00000290                . = ALIGN (0x2)
 *(.text.*)
 .text.debug_msg
                0x00000290       0x24 main.o
                0x00000290                debug_msg
 .text.init_pin
                0x000002b4        0xa main.o
                0x000002b4                init_pin
 .text.init_driver
                0x000002be       0x20 main.o
                0x000002be                init_driver
 .text.main     0x000002de       0x58 main.o
                0x000002de                main
 .text.accum_get_voltage
                0x00000336       0x44 src/accumulator.o
                0x00000336                accum_get_voltage
 .text.accumulator_process
                0x0000037a       0x92 src/accumulator.o
                0x0000037a                accumulator_process
 .text.accum_led_process
                0x0000040c      0x13a src/accumulator.o
                0x0000040c                accum_led_process
 .text.adc_setchannel
                0x00000546       0x10 src/adc.o
                0x00000546                adc_setchannel
 .text.adc_readsel
                0x00000556        0xc src/adc.o
                0x00000556                adc_readsel
 .text.adc_read
                0x00000562        0xa src/adc.o
                0x00000562                adc_read
 .text.read_button
                0x0000056c       0x24 src/but.o
                0x0000056c                read_button
 .text.init_but_struct
                0x00000590      0x120 src/but.o
                0x00000590                init_but_struct
 .text.process_button
                0x000006b0      0x154 src/but.o
                0x000006b0                process_button
 .text.init_buttons
                0x00000804       0x2e src/but.o
                0x00000804                init_buttons
 .text.buzzer_process
                0x00000832       0xe0 src/buz.o
                0x00000832                buzzer_process
 .text.init_buzzer
                0x00000912        0x6 src/buz.o
                0x00000912                init_buzzer
 .text.dcmotorpwm_init
                0x00000918       0x18 src/dcmotorpwm.o
                0x00000918                dcmotorpwm_init
 .text.dcmotorpwm_deinit
                0x00000930        0xc src/dcmotorpwm.o
                0x00000930                dcmotorpwm_deinit
 .text.dcmotor_is_on
                0x0000093c       0x16 src/dcmotorpwm.o
                0x0000093c                dcmotor_is_on
 .text.dcmotorpwm_stop
                0x00000952       0x20 src/dcmotorpwm.o
                0x00000952                dcmotorpwm_stop
 .text.dcmotorpwm_start
                0x00000972       0x44 src/dcmotorpwm.o
                0x00000972                dcmotorpwm_start
 .text.dcmotor_get_pwm
                0x000009b6        0x8 src/dcmotorpwm.o
                0x000009b6                dcmotor_get_pwm
 .text.dcmotor_set_error
                0x000009be        0xc src/dcmotorpwm.o
                0x000009be                dcmotor_set_error
 .text.dcmotor_set_try
                0x000009ca       0x14 src/dcmotorpwm.o
                0x000009ca                dcmotor_set_try
 .text.dcmotor_process
                0x000009de       0xce src/dcmotorpwm.o
                0x000009de                dcmotor_process
 .text.clear_display
                0x00000aac       0x10 src/disp.o
 .text.off_all_displays
                0x00000abc       0x1a src/disp.o
                0x00000abc                off_all_displays
 .text.init_display_drv
                0x00000ad6       0x62 src/disp.o
                0x00000ad6                init_display_drv
 .text.display_set_value
                0x00000b38      0x142 src/disp.o
                0x00000b38                display_set_value
 .text.on_display
                0x00000c7a       0x5a src/disp.o
                0x00000c7a                on_display
 .text.display_process
                0x00000cd4       0x94 src/disp.o
                0x00000cd4                display_process
 .text.disp_set_number
                0x00000d68       0x46 src/disp.o
                0x00000d68                disp_set_number
 .text.disp_set_symb
                0x00000dae        0x6 src/disp.o
                0x00000dae                disp_set_symb
 .text.dip_set_value
                0x00000db4       0x22 src/display_d.o
                0x00000db4                dip_set_value
 .text.disp_get_state
                0x00000dd6       0x20 src/display_d.o
                0x00000dd6                disp_get_state
 .text.disp_disable_voltage
                0x00000df6       0x22 src/display_d.o
                0x00000df6                disp_disable_voltage
 .text.disp_set_state
                0x00000e18       0x7c src/display_d.o
                0x00000e18                disp_set_state
 .text.display_set_error
                0x00000e94       0x10 src/display_d.o
                0x00000e94                display_set_error
 .text.disp_process
                0x00000ea4      0x27a src/display_d.o
                0x00000ea4                disp_process
 .text.on_animation
                0x0000111e       0x3e src/display_d.o
                0x0000111e                on_animation
 .text.animation
                0x0000115c      0x104 src/display_d.o
                0x0000115c                animation
 .text.EEPROM_write
                0x00001260       0x10 src/eeprom.o
                0x00001260                EEPROM_write
 .text.EEPROM_read
                0x00001270        0xe src/eeprom.o
                0x00001270                EEPROM_read
 .text.set_error_state
                0x0000127e       0x2e src/error_siewnik.o
 .text.error_init
                0x000012ac       0x2a src/error_siewnik.o
                0x000012ac                error_init
 .text.error_deinit
                0x000012d6       0x2a src/error_siewnik.o
                0x000012d6                error_deinit
 .text.error_event
                0x00001300      0x6bc src/error_siewnik.o
                0x00001300                error_event
 .text.error_led_blink
                0x000019bc       0x58 src/error_siewnik.o
                0x000019bc                error_led_blink
 .text.filtered_value
                0x00001a14       0x24 src/measure.o
 .text.init_measure
                0x00001a38       0x3c src/measure.o
                0x00001a38                init_measure
 .text.measure_process
                0x00001a74      0x176 src/measure.o
                0x00001a74                measure_process
 .text.measure_get_filtered_value
                0x00001bea       0x32 src/measure.o
                0x00001bea                measure_get_filtered_value
 .text.mem_save_data
                0x00001c1c       0x88 src/mem.o
                0x00001c1c                mem_save_data
 .text.mem_read_data
                0x00001ca4       0x88 src/mem.o
                0x00001ca4                mem_read_data
 .text.servo_init
                0x00001d2c       0x66 src/servo.o
                0x00001d2c                servo_init
 .text.servo_is_open
                0x00001d92       0x12 src/servo.o
                0x00001d92                servo_is_open
 .text.servo_enable_try
                0x00001da4       0x18 src/servo.o
                0x00001da4                servo_enable_try
 .text.servo_get_try_cnt
                0x00001dbc        0x8 src/servo.o
                0x00001dbc                servo_get_try_cnt
 .text.servo_close
                0x00001dc4       0x4a src/servo.o
                0x00001dc4                servo_close
 .text.servo_exit_try
                0x00001e0e       0x34 src/servo.o
 .text.servo_open
                0x00001e42       0x52 src/servo.o
                0x00001e42                servo_open
 .text.servo_process
                0x00001e94      0x108 src/servo.o
                0x00001e94                servo_process
 .text.off_button
                0x00001f9c       0x82 src/system.o
 .text.button_motor_sub_timer_cb
                0x0000201e       0x1c src/system.o
                0x0000201e                button_motor_sub_timer_cb
 .text.button_motor_add_timer_cb
                0x0000203a       0x1c src/system.o
                0x0000203a                button_motor_add_timer_cb
 .text.b_servo_vibro_sub_timer
                0x00002056       0x14 src/system.o
                0x00002056                b_servo_vibro_sub_timer
 .text.b_servo_vibro_sub_rise
                0x0000206a       0x18 src/system.o
                0x0000206a                b_servo_vibro_sub_rise
 .text.b_servo_vibro_add_timer
                0x00002082       0x14 src/system.o
                0x00002082                b_servo_vibro_add_timer
 .text.b_servo_vibro_add_rise
                0x00002096       0x18 src/system.o
                0x00002096                b_servo_vibro_add_rise
 .text.b_servo_vibro_sub_fall
                0x000020ae       0x34 src/system.o
                0x000020ae                b_servo_vibro_sub_fall
 .text.b_servo_vibro_add_fall
                0x000020e2       0x34 src/system.o
                0x000020e2                b_servo_vibro_add_fall
 .text.button_motor_sub_fall_cb
                0x00002116       0x5c src/system.o
                0x00002116                button_motor_sub_fall_cb
 .text.button_motor_add_fall_cb
                0x00002172       0x5c src/system.o
                0x00002172                button_motor_add_fall_cb
 .text.button_motor_sub_rise_cb
                0x000021ce       0x46 src/system.o
                0x000021ce                button_motor_sub_rise_cb
 .text.button_motor_add_rise_cb
                0x00002214       0x48 src/system.o
                0x00002214                button_motor_add_rise_cb
 .text.sys_save_display
                0x0000225c       0x1a src/system.o
 .text.button_dcmotor_cb
                0x00002276       0x40 src/system.o
                0x00002276                button_dcmotor_cb
 .text.button_on_off_pwm
                0x000022b6       0x40 src/system.o
                0x000022b6                button_on_off_pwm
 .text.init_system
                0x000022f6       0x40 src/system.o
                0x000022f6                init_system
 .text.on_system
                0x00002336       0xd2 src/system.o
                0x00002336                on_system
 .text.off_system
                0x00002408       0x38 src/system.o
                0x00002408                off_system
 .text.button4_toggle_system
                0x00002440       0x2a src/system.o
                0x00002440                button4_toggle_system
 .text.disp_fast_process
                0x0000246a      0x166 src/system.o
                0x0000246a                disp_fast_process
 .text.disp_very_fast_process
                0x000025d0       0xd0 src/system.o
                0x000025d0                disp_very_fast_process
 .text.system_error
                0x000026a0        0xa src/system.o
                0x000026a0                system_error
 .text.__vector_10
                0x000026aa       0x86 src/tim.o
                0x000026aa                __vector_10
 .text.timer0_init
                0x00002730       0x58 src/tim.o
                0x00002730                timer0_init
 .text.evTime_init
                0x00002788       0x10 src/tim.o
                0x00002788                evTime_init
 .text.evTime_start
                0x00002798       0x30 src/tim.o
                0x00002798                evTime_start
 .text.evTime_check
                0x000027c8       0x40 src/tim.o
                0x000027c8                evTime_check
 .text.evTime_off
                0x00002808       0x14 src/tim.o
                0x00002808                evTime_off
 .text.evTime_process_period
                0x0000281c       0x6e src/tim.o
                0x0000281c                evTime_process_period
 .text.__vector_13
                0x0000288a       0x62 src/usart.o
                0x0000288a                __vector_13
 .text.__vector_14
                0x000028ec       0x4e src/usart.o
                0x000028ec                __vector_14
 .text.avr-libc.fplib
                0x0000293a        0xe c:/program files (x86)/atmel/studio/7.0/toolchain/avr8/avr8-gnu-toolchain/bin/../lib/gcc/avr/5.4.0/../../../../avr/lib/avr5\libm.a(addsf3.o)
                0x0000293a                __subsf3
                0x0000293c                __addsf3
 .text.avr-libc.fplib
                0x00002948       0xcc c:/program files (x86)/atmel/studio/7.0/toolchain/avr8/avr8-gnu-toolchain/bin/../lib/gcc/avr/5.4.0/../../../../avr/lib/avr5\libm.a(addsf3x.o)
                0x0000296a                __addsf3x
 .text.avr-libc.fplib
                0x00002a14        0xa c:/program files (x86)/atmel/studio/7.0/toolchain/avr8/avr8-gnu-toolchain/bin/../lib/gcc/avr/5.4.0/../../../../avr/lib/avr5\libm.a(cmpsf2.o)
                0x00002a14                __nesf2
                0x00002a14                __eqsf2
                0x00002a14                __cmpsf2
                0x00002a14                __ltsf2
                0x00002a14                __lesf2
 .text.avr-libc.fplib
                0x00002a1e        0x8 c:/program files (x86)/atmel/studio/7.0/toolchain/avr8/avr8-gnu-toolchain/bin/../lib/gcc/avr/5.4.0/../../../../avr/lib/avr5\libm.a(divsf3.o)
                0x00002a1e                __divsf3
 .text.avr-libc.fplib
                0x00002a26       0xdc c:/program files (x86)/atmel/studio/7.0/toolchain/avr8/avr8-gnu-toolchain/bin/../lib/gcc/avr/5.4.0/../../../../avr/lib/avr5\libm.a(divsf3x.o)
                0x00002a46                __divsf3x
                0x00002a4c                __divsf3_pse
 .text.avr-libc.fplib
                0x00002b02        0xe c:/program files (x86)/atmel/studio/7.0/toolchain/avr8/avr8-gnu-toolchain/bin/../lib/gcc/avr/5.4.0/../../../../avr/lib/avr5\libm.a(fixsfsi.o)
                0x00002b02                __fixsfsi
 .text.avr-libc.fplib
                0x00002b10       0x5e c:/program files (x86)/atmel/studio/7.0/toolchain/avr8/avr8-gnu-toolchain/bin/../lib/gcc/avr/5.4.0/../../../../avr/lib/avr5\libm.a(fixunssfsi.o)
                0x00002b10                __fixunssfsi
 .text.avr-libc.fplib
                0x00002b6e       0x7a c:/program files (x86)/atmel/studio/7.0/toolchain/avr8/avr8-gnu-toolchain/bin/../lib/gcc/avr/5.4.0/../../../../avr/lib/avr5\libm.a(floatsisf.o)
                0x00002b6e                __floatunsisf
                0x00002b72                __floatsisf
 .text.avr-libc.fplib
                0x00002be8       0x48 c:/program files (x86)/atmel/studio/7.0/toolchain/avr8/avr8-gnu-toolchain/bin/../lib/gcc/avr/5.4.0/../../../../avr/lib/avr5\libm.a(fp_cmp.o)
                0x00002be8                __fp_cmp
 .text.avr-libc.fplib
                0x00002c30        0xc c:/program files (x86)/atmel/studio/7.0/toolchain/avr8/avr8-gnu-toolchain/bin/../lib/gcc/avr/5.4.0/../../../../avr/lib/avr5\libm.a(fp_inf.o)
                0x00002c30                __fp_inf
 .text.avr-libc.fplib
                0x00002c3c        0x6 c:/program files (x86)/atmel/studio/7.0/toolchain/avr8/avr8-gnu-toolchain/bin/../lib/gcc/avr/5.4.0/../../../../avr/lib/avr5\libm.a(fp_nan.o)
                0x00002c3c                __fp_nan
 .text.avr-libc.fplib
                0x00002c42        0xe c:/program files (x86)/atmel/studio/7.0/toolchain/avr8/avr8-gnu-toolchain/bin/../lib/gcc/avr/5.4.0/../../../../avr/lib/avr5\libm.a(fp_pscA.o)
                0x00002c42                __fp_pscA
 .text.avr-libc.fplib
                0x00002c50        0xe c:/program files (x86)/atmel/studio/7.0/toolchain/avr8/avr8-gnu-toolchain/bin/../lib/gcc/avr/5.4.0/../../../../avr/lib/avr5\libm.a(fp_pscB.o)
                0x00002c50                __fp_pscB
 .text.avr-libc.fplib
                0x00002c5e       0x22 c:/program files (x86)/atmel/studio/7.0/toolchain/avr8/avr8-gnu-toolchain/bin/../lib/gcc/avr/5.4.0/../../../../avr/lib/avr5\libm.a(fp_round.o)
                0x00002c5e                __fp_round
 .text.avr-libc.fplib
                0x00002c80       0x44 c:/program files (x86)/atmel/studio/7.0/toolchain/avr8/avr8-gnu-toolchain/bin/../lib/gcc/avr/5.4.0/../../../../avr/lib/avr5\libm.a(fp_split3.o)
                0x00002c80                __fp_split3
                0x00002c90                __fp_splitA
 .text.avr-libc.fplib
                0x00002cc4        0xe c:/program files (x86)/atmel/studio/7.0/toolchain/avr8/avr8-gnu-toolchain/bin/../lib/gcc/avr/5.4.0/../../../../avr/lib/avr5\libm.a(fp_zero.o)
                0x00002cc4                __fp_zero
                0x00002cc6                __fp_szero
 .text.avr-libc.fplib
                0x00002cd2        0x8 c:/program files (x86)/atmel/studio/7.0/toolchain/avr8/avr8-gnu-toolchain/bin/../lib/gcc/avr/5.4.0/../../../../avr/lib/avr5\libm.a(mulsf3.o)
                0x00002cd2                __mulsf3
 .text.avr-libc.fplib
                0x00002cda       0xd2 c:/program files (x86)/atmel/studio/7.0/toolchain/avr8/avr8-gnu-toolchain/bin/../lib/gcc/avr/5.4.0/../../../../avr/lib/avr5\libm.a(mulsf3x.o)
                0x00002cf8                __mulsf3x
                0x00002cfe                __mulsf3_pse
 .text.libgcc.div
                0x00002dac       0x28 c:/program files (x86)/atmel/studio/7.0/toolchain/avr8/avr8-gnu-toolchain/bin/../lib/gcc/avr/5.4.0/avr5\libgcc.a(_divmodhi4.o)
                0x00002dac                _div
                0x00002dac                __divmodhi4
 .text.libgcc   0x00002dd4        0xc c:/program files (x86)/atmel/studio/7.0/toolchain/avr8/avr8-gnu-toolchain/bin/../lib/gcc/avr/5.4.0/avr5\libgcc.a(_tablejump2.o)
                0x00002dd4                __tablejump2__
 .text.libgcc.mul
                0x00002de0       0x1e c:/program files (x86)/atmel/studio/7.0/toolchain/avr8/avr8-gnu-toolchain/bin/../lib/gcc/avr/5.4.0/avr5\libgcc.a(_umulhisi3.o)
                0x00002de0                __umulhisi3
 .text.libgcc.div
                0x00002dfe       0x28 c:/program files (x86)/atmel/studio/7.0/toolchain/avr8/avr8-gnu-toolchain/bin/../lib/gcc/avr/5.4.0/avr5\libgcc.a(_udivmodhi4.o)
                0x00002dfe                __udivmodhi4
 .text.avr-libc
                0x00002e26       0x38 c:/program files (x86)/atmel/studio/7.0/toolchain/avr8/avr8-gnu-toolchain/bin/../lib/gcc/avr/5.4.0/../../../../avr/lib/avr5\libc.a(vsprintf.o)
                0x00002e26                vsprintf
 .text.avr-libc
                0x00002e5e      0x3c2 c:/program files (x86)/atmel/studio/7.0/toolchain/avr8/avr8-gnu-toolchain/bin/../lib/gcc/avr/5.4.0/../../../../avr/lib/avr5\libc.a(vfprintf_std.o)
                0x00002e5e                vfprintf
 .text.avr-libc
                0x00003220       0x16 c:/program files (x86)/atmel/studio/7.0/toolchain/avr8/avr8-gnu-toolchain/bin/../lib/gcc/avr/5.4.0/../../../../avr/lib/avr5\libc.a(strnlen_P.o)
                0x00003220                strnlen_P
 .text.avr-libc
                0x00003236       0x16 c:/program files (x86)/atmel/studio/7.0/toolchain/avr8/avr8-gnu-toolchain/bin/../lib/gcc/avr/5.4.0/../../../../avr/lib/avr5\libc.a(strnlen.o)
                0x00003236                strnlen
 .text.avr-libc
                0x0000324c       0x78 c:/program files (x86)/atmel/studio/7.0/toolchain/avr8/avr8-gnu-toolchain/bin/../lib/gcc/avr/5.4.0/../../../../avr/lib/avr5\libc.a(fputc.o)
                0x0000324c                fputc
 .text.avr-libc
                0x000032c4       0xbc c:/program files (x86)/atmel/studio/7.0/toolchain/avr8/avr8-gnu-toolchain/bin/../lib/gcc/avr/5.4.0/../../../../avr/lib/avr5\libc.a(ultoa_invert.o)
                0x000032c4                __ultoa_invert
 .text.libgcc.prologue
                0x00003380       0x38 c:/program files (x86)/atmel/studio/7.0/toolchain/avr8/avr8-gnu-toolchain/bin/../lib/gcc/avr/5.4.0/avr5\libgcc.a(_prologue.o)
                0x00003380                __prologue_saves__
 .text.libgcc.prologue
                0x000033b8       0x36 c:/program files (x86)/atmel/studio/7.0/toolchain/avr8/avr8-gnu-toolchain/bin/../lib/gcc/avr/5.4.0/avr5\libgcc.a(_epilogue.o)
                0x000033b8                __epilogue_restores__
                0x000033ee                . = ALIGN (0x2)
 *(.fini9)
 .fini9         0x000033ee        0x0 c:/program files (x86)/atmel/studio/7.0/toolchain/avr8/avr8-gnu-toolchain/bin/../lib/gcc/avr/5.4.0/avr5\libgcc.a(_exit.o)
                0x000033ee                _exit
                0x000033ee                exit
 *(.fini9)
 *(.fini8)
 *(.fini8)
 *(.fini7)
 *(.fini7)
 *(.fini6)
 *(.fini6)
 *(.fini5)
 *(.fini5)
 *(.fini4)
 *(.fini4)
 *(.fini3)
 *(.fini3)
 *(.fini2)
 *(.fini2)
 *(.fini1)
 *(.fini1)
 *(.fini0)
 .fini0         0x000033ee        0x4 c:/program files (x86)/atmel/studio/7.0/toolchain/avr8/avr8-gnu-toolchain/bin/../lib/gcc/avr/5.4.0/avr5\libgcc.a(_exit.o)
 *(.fini0)
                0x000033f2                _etext = .

.data           0x00800060      0x202 load address 0x000033f2
                0x00800060                PROVIDE (__data_start, .)
 *(.data)
 *(.data*)
 .data.but_tab  0x00800060       0x14 src/but.o
                0x00800060                but_tab
 .data.displaying_value
                0x00800074        0x1 src/disp.o
 .data.anim_iteration2.1996
                0x00800075        0x1 src/display_d.o
 .data.anim_iteration.1995
                0x00800076        0x1 src/display_d.o
 *(.gnu.linkonce.d*)
 *(.rodata)
 *(.rodata*)
 .rodata.str1.1
                0x00800077       0x27 main.o
 .rodata.str1.1
                0x0080009e      0x171 src/error_siewnik.o
 .rodata.str1.1
                0x0080020f       0x53 src/servo.o
 *(.gnu.linkonce.r*)
                0x00800262                . = ALIGN (0x2)
                0x00800262                _edata = .
                0x00800262                PROVIDE (__data_end, .)

.bss            0x00800262      0x263
                0x00800262                PROVIDE (__bss_start, .)
 *(.bss)
 *(.bss*)
 .bss.state_led.1916
                0x00800262        0x1 src/accumulator.o
 .bss.process_timer.1915
                0x00800263        0x4 src/accumulator.o
 .bss.accumulator_timer.1911
                0x00800267        0x4 src/accumulator.o
 .bss.accumulator_state
                0x0080026b        0x1 src/accumulator.o
 .bss.buzzer_state
                0x0080026c        0x4 src/buz.o
                0x0080026c                buzzer_state
 .bss.buzzer_timer
                0x00800270        0x4 src/buz.o
                0x00800270                buzzer_timer
 .bss.dcmotor_timer.1948
                0x00800274        0x5 src/dcmotorpwm.o
 .bss.iteration
                0x00800279        0x1 src/disp.o
 .bss.timer_anim.1994
                0x0080027a        0x4 src/display_d.o
 .bss.timer_disp_process.1974
                0x0080027e        0x4 src/display_d.o
 .bss.second_disp_blink_val
                0x00800282        0x1 src/display_d.o
 .bss.blink_cnt
                0x00800283        0x4 src/display_d.o
 .bss.blink_state
                0x00800287        0x1 src/display_d.o
 .bss.blink_servo_disp
                0x00800288        0x5 src/display_d.o
 .bss.voltage   0x0080028d        0x2 src/display_d.o
 .bss.error_reason
                0x0080028f        0x1 src/display_d.o
 .bss.animation_time
                0x00800290        0x4 src/display_d.o
 .bss.servo_disp_value
                0x00800294        0x1 src/display_d.o
 .bss.motor_disp_value
                0x00800295        0x1 src/display_d.o
 .bss.blink_timer.1874
                0x00800296        0x5 src/error_siewnik.o
 .bss.error_event_timer.1846
                0x0080029b        0x4 src/error_siewnik.o
 .bss.servo_timer
                0x0080029f        0x5 src/error_siewnik.o
 .bss.error_servo_state
                0x008002a4        0x1 src/error_siewnik.o
 .bss.error_servo_status
                0x008002a5        0x1 src/error_siewnik.o
 .bss.motor_error_value
                0x008002a6        0x2 src/error_siewnik.o
 .bss.error_motor_status
                0x008002a8        0x1 src/error_siewnik.o
 .bss.error_motor_last_state
                0x008002a9        0x1 src/error_siewnik.o
 .bss.error_motor_state
                0x008002aa        0x1 src/error_siewnik.o
 .bss.motor_timer
                0x008002ab        0x5 src/error_siewnik.o
 .bss.measure_timer
                0x008002b0        0x4 src/measure.o
 .bss.s_o_t_adc
                0x008002b4        0x2 src/measure.o
 .bss.s_o_t_iteration_adc_table
                0x008002b6        0x1 src/measure.o
 .bss.s_o_t_f_table
                0x008002b7       0x14 src/measure.o
 .bss.s_o_t_filter_value
                0x008002cb        0x2 src/measure.o
 .bss.motor_adc
                0x008002cd        0x2 src/measure.o
 .bss.motor_f_table
                0x008002cf        0xe src/measure.o
 .bss.motor_filter_value
                0x008002dd        0x2 src/measure.o
 .bss.iteration_adc_motor_table
                0x008002df        0x1 src/measure.o
 .bss.accumulator_tab
                0x008002e0       0x28 src/measure.o
 .bss.filtered_accum_adc_val
                0x00800308        0x2 src/measure.o
 .bss.accum_adc
                0x0080030a        0x2 src/measure.o
 .bss.iteration_adc_accum_table
                0x0080030c        0x1 src/measure.o
 .bss.timeout.2069
                0x0080030d        0x5 src/servo.o
 .bss.servo_timer.2076
                0x00800312        0x5 src/servo.o
 .bss.try_count
                0x00800317        0x1 src/servo.o
 .bss.disp_fast_timer.2066
                0x00800318        0x4 src/system.o
 .bss.disp_very_fast_timer
                0x0080031c        0x4 src/system.o
 .bss.state_measure_volt
                0x00800320        0x1 src/system.o
 .bss.counter_very_fast_motor_sub
                0x00800321        0x1 src/system.o
 .bss.counter_very_fast_motor_add
                0x00800322        0x1 src/system.o
 .bss.counter_very_fast_servo_sub
                0x00800323        0x1 src/system.o
 .bss.counter_very_fast_servo_add
                0x00800324        0x1 src/system.o
 .bss.counter   0x00800325        0x2 src/tim.o
                0x00800325                counter
 .bss.UART_LastRxError
                0x00800327        0x1 src/usart.o
 .bss.UART_RxTail
                0x00800328        0x1 src/usart.o
 .bss.UART_RxHead
                0x00800329        0x1 src/usart.o
 .bss.UART_TxTail
                0x0080032a        0x1 src/usart.o
 .bss.UART_TxHead
                0x0080032b        0x1 src/usart.o
 .bss.UART_RxBuf
                0x0080032c        0x0 src/usart.o
 .bss.UART_TxBuf
                0x0080032c       0x80 src/usart.o
 *(COMMON)
 COMMON         0x008003ac       0x44 main.o
                0x008003ac                system_events
                0x008003ae                motor_value
                0x008003af                servo_vibro_value
                0x008003b0                debug_buff
 COMMON         0x008003f0       0x9a src/but.o
                0x008003f0                button9
                0x008003ff                button10
                0x0080040e                button5
                0x0080041d                button4
                0x0080042c                timer_button
                0x00800430                button2
                0x0080043f                button3
                0x0080044e                button6
                0x0080045d                button1
                0x0080046c                button7
                0x0080047b                button8
 COMMON         0x0080048a        0xa src/dcmotorpwm.o
                0x0080048a                motorD
 COMMON         0x00800494       0x1a src/disp.o
                0x00800494                segment2
                0x00800499                segment1
                0x0080049e                DispD3
                0x008004a0                DispD1
                0x008004a2                disp_tab
                0x008004aa                DispD4
                0x008004ac                DispD2
 COMMON         0x008004ae        0x2 src/display_d.o
                0x008004ae                disp1_last_state
                0x008004af                disp2_last_state
 COMMON         0x008004b0        0x1 src/error_siewnik.o
                0x008004b0                led_blink
 COMMON         0x008004b1        0xa src/servo.o
                0x008004b1                servoD
 COMMON         0x008004bb        0x4 src/system.o
                0x008004bb                mem_last_save
                0x008004bd                mem_save_prog
 COMMON         0x008004bf        0x6 src/tim.o
                0x008004bf                mktime
                0x008004c5                PROVIDE (__bss_end, .)
                0x000033f2                __data_load_start = LOADADDR (.data)
                0x000035f4                __data_load_end = (__data_load_start + SIZEOF (.data))

.noinit         0x008004c5        0x0
                [!provide]                PROVIDE (__noinit_start, .)
 *(.noinit*)
                [!provide]                PROVIDE (__noinit_end, .)
                0x008004c5                _end = .
                [!provide]                PROVIDE (__heap_start, .)

.eeprom         0x00810000        0x0
 *(.eeprom*)
                0x00810000                __eeprom_end = .

.fuse
 *(.fuse)
 *(.lfuse)
 *(.hfuse)
 *(.efuse)

.lock
 *(.lock*)

.signature
 *(.signature*)

.user_signatures
 *(.user_signatures*)

.stab
 *(.stab)

.stabstr
 *(.stabstr)

.stab.excl
 *(.stab.excl)

.stab.exclstr
 *(.stab.exclstr)

.stab.index
 *(.stab.index)

.stab.indexstr
 *(.stab.indexstr)

.comment        0x00000000       0x5c
 *(.comment)
 .comment       0x00000000       0x30 main.o
                                 0x31 (size before relaxing)
 .comment       0x00000030       0x31 src/accumulator.o
 .comment       0x00000030       0x31 src/adc.o
 .comment       0x00000030       0x31 src/but.o
 .comment       0x00000030       0x31 src/buz.o
 .comment       0x00000030       0x31 src/dcmotorpwm.o
 .comment       0x00000030       0x31 src/disp.o
 .comment       0x00000030       0x31 src/display_d.o
 .comment       0x00000030       0x31 src/eeprom.o
 .comment       0x00000030       0x31 src/error_siewnik.o
 .comment       0x00000030       0x31 src/measure.o
 .comment       0x00000030       0x31 src/mem.o
 .comment       0x00000030       0x31 src/servo.o
 .comment       0x00000030       0x31 src/system.o
 .comment       0x00000030       0x31 src/tim.o
 .comment       0x00000030       0x31 src/usart.o
 .comment       0x00000030       0x31 c:/program files (x86)/atmel/studio/7.0/toolchain/avr8/avr8-gnu-toolchain/bin/../lib/gcc/avr/5.4.0/../../../../avr/lib/avr5\libc.a(vsprintf.o)
 .comment       0x00000030       0x2c c:/program files (x86)/atmel/studio/7.0/toolchain/avr8/avr8-gnu-toolchain/bin/../lib/gcc/avr/5.4.0/../../../../avr/lib/avr5\libc.a(vfprintf_std.o)
                                 0x2d (size before relaxing)
 .comment       0x0000005c       0x31 c:/program files (x86)/atmel/studio/7.0/toolchain/avr8/avr8-gnu-toolchain/bin/../lib/gcc/avr/5.4.0/../../../../avr/lib/avr5\libc.a(fputc.o)

.note.gnu.avr.deviceinfo
                0x00000000       0x3c
 .note.gnu.avr.deviceinfo
                0x00000000       0x3c C:/Program Files (x86)/Atmel/Studio/7.0/Packs/atmel/ATmega_DFP/1.2.209/gcc/dev/atmega32/avr5/crtatmega32.o

.note.gnu.build-id
 *(.note.gnu.build-id)

.debug
 *(.debug)

.line
 *(.line)

.debug_srcinfo
 *(.debug_srcinfo)

.debug_sfnames
 *(.debug_sfnames)

.debug_aranges  0x00000000      0x528
 *(.debug_aranges)
 .debug_aranges
                0x00000000       0x38 main.o
 .debug_aranges
                0x00000038       0x30 src/accumulator.o
 .debug_aranges
                0x00000068       0x58 src/adc.o
 .debug_aranges
                0x000000c0       0x40 src/but.o
 .debug_aranges
                0x00000100       0x28 src/buz.o
 .debug_aranges
                0x00000128       0x68 src/dcmotorpwm.o
 .debug_aranges
                0x00000190       0x58 src/disp.o
 .debug_aranges
                0x000001e8       0x68 src/display_d.o
 .debug_aranges
                0x00000250       0x28 src/eeprom.o
 .debug_aranges
                0x00000278       0x50 src/error_siewnik.o
 .debug_aranges
                0x000002c8       0x40 src/measure.o
 .debug_aranges
                0x00000308       0x28 src/mem.o
 .debug_aranges
                0x00000330       0x60 src/servo.o
 .debug_aranges
                0x00000390       0xd0 src/system.o
 .debug_aranges
                0x00000460       0x60 src/tim.o
 .debug_aranges
                0x000004c0       0x68 src/usart.o

.debug_pubnames
 *(.debug_pubnames)

.debug_info     0x00000000     0x4cc5
 *(.debug_info .gnu.linkonce.wi.*)
 .debug_info    0x00000000      0x4e6 C:/Program Files (x86)/Atmel/Studio/7.0/Packs/atmel/ATmega_DFP/1.2.209/gcc/dev/atmega32/avr5/crtatmega32.o
 .debug_info    0x000004e6      0x3d0 main.o
 .debug_info    0x000008b6      0x200 src/accumulator.o
 .debug_info    0x00000ab6      0x225 src/adc.o
 .debug_info    0x00000cdb      0x354 src/but.o
 .debug_info    0x0000102f      0x198 src/buz.o
 .debug_info    0x000011c7      0x3e9 src/dcmotorpwm.o
 .debug_info    0x000015b0      0x376 src/disp.o
 .debug_info    0x00001926      0x72e src/display_d.o
 .debug_info    0x00002054       0xdc src/eeprom.o
 .debug_info    0x00002130      0xa0c src/error_siewnik.o
 .debug_info    0x00002b3c      0x3f4 src/measure.o
 .debug_info    0x00002f30      0x1cd src/mem.o
 .debug_info    0x000030fd      0x58e src/servo.o
 .debug_info    0x0000368b      0xc6f src/system.o
 .debug_info    0x000042fa      0x424 src/tim.o
 .debug_info    0x0000471e      0x5a7 src/usart.o

.debug_abbrev   0x00000000     0x1cc7
 *(.debug_abbrev)
 .debug_abbrev  0x00000000      0x4a3 C:/Program Files (x86)/Atmel/Studio/7.0/Packs/atmel/ATmega_DFP/1.2.209/gcc/dev/atmega32/avr5/crtatmega32.o
 .debug_abbrev  0x000004a3      0x18c main.o
 .debug_abbrev  0x0000062f      0x100 src/accumulator.o
 .debug_abbrev  0x0000072f      0x12a src/adc.o
 .debug_abbrev  0x00000859      0x18c src/but.o
 .debug_abbrev  0x000009e5       0xae src/buz.o
 .debug_abbrev  0x00000a93      0x19b src/dcmotorpwm.o
 .debug_abbrev  0x00000c2e      0x1b0 src/disp.o
 .debug_abbrev  0x00000dde      0x20f src/display_d.o
 .debug_abbrev  0x00000fed       0x8b src/eeprom.o
 .debug_abbrev  0x00001078      0x25d src/error_siewnik.o
 .debug_abbrev  0x000012d5      0x1bb src/measure.o
 .debug_abbrev  0x00001490       0xcc src/mem.o
 .debug_abbrev  0x0000155c      0x200 src/servo.o
 .debug_abbrev  0x0000175c      0x1d3 src/system.o
 .debug_abbrev  0x0000192f      0x201 src/tim.o
 .debug_abbrev  0x00001b30      0x197 src/usart.o

.debug_line     0x00000000     0x33e5
 *(.debug_line .debug_line.* .debug_line_end)
 .debug_line    0x00000000      0x115 C:/Program Files (x86)/Atmel/Studio/7.0/Packs/atmel/ATmega_DFP/1.2.209/gcc/dev/atmega32/avr5/crtatmega32.o
 .debug_line    0x00000115      0x2c2 main.o
 .debug_line    0x000003d7      0x1b7 src/accumulator.o
 .debug_line    0x0000058e      0x1b0 src/adc.o
 .debug_line    0x0000073e      0x3cf src/but.o
 .debug_line    0x00000b0d      0x11a src/buz.o
 .debug_line    0x00000c27      0x2e1 src/dcmotorpwm.o
 .debug_line    0x00000f08      0x606 src/disp.o
 .debug_line    0x0000150e      0x4af src/display_d.o
 .debug_line    0x000019bd       0xf3 src/eeprom.o
 .debug_line    0x00001ab0      0x488 src/error_siewnik.o
 .debug_line    0x00001f38      0x25a src/measure.o
 .debug_line    0x00002192      0x190 src/mem.o
 .debug_line    0x00002322      0x359 src/servo.o
 .debug_line    0x0000267b      0x73b src/system.o
 .debug_line    0x00002db6      0x27f src/tim.o
 .debug_line    0x00003035      0x3b0 src/usart.o

.debug_frame    0x00000000      0xbac
 *(.debug_frame)
 .debug_frame   0x00000000       0x70 main.o
 .debug_frame   0x00000070       0x44 src/accumulator.o
 .debug_frame   0x000000b4       0xbc src/adc.o
 .debug_frame   0x00000170       0x88 src/but.o
 .debug_frame   0x000001f8       0x34 src/buz.o
 .debug_frame   0x0000022c       0xbc src/dcmotorpwm.o
 .debug_frame   0x000002e8       0xc8 src/disp.o
 .debug_frame   0x000003b0       0xc8 src/display_d.o
 .debug_frame   0x00000478       0x34 src/eeprom.o
 .debug_frame   0x000004ac      0x148 src/error_siewnik.o
 .debug_frame   0x000005f4       0x84 src/measure.o
 .debug_frame   0x00000678       0x6c src/mem.o
 .debug_frame   0x000006e4       0xf8 src/servo.o
 .debug_frame   0x000007dc      0x184 src/system.o
 .debug_frame   0x00000960      0x12c src/tim.o
 .debug_frame   0x00000a8c      0x120 src/usart.o

.debug_str      0x00000000     0x178a
 *(.debug_str)
 .debug_str     0x00000000      0x196 C:/Program Files (x86)/Atmel/Studio/7.0/Packs/atmel/ATmega_DFP/1.2.209/gcc/dev/atmega32/avr5/crtatmega32.o
 .debug_str     0x00000196      0x2f6 main.o
                                0x34e (size before relaxing)
 .debug_str     0x0000048c      0x13d src/accumulator.o
                                0x2d3 (size before relaxing)
 .debug_str     0x000005c9       0xb7 src/adc.o
                                0x22e (size before relaxing)
 .debug_str     0x00000680       0xde src/but.o
                                0x28e (size before relaxing)
 .debug_str     0x0000075e      0x1a8 src/buz.o
                                0x347 (size before relaxing)
 .debug_str     0x00000906      0x16b src/dcmotorpwm.o
                                0x318 (size before relaxing)
 .debug_str     0x00000a71       0xfb src/disp.o
                                0x2a9 (size before relaxing)
 .debug_str     0x00000b6c      0x2b2 src/display_d.o
                                0x53b (size before relaxing)
 .debug_str     0x00000e1e       0x3a src/eeprom.o
                                0x19d (size before relaxing)
 .debug_str     0x00000e58      0x23a src/error_siewnik.o
                                0x6b9 (size before relaxing)
 .debug_str     0x00001092      0x10a src/measure.o
                                0x333 (size before relaxing)
 .debug_str     0x0000119c       0x99 src/mem.o
                                0x211 (size before relaxing)
 .debug_str     0x00001235       0xd4 src/servo.o
                                0x32c (size before relaxing)
 .debug_str     0x00001309      0x2a9 src/system.o
                                0x8e0 (size before relaxing)
 .debug_str     0x000015b2       0x8f src/tim.o
                                0x2f3 (size before relaxing)
 .debug_str     0x00001641      0x149 src/usart.o
                                0x2bf (size before relaxing)

.debug_loc      0x00000000     0x2124
 *(.debug_loc)
 .debug_loc     0x00000000       0x9c main.o
 .debug_loc     0x0000009c      0x26d src/adc.o
 .debug_loc     0x00000309       0xf9 src/but.o
 .debug_loc     0x00000402      0x108 src/dcmotorpwm.o
 .debug_loc     0x0000050a      0x1c5 src/disp.o
 .debug_loc     0x000006cf      0x210 src/display_d.o
 .debug_loc     0x000008df       0x24 src/eeprom.o
 .debug_loc     0x00000903      0x4cc src/error_siewnik.o
 .debug_loc     0x00000dcf      0x1bc src/measure.o
 .debug_loc     0x00000f8b      0x377 src/mem.o
 .debug_loc     0x00001302      0x305 src/servo.o
 .debug_loc     0x00001607      0x23a src/system.o
 .debug_loc     0x00001841      0x3c8 src/tim.o
 .debug_loc     0x00001c09      0x51b src/usart.o

.debug_macinfo
 *(.debug_macinfo)

.debug_weaknames
 *(.debug_weaknames)

.debug_funcnames
 *(.debug_funcnames)

.debug_typenames
 *(.debug_typenames)

.debug_varnames
 *(.debug_varnames)

.debug_pubtypes
 *(.debug_pubtypes)

.debug_ranges   0x00000000      0x470
 *(.debug_ranges)
 .debug_ranges  0x00000000       0x28 main.o
 .debug_ranges  0x00000028       0x20 src/accumulator.o
 .debug_ranges  0x00000048       0x48 src/adc.o
 .debug_ranges  0x00000090       0x30 src/but.o
 .debug_ranges  0x000000c0       0x18 src/buz.o
 .debug_ranges  0x000000d8       0x58 src/dcmotorpwm.o
 .debug_ranges  0x00000130       0x48 src/disp.o
 .debug_ranges  0x00000178       0x58 src/display_d.o
 .debug_ranges  0x000001d0       0x18 src/eeprom.o
 .debug_ranges  0x000001e8       0x40 src/error_siewnik.o
 .debug_ranges  0x00000228       0x30 src/measure.o
 .debug_ranges  0x00000258       0x48 src/mem.o
 .debug_ranges  0x000002a0       0x50 src/servo.o
 .debug_ranges  0x000002f0       0xc0 src/system.o
 .debug_ranges  0x000003b0       0x50 src/tim.o
 .debug_ranges  0x00000400       0x70 src/usart.o

.debug_macro
 *(.debug_macro)
OUTPUT(nowy_sterownik.elf elf32-avr)
LOAD linker stubs
