Archive member included to satisfy reference by file (symbol)

c:/program files (x86)/atmel/studio/7.0/toolchain/avr8/avr8-gnu-toolchain/bin/../lib/gcc/avr/5.4.0/../../../../avr/lib/avr5\libm.a(addsf3.o)
                              src/error.o (__subsf3)
c:/program files (x86)/atmel/studio/7.0/toolchain/avr8/avr8-gnu-toolchain/bin/../lib/gcc/avr/5.4.0/../../../../avr/lib/avr5\libm.a(addsf3x.o)
                              c:/program files (x86)/atmel/studio/7.0/toolchain/avr8/avr8-gnu-toolchain/bin/../lib/gcc/avr/5.4.0/../../../../avr/lib/avr5\libm.a(addsf3.o) (__addsf3x)
c:/program files (x86)/atmel/studio/7.0/toolchain/avr8/avr8-gnu-toolchain/bin/../lib/gcc/avr/5.4.0/../../../../avr/lib/avr5\libm.a(cmpsf2.o)
                              src/error.o (__ltsf2)
c:/program files (x86)/atmel/studio/7.0/toolchain/avr8/avr8-gnu-toolchain/bin/../lib/gcc/avr/5.4.0/../../../../avr/lib/avr5\libm.a(divsf3.o)
                              src/error.o (__divsf3)
c:/program files (x86)/atmel/studio/7.0/toolchain/avr8/avr8-gnu-toolchain/bin/../lib/gcc/avr/5.4.0/../../../../avr/lib/avr5\libm.a(divsf3x.o)
                              c:/program files (x86)/atmel/studio/7.0/toolchain/avr8/avr8-gnu-toolchain/bin/../lib/gcc/avr/5.4.0/../../../../avr/lib/avr5\libm.a(divsf3.o) (__divsf3x)
c:/program files (x86)/atmel/studio/7.0/toolchain/avr8/avr8-gnu-toolchain/bin/../lib/gcc/avr/5.4.0/../../../../avr/lib/avr5\libm.a(fixsfsi.o)
                              src/display_d.o (__fixsfsi)
c:/program files (x86)/atmel/studio/7.0/toolchain/avr8/avr8-gnu-toolchain/bin/../lib/gcc/avr/5.4.0/../../../../avr/lib/avr5\libm.a(fixunssfsi.o)
                              src/error.o (__fixunssfsi)
c:/program files (x86)/atmel/studio/7.0/toolchain/avr8/avr8-gnu-toolchain/bin/../lib/gcc/avr/5.4.0/../../../../avr/lib/avr5\libm.a(floatsisf.o)
                              src/accumulator.o (__floatunsisf)
c:/program files (x86)/atmel/studio/7.0/toolchain/avr8/avr8-gnu-toolchain/bin/../lib/gcc/avr/5.4.0/../../../../avr/lib/avr5\libm.a(fp_cmp.o)
                              c:/program files (x86)/atmel/studio/7.0/toolchain/avr8/avr8-gnu-toolchain/bin/../lib/gcc/avr/5.4.0/../../../../avr/lib/avr5\libm.a(cmpsf2.o) (__fp_cmp)
c:/program files (x86)/atmel/studio/7.0/toolchain/avr8/avr8-gnu-toolchain/bin/../lib/gcc/avr/5.4.0/../../../../avr/lib/avr5\libm.a(fp_inf.o)
                              c:/program files (x86)/atmel/studio/7.0/toolchain/avr8/avr8-gnu-toolchain/bin/../lib/gcc/avr/5.4.0/../../../../avr/lib/avr5\libm.a(addsf3x.o) (__fp_inf)
c:/program files (x86)/atmel/studio/7.0/toolchain/avr8/avr8-gnu-toolchain/bin/../lib/gcc/avr/5.4.0/../../../../avr/lib/avr5\libm.a(fp_nan.o)
                              c:/program files (x86)/atmel/studio/7.0/toolchain/avr8/avr8-gnu-toolchain/bin/../lib/gcc/avr/5.4.0/../../../../avr/lib/avr5\libm.a(addsf3x.o) (__fp_nan)
c:/program files (x86)/atmel/studio/7.0/toolchain/avr8/avr8-gnu-toolchain/bin/../lib/gcc/avr/5.4.0/../../../../avr/lib/avr5\libm.a(fp_pscA.o)
                              c:/program files (x86)/atmel/studio/7.0/toolchain/avr8/avr8-gnu-toolchain/bin/../lib/gcc/avr/5.4.0/../../../../avr/lib/avr5\libm.a(addsf3x.o) (__fp_pscA)
c:/program files (x86)/atmel/studio/7.0/toolchain/avr8/avr8-gnu-toolchain/bin/../lib/gcc/avr/5.4.0/../../../../avr/lib/avr5\libm.a(fp_pscB.o)
                              c:/program files (x86)/atmel/studio/7.0/toolchain/avr8/avr8-gnu-toolchain/bin/../lib/gcc/avr/5.4.0/../../../../avr/lib/avr5\libm.a(addsf3x.o) (__fp_pscB)
c:/program files (x86)/atmel/studio/7.0/toolchain/avr8/avr8-gnu-toolchain/bin/../lib/gcc/avr/5.4.0/../../../../avr/lib/avr5\libm.a(fp_round.o)
                              c:/program files (x86)/atmel/studio/7.0/toolchain/avr8/avr8-gnu-toolchain/bin/../lib/gcc/avr/5.4.0/../../../../avr/lib/avr5\libm.a(addsf3.o) (__fp_round)
c:/program files (x86)/atmel/studio/7.0/toolchain/avr8/avr8-gnu-toolchain/bin/../lib/gcc/avr/5.4.0/../../../../avr/lib/avr5\libm.a(fp_split3.o)
                              c:/program files (x86)/atmel/studio/7.0/toolchain/avr8/avr8-gnu-toolchain/bin/../lib/gcc/avr/5.4.0/../../../../avr/lib/avr5\libm.a(addsf3x.o) (__fp_split3)
c:/program files (x86)/atmel/studio/7.0/toolchain/avr8/avr8-gnu-toolchain/bin/../lib/gcc/avr/5.4.0/../../../../avr/lib/avr5\libm.a(fp_zero.o)
                              c:/program files (x86)/atmel/studio/7.0/toolchain/avr8/avr8-gnu-toolchain/bin/../lib/gcc/avr/5.4.0/../../../../avr/lib/avr5\libm.a(addsf3x.o) (__fp_zero)
c:/program files (x86)/atmel/studio/7.0/toolchain/avr8/avr8-gnu-toolchain/bin/../lib/gcc/avr/5.4.0/../../../../avr/lib/avr5\libm.a(mulsf3.o)
                              src/accumulator.o (__mulsf3)
c:/program files (x86)/atmel/studio/7.0/toolchain/avr8/avr8-gnu-toolchain/bin/../lib/gcc/avr/5.4.0/../../../../avr/lib/avr5\libm.a(mulsf3x.o)
[...]
Memory Configuration

Name             Origin             Length             Attributes
text             0x00000000         0x00020000         xr
data             0x00800060         0x0000ffa0         rw !x
eeprom           0x00810000         0x00010000         rw !x
fuse             0x00820000         0x00000002         rw !x
lock             0x00830000         0x00000400         rw !x
signature        0x00840000         0x00000400         rw !x
user_signatures  0x00850000         0x00000400         rw !x
*default*        0x00000000         0xffffffff

Linker script and memory map

LOAD C:/Program Files (x86)/Atmel/Studio/7.0/Packs/atmel/ATmega_DFP/1.2.209/gcc/dev/atmega32/avr5/crtatmega32.o
LOAD main.o
LOAD src/accumulator.o
LOAD src/adc.o
LOAD src/but.o
LOAD src/buz.o
LOAD src/dark_menu.o
LOAD src/dcmotorpwm.o
LOAD src/disp.o
LOAD src/display_d.o
LOAD src/eeprom.o
LOAD src/error.o
LOAD src/error_siewnik.o
LOAD src/error_solarka.o
LOAD src/measure.o
LOAD src/mem.o
LOAD src/servo.o
LOAD src/system.o
LOAD src/tim.o
LOAD src/usart.o
LOAD src/vibro.o
START GROUP
LOAD c:/program files (x86)/atmel/studio/7.0/toolchain/avr8/avr8-gnu-toolchain/bin/../lib/gcc/avr/5.4.0/../../../../avr/lib/avr5\libm.a
END GROUP
LOAD c:/program files (x86)/atmel/studio/7.0/toolchain/avr8/avr8-gnu-toolchain/bin/../lib/gcc/avr/5.4.0/../../../../avr/lib/avr5\libprintf_flt.a
START GROUP
LOAD c:/program files (x86)/atmel/studio/7.0/toolchain/avr8/avr8-gnu-toolchain/bin/../lib/gcc/avr/5.4.0/avr5\libgcc.a
LOAD c:/program files (x86)/atmel/studio/7.0/toolchain/avr8/avr8-gnu-toolchain/bin/../lib/gcc/avr/5.4.0/../../../../avr/lib/avr5\libm.a
LOAD c:/program files (x86)/atmel/studio/7.0/toolchain/avr8/avr8-gnu-toolchain/bin/../lib/gcc/avr/5.4.0/../../../../avr/lib/avr5\libc.a
LOAD C:/Program Files (x86)/Atmel/Studio/7.0/Packs/atmel/ATmega_DFP/1.2.209/gcc/dev/atmega32/avr5\libatmega32.a
END GROUP
                0x00020000                __TEXT_REGION_LENGTH__ = DEFINED (__TEXT_REGION_LENGTH__)?__TEXT_REGION_LENGTH__:0x20000
                0x0000ffa0                __DATA_REGION_LENGTH__ = DEFINED (__DATA_REGION_LENGTH__)?__DATA_REGION_LENGTH__:0xffa0
                0x00010000                __EEPROM_REGION_LENGTH__ = DEFINED (__EEPROM_REGION_LENGTH__)?__EEPROM_REGION_LENGTH__:0x10000
                [0x00000002]                __FUSE_REGION_LENGTH__ = DEFINED (__FUSE_REGION_LENGTH__)?__FUSE_REGION_LENGTH__:0x400
                0x00000400                __LOCK_REGION_LENGTH__ = DEFINED (__LOCK_REGION_LENGTH__)?__LOCK_REGION_LENGTH__:0x400
                0x00000400                __SIGNATURE_REGION_LENGTH__ = DEFINED (__SIGNATURE_REGION_LENGTH__)?__SIGNATURE_REGION_LENGTH__:0x400
                0x00000400                __USER_SIGNATURE_REGION_LENGTH__ = DEFINED (__USER_SIGNATURE_REGION_LENGTH__)?__USER_SIGNATURE_REGION_LENGTH__:0x400

.hash
 *(.hash)

.dynsym
 *(.dynsym)

.dynstr
 *(.dynstr)

.gnu.version
 *(.gnu.version)

.gnu.version_d
 *(.gnu.version_d)

.gnu.version_r
 *(.gnu.version_r)

.rel.init
 *(.rel.init)

.rela.init
 *(.rela.init)

.rel.text
 *(.rel.text)
 *(.rel.text.*)
 *(.rel.gnu.linkonce.t*)

.rela.text
 *(.rela.text)
 *(.rela.text.*)
 *(.rela.gnu.linkonce.t*)

.rel.fini
 *(.rel.fini)

.rela.fini
 *(.rela.fini)

.rel.rodata
 *(.rel.rodata)
 *(.rel.rodata.*)
 *(.rel.gnu.linkonce.r*)

.rela.rodata
 *(.rela.rodata)
 *(.rela.rodata.*)
 *(.rela.gnu.linkonce.r*)

.rel.data
 *(.rel.data)
 *(.rel.data.*)
 *(.rel.gnu.linkonce.d*)

.rela.data
 *(.rela.data)
 *(.rela.data.*)
 *(.rela.gnu.linkonce.d*)

.rel.ctors
 *(.rel.ctors)

.rela.ctors
 *(.rela.ctors)

.rel.dtors
 *(.rel.dtors)

.rela.dtors
 *(.rela.dtors)

.rel.got
 *(.rel.got)

.rela.got
 *(.rela.got)

.rel.bss
 *(.rel.bss)

.rela.bss
 *(.rela.bss)

.rel.plt
 *(.rel.plt)

.rela.plt
 *(.rela.plt)

.text           0x00000000     0x3ce4
 *(.vectors)
 .vectors       0x00000000       0x54 C:/Program Files (x86)/Atmel/Studio/7.0/Packs/atmel/ATmega_DFP/1.2.209/gcc/dev/atmega32/avr5/crtatmega32.o
                0x00000000                __vector_default
                0x00000000                __vectors
 *(.vectors)
 *(.progmem.gcc*)
 .progmem.gcc_sw_table.display_set_value
                0x00000054      0x1fe src/disp.o
                0x00000252                . = ALIGN (0x2)
                0x00000252                __trampolines_start = .
 *(.trampolines)
 .trampolines   0x00000252        0x0 linker stubs
 *(.trampolines*)
                0x00000252                __trampolines_end = .
 *libprintf_flt.a:*(.progmem.data)
 .progmem.data  0x00000252        0x8 c:/program files (x86)/atmel/studio/7.0/toolchain/avr8/avr8-gnu-toolchain/bin/../lib/gcc/avr/5.4.0/../../../../avr/lib/avr5\libprintf_flt.a(vfprintf_flt.o)
 *libc.a:*(.progmem.data)
 .progmem.data  0x0000025a       0xfa c:/program files (x86)/atmel/studio/7.0/toolchain/avr8/avr8-gnu-toolchain/bin/../lib/gcc/avr/5.4.0/../../../../avr/lib/avr5\libc.a(ftoa_engine.o)
 *(.progmem*)
                0x00000354                . = ALIGN (0x2)
 *(.jumptables)
 *(.jumptables*)
 *(.lowtext)
 *(.lowtext*)
                0x00000354                __ctors_start = .
 *(.ctors)
                0x00000354                __ctors_end = .
                0x00000354                __dtors_start = .
 *(.dtors)
                0x00000354                __dtors_end = .
 SORT(*)(.ctors)
 SORT(*)(.dtors)
 *(.init0)
 .init0         0x00000354        0x0 C:/Program Files (x86)/Atmel/Studio/7.0/Packs/atmel/ATmega_DFP/1.2.209/gcc/dev/atmega32/avr5/crtatmega32.o
                0x00000354                __init
 *(.init0)
 *(.init1)
 *(.init1)
 *(.init2)
 .init2         0x00000354        0xc C:/Program Files (x86)/Atmel/Studio/7.0/Packs/atmel/ATmega_DFP/1.2.209/gcc/dev/atmega32/avr5/crtatmega32.o
 *(.init2)
 *(.init3)
 *(.init3)
 *(.init4)
 .init4         0x00000360       0x16 c:/program files (x86)/atmel/studio/7.0/toolchain/avr8/avr8-gnu-toolchain/bin/../lib/gcc/avr/5.4.0/avr5\libgcc.a(_copy_data.o)
                0x00000360                __do_copy_data
 .init4         0x00000376       0x10 c:/program files (x86)/atmel/studio/7.0/toolchain/avr8/avr8-gnu-toolchain/bin/../lib/gcc/avr/5.4.0/avr5\libgcc.a(_clear_bss.o)
                0x00000376                __do_clear_bss
 *(.init4)
 *(.init5)
 *(.init5)
 *(.init6)
 *(.init6)
 *(.init7)
 *(.init7)
 *(.init8)
 *(.init8)
 *(.init9)
 .init9         0x00000386        0x8 C:/Program Files (x86)/Atmel/Studio/7.0/Packs/atmel/ATmega_DFP/1.2.209/gcc/dev/atmega32/avr5/crtatmega32.o
 *(.init9)
 *(.text)
 .text          0x0000038e        0x4 C:/Program Files (x86)/Atmel/Studio/7.0/Packs/atmel/ATmega_DFP/1.2.209/gcc/dev/atmega32/avr5/crtatmega32.o
                0x0000038e                __vector_1
                0x0000038e                __vector_12
                0x0000038e                __bad_interrupt
                0x0000038e                __vector_6
                0x0000038e                __vector_3
                0x0000038e                __vector_11
                0x0000038e                __vector_17
                0x0000038e                __vector_19
                0x0000038e                __vector_7
                0x0000038e                __vector_5
                0x0000038e                __vector_4
                0x0000038e                __vector_9
                0x0000038e                __vector_2
                0x0000038e                __vector_15
                0x0000038e                __vector_8
                0x0000038e                __vector_16
                0x0000038e                __vector_18
                0x0000038e                __vector_20
                0x00000392                . = ALIGN (0x2)
 *(.text.*)
 .text.debug_msg
                0x00000392       0x2c main.o
                0x00000392                debug_msg
 .text.init_pin
                0x000003be        0xa main.o
                0x000003be                init_pin
 .text.init_driver
                0x000003c8       0x28 main.o
                0x000003c8                init_driver
 .text.main     0x000003f0       0x5c main.o
                0x000003f0                main
 .text.accum_get_voltage
                0x0000044c       0x38 src/accumulator.o
                0x0000044c                accum_get_voltage
 .text.accumulator_process
                0x00000484       0x92 src/accumulator.o
                0x00000484                accumulator_process
 .text.accum_led_process
                0x00000516      0x13a src/accumulator.o
                0x00000516                accum_led_process
 .text.adc_setchannel
                0x00000650       0x10 src/adc.o
                0x00000650                adc_setchannel
 .text.adc_readsel
                0x00000660        0xc src/adc.o
                0x00000660                adc_readsel
 .text.adc_read
                0x0000066c        0xa src/adc.o
                0x0000066c                adc_read
 .text.read_button
                0x00000676       0x24 src/but.o
                0x00000676                read_button
 .text.init_but_struct
                0x0000069a      0x120 src/but.o
                0x0000069a                init_but_struct
 .text.process_button
                0x000007ba      0x154 src/but.o
                0x000007ba                process_button
 .text.init_buttons
                0x0000090e       0x2e src/but.o
                0x0000090e                init_buttons
 .text.buzzer_process
                0x0000093c       0xe0 src/buz.o
                0x0000093c                buzzer_process
 .text.init_buzzer
                0x00000a1c        0x6 src/buz.o
                0x00000a1c                init_buzzer
 .text.menu_process
                0x00000a22       0xd6 src/dark_menu.o
                0x00000a22                menu_process
 .text.dcmotorpwm_init
                0x00000af8       0x28 src/dcmotorpwm.o
                0x00000af8                dcmotorpwm_init
 .text.dcmotorpwm_deinit
                0x00000b20        0xc src/dcmotorpwm.o
                0x00000b20                dcmotorpwm_deinit
 .text.dcmotor_is_on
                0x00000b2c       0x16 src/dcmotorpwm.o
                0x00000b2c                dcmotor_is_on
 .text.dcmotorpwm_stop
                0x00000b42       0x30 src/dcmotorpwm.o
                0x00000b42                dcmotorpwm_stop
 .text.dcmotorpwm_start
                0x00000b72       0x44 src/dcmotorpwm.o
                0x00000b72                dcmotorpwm_start
 .text.dcmotor_get_pwm
                0x00000bb6        0x8 src/dcmotorpwm.o
                0x00000bb6                dcmotor_get_pwm
 .text.dcmotor_set_error
                0x00000bbe       0x1c src/dcmotorpwm.o
                0x00000bbe                dcmotor_set_error
 .text.dcmotor_set_try
                0x00000bda       0x14 src/dcmotorpwm.o
                0x00000bda                dcmotor_set_try
 .text.dcmotor_process
                0x00000bee       0xce src/dcmotorpwm.o
                0x00000bee                dcmotor_process
 .text.clear_display
                0x00000cbc       0x10 src/disp.o
 .text.off_all_displays
                0x00000ccc       0x1a src/disp.o
                0x00000ccc                off_all_displays
 .text.init_display_drv
                0x00000ce6       0x62 src/disp.o
                0x00000ce6                init_display_drv
 .text.display_set_value
                0x00000d48      0x142 src/disp.o
                0x00000d48                display_set_value
 .text.on_display
                0x00000e8a       0x5a src/disp.o
                0x00000e8a                on_display
 .text.display_process
                0x00000ee4       0x94 src/disp.o
                0x00000ee4                display_process
 .text.disp_set_number
                0x00000f78       0x46 src/disp.o
                0x00000f78                disp_set_number
 .text.disp_set_symb
                0x00000fbe        0x6 src/disp.o
                0x00000fbe                disp_set_symb
 .text.dip_set_value
                0x00000fc4       0x22 src/display_d.o
                0x00000fc4                dip_set_value
 .text.disp_get_state
                0x00000fe6       0x20 src/display_d.o
                0x00000fe6                disp_get_state
 .text.disp_disable_voltage
                0x00001006       0x22 src/display_d.o
                0x00001006                disp_disable_voltage
 .text.disp_set_state
                0x00001028       0x7c src/display_d.o
                0x00001028                disp_set_state
 .text.display_set_error
                0x000010a4       0x10 src/display_d.o
                0x000010a4                display_set_error
 .text.disp_process
                0x000010b4      0x27a src/display_d.o
                0x000010b4                disp_process
 .text.on_animation
                0x0000132e       0x3e src/display_d.o
                0x0000132e                on_animation
 .text.animation
                0x0000136c      0x104 src/display_d.o
                0x0000136c                animation
 .text.EEPROM_write
                0x00001470       0x10 src/eeprom.o
                0x00001470                EEPROM_write
 .text.EEPROM_read
                0x00001480        0xe src/eeprom.o
                0x00001480                EEPROM_read
 .text.set_error_state
                0x0000148e       0x30 src/error_siewnik.o
 .text.error_init
                0x000014be       0x2a src/error_siewnik.o
                0x000014be                error_init
 .text.error_deinit
                0x000014e8       0x2a src/error_siewnik.o
                0x000014e8                error_deinit
 .text.error_event
                0x00001512      0x6dc src/error_siewnik.o
                0x00001512                error_event
 .text.error_led_blink
                0x00001bee       0x58 src/error_siewnik.o
                0x00001bee                error_led_blink
 .text.filtered_value
                0x00001c46       0x24 src/measure.o
 .text.init_measure
                0x00001c6a       0x3c src/measure.o
                0x00001c6a                init_measure
 .text.measure_process
                0x00001ca6      0x194 src/measure.o
                0x00001ca6                measure_process
 .text.measure_get_filtered_value
                0x00001e3a       0x32 src/measure.o
                0x00001e3a                measure_get_filtered_value
 .text.mem_save_data
                0x00001e6c       0x88 src/mem.o
                0x00001e6c                mem_save_data
 .text.mem_read_data
                0x00001ef4       0x88 src/mem.o
                0x00001ef4                mem_read_data
 .text.servo_set_pwm_val
                0x00001f7c       0x56 src/servo.o
                0x00001f7c                servo_set_pwm_val
 .text.servo_error
                0x00001fd2       0x10 src/servo.o
                0x00001fd2                servo_error
 .text.servo_init
                0x00001fe2       0x66 src/servo.o
                0x00001fe2                servo_init
 .text.servo_is_open
                0x00002048       0x16 src/servo.o
                0x00002048                servo_is_open
 .text.servo_delayed_open
                0x0000205e       0x36 src/servo.o
                0x0000205e                servo_delayed_open
 .text.servo_enable_try
                0x00002094       0x18 src/servo.o
                0x00002094                servo_enable_try
 .text.servo_get_try_cnt
                0x000020ac        0x8 src/servo.o
                0x000020ac                servo_get_try_cnt
 .text.servo_close
                0x000020b4       0x4a src/servo.o
                0x000020b4                servo_close
 .text.servo_exit_try
                0x000020fe       0x34 src/servo.o
 .text.servo_open
                0x00002132       0x56 src/servo.o
                0x00002132                servo_open
 .text.servo_process
                0x00002188      0x18e src/servo.o
                0x00002188                servo_process
 .text.off_button
                0x00002316       0x82 src/system.o
 .text.button_motor_sub_timer_cb
                0x00002398       0x1c src/system.o
                0x00002398                button_motor_sub_timer_cb
 .text.button_motor_add_timer_cb
                0x000023b4       0x1c src/system.o
                0x000023b4                button_motor_add_timer_cb
 .text.b_servo_vibro_sub_timer
                0x000023d0       0x14 src/system.o
                0x000023d0                b_servo_vibro_sub_timer
 .text.b_servo_vibro_sub_rise
                0x000023e4       0x18 src/system.o
                0x000023e4                b_servo_vibro_sub_rise
 .text.b_servo_vibro_add_timer
                0x000023fc       0x14 src/system.o
                0x000023fc                b_servo_vibro_add_timer
 .text.b_servo_vibro_add_rise
                0x00002410       0x18 src/system.o
                0x00002410                b_servo_vibro_add_rise
 .text.b_servo_vibro_sub_fall
                0x00002428       0x34 src/system.o
                0x00002428                b_servo_vibro_sub_fall
 .text.b_servo_vibro_add_fall
                0x0000245c       0x34 src/system.o
                0x0000245c                b_servo_vibro_add_fall
 .text.button_motor_sub_fall_cb
                0x00002490       0x5c src/system.o
                0x00002490                button_motor_sub_fall_cb
 .text.button_motor_add_fall_cb
                0x000024ec       0x5c src/system.o
                0x000024ec                button_motor_add_fall_cb
 .text.button_motor_sub_rise_cb
                0x00002548       0x46 src/system.o
                0x00002548                button_motor_sub_rise_cb
 .text.button_motor_add_rise_cb
                0x0000258e       0x48 src/system.o
                0x0000258e                button_motor_add_rise_cb
 .text.sys_save_display
                0x000025d6       0x1a src/system.o
 .text.button_dcmotor_cb
                0x000025f0       0x4c src/system.o
                0x000025f0                button_dcmotor_cb
 .text.button_on_off_pwm
                0x0000263c       0x40 src/system.o
                0x0000263c                button_on_off_pwm
 .text.init_system
                0x0000267c       0x40 src/system.o
                0x0000267c                init_system
 .text.on_system
                0x000026bc       0xd2 src/system.o
                0x000026bc                on_system
 .text.off_system
                0x0000278e       0x38 src/system.o
                0x0000278e                off_system
 .text.button4_toggle_system
                0x000027c6       0x2a src/system.o
                0x000027c6                button4_toggle_system
 .text.disp_fast_process
                0x000027f0      0x166 src/system.o
                0x000027f0                disp_fast_process
 .text.disp_very_fast_process
                0x00002956       0xd0 src/system.o
                0x00002956                disp_very_fast_process
 .text.system_error
                0x00002a26        0x6 src/system.o
                0x00002a26                system_error
 .text.__vector_10
                0x00002a2c       0x86 src/tim.o
                0x00002a2c                __vector_10
 .text.timer0_init
                0x00002ab2       0x58 src/tim.o
                0x00002ab2                timer0_init
 .text.evTime_init
                0x00002b0a       0x10 src/tim.o
                0x00002b0a                evTime_init
 .text.evTime_start
                0x00002b1a       0x30 src/tim.o
                0x00002b1a                evTime_start
 .text.evTime_is_stated
                0x00002b4a       0x14 src/tim.o
                0x00002b4a                evTime_is_stated
 .text.evTime_check
                0x00002b5e       0x40 src/tim.o
                0x00002b5e                evTime_check
 .text.evTime_off
                0x00002b9e       0x14 src/tim.o
                0x00002b9e                evTime_off
 .text.evTime_process_period
                0x00002bb2       0x6e src/tim.o
                0x00002bb2                evTime_process_period
 .text.__vector_13
                0x00002c20       0x62 src/usart.o
                0x00002c20                __vector_13
 .text.__vector_14
                0x00002c82       0x4e src/usart.o
                0x00002c82                __vector_14
 .text.uart0_init
                0x00002cd0       0x2c src/usart.o
                0x00002cd0                uart0_init
 .text.uart0_putc
                0x00002cfc       0x2a src/usart.o
                0x00002cfc                uart0_putc
 .text.uart0_puts
                0x00002d26       0x1e src/usart.o
                0x00002d26                uart0_puts
 .text.avr-libc.fplib
                0x00002d44        0xe c:/program files (x86)/atmel/studio/7.0/toolchain/avr8/avr8-gnu-toolchain/bin/../lib/gcc/avr/5.4.0/../../../../avr/lib/avr5\libm.a(addsf3.o)
                0x00002d44                __subsf3
                0x00002d46                __addsf3
 .text.avr-libc.fplib
                0x00002d52       0xcc c:/program files (x86)/atmel/studio/7.0/toolchain/avr8/avr8-gnu-toolchain/bin/../lib/gcc/avr/5.4.0/../../../../avr/lib/avr5\libm.a(addsf3x.o)
                0x00002d74                __addsf3x
 .text.avr-libc.fplib
                0x00002e1e        0xa c:/program files (x86)/atmel/studio/7.0/toolchain/avr8/avr8-gnu-toolchain/bin/../lib/gcc/avr/5.4.0/../../../../avr/lib/avr5\libm.a(cmpsf2.o)
                0x00002e1e                __nesf2
                0x00002e1e                __eqsf2
                0x00002e1e                __cmpsf2
                0x00002e1e                __ltsf2
                0x00002e1e                __lesf2
 .text.avr-libc.fplib
                0x00002e28        0x8 c:/program files (x86)/atmel/studio/7.0/toolchain/avr8/avr8-gnu-toolchain/bin/../lib/gcc/avr/5.4.0/../../../../avr/lib/avr5\libm.a(divsf3.o)
                0x00002e28                __divsf3
 .text.avr-libc.fplib
                0x00002e30       0xdc c:/program files (x86)/atmel/studio/7.0/toolchain/avr8/avr8-gnu-toolchain/bin/../lib/gcc/avr/5.4.0/../../../../avr/lib/avr5\libm.a(divsf3x.o)
                0x00002e50                __divsf3x
                0x00002e56                __divsf3_pse
 .text.avr-libc.fplib
                0x00002f0c        0xe c:/program files (x86)/atmel/studio/7.0/toolchain/avr8/avr8-gnu-toolchain/bin/../lib/gcc/avr/5.4.0/../../../../avr/lib/avr5\libm.a(fixsfsi.o)
                0x00002f0c                __fixsfsi
 .text.avr-libc.fplib
                0x00002f1a       0x5e c:/program files (x86)/atmel/studio/7.0/toolchain/avr8/avr8-gnu-toolchain/bin/../lib/gcc/avr/5.4.0/../../../../avr/lib/avr5\libm.a(fixunssfsi.o)
                0x00002f1a                __fixunssfsi
 .text.avr-libc.fplib
                0x00002f78       0x7a c:/program files (x86)/atmel/studio/7.0/toolchain/avr8/avr8-gnu-toolchain/bin/../lib/gcc/avr/5.4.0/../../../../avr/lib/avr5\libm.a(floatsisf.o)
                0x00002f78                __floatunsisf
                0x00002f7c                __floatsisf
 .text.avr-libc.fplib
                0x00002ff2       0x48 c:/program files (x86)/atmel/studio/7.0/toolchain/avr8/avr8-gnu-toolchain/bin/../lib/gcc/avr/5.4.0/../../../../avr/lib/avr5\libm.a(fp_cmp.o)
                0x00002ff2                __fp_cmp
 .text.avr-libc.fplib
                0x0000303a        0xc c:/program files (x86)/atmel/studio/7.0/toolchain/avr8/avr8-gnu-toolchain/bin/../lib/gcc/avr/5.4.0/../../../../avr/lib/avr5\libm.a(fp_inf.o)
                0x0000303a                __fp_inf
 .text.avr-libc.fplib
                0x00003046        0x6 c:/program files (x86)/atmel/studio/7.0/toolchain/avr8/avr8-gnu-toolchain/bin/../lib/gcc/avr/5.4.0/../../../../avr/lib/avr5\libm.a(fp_nan.o)
                0x00003046                __fp_nan
 .text.avr-libc.fplib
                0x0000304c        0xe c:/program files (x86)/atmel/studio/7.0/toolchain/avr8/avr8-gnu-toolchain/bin/../lib/gcc/avr/5.4.0/../../../../avr/lib/avr5\libm.a(fp_pscA.o)
                0x0000304c                __fp_pscA
 .text.avr-libc.fplib
                0x0000305a        0xe c:/program files (x86)/atmel/studio/7.0/toolchain/avr8/avr8-gnu-toolchain/bin/../lib/gcc/avr/5.4.0/../../../../avr/lib/avr5\libm.a(fp_pscB.o)
                0x0000305a                __fp_pscB
 .text.avr-libc.fplib
                0x00003068       0x22 c:/program files (x86)/atmel/studio/7.0/toolchain/avr8/avr8-gnu-toolchain/bin/../lib/gcc/avr/5.4.0/../../../../avr/lib/avr5\libm.a(fp_round.o)
                0x00003068                __fp_round
 .text.avr-libc.fplib
                0x0000308a       0x44 c:/program files (x86)/atmel/studio/7.0/toolchain/avr8/avr8-gnu-toolchain/bin/../lib/gcc/avr/5.4.0/../../../../avr/lib/avr5\libm.a(fp_split3.o)
                0x0000308a                __fp_split3
                0x0000309a                __fp_splitA
 .text.avr-libc.fplib
                0x000030ce        0xe c:/program files (x86)/atmel/studio/7.0/toolchain/avr8/avr8-gnu-toolchain/bin/../lib/gcc/avr/5.4.0/../../../../avr/lib/avr5\libm.a(fp_zero.o)
                0x000030ce                __fp_zero
                0x000030d0                __fp_szero
 .text.avr-libc.fplib
                0x000030dc        0x8 c:/program files (x86)/atmel/studio/7.0/toolchain/avr8/avr8-gnu-toolchain/bin/../lib/gcc/avr/5.4.0/../../../../avr/lib/avr5\libm.a(mulsf3.o)
                0x000030dc                __mulsf3
 .text.avr-libc.fplib
                0x000030e4       0xd2 c:/program files (x86)/atmel/studio/7.0/toolchain/avr8/avr8-gnu-toolchain/bin/../lib/gcc/avr/5.4.0/../../../../avr/lib/avr5\libm.a(mulsf3x.o)
                0x00003102                __mulsf3x
                0x00003108                __mulsf3_pse
 .text.avr-libc
                0x000031b6      0x6fa c:/program files (x86)/atmel/studio/7.0/toolchain/avr8/avr8-gnu-toolchain/bin/../lib/gcc/avr/5.4.0/../../../../avr/lib/avr5\libprintf_flt.a(vfprintf_flt.o)
                0x000031b6                vfprintf
 .text.libgcc.div
                0x000038b0       0x28 c:/program files (x86)/atmel/studio/7.0/toolchain/avr8/avr8-gnu-toolchain/bin/../lib/gcc/avr/5.4.0/avr5\libgcc.a(_divmodhi4.o)
                0x000038b0                _div
                0x000038b0                __divmodhi4
 .text.libgcc   0x000038d8        0xc c:/program files (x86)/atmel/studio/7.0/toolchain/avr8/avr8-gnu-toolchain/bin/../lib/gcc/avr/5.4.0/avr5\libgcc.a(_tablejump2.o)
                0x000038d8                __tablejump2__
 .text.libgcc.mul
                0x000038e4       0x1e c:/program files (x86)/atmel/studio/7.0/toolchain/avr8/avr8-gnu-toolchain/bin/../lib/gcc/avr/5.4.0/avr5\libgcc.a(_umulhisi3.o)
                0x000038e4                __umulhisi3
 .text.libgcc.prologue
                0x00003902       0x38 c:/program files (x86)/atmel/studio/7.0/toolchain/avr8/avr8-gnu-toolchain/bin/../lib/gcc/avr/5.4.0/avr5\libgcc.a(_prologue.o)
                0x00003902                __prologue_saves__
 .text.libgcc.prologue
                0x0000393a       0x36 c:/program files (x86)/atmel/studio/7.0/toolchain/avr8/avr8-gnu-toolchain/bin/../lib/gcc/avr/5.4.0/avr5\libgcc.a(_epilogue.o)
                0x0000393a                __epilogue_restores__
 .text.libgcc.div
                0x00003970       0x28 c:/program files (x86)/atmel/studio/7.0/toolchain/avr8/avr8-gnu-toolchain/bin/../lib/gcc/avr/5.4.0/avr5\libgcc.a(_udivmodhi4.o)
                0x00003970                __udivmodhi4
 .text.avr-libc
                0x00003998      0x1b0 c:/program files (x86)/atmel/studio/7.0/toolchain/avr8/avr8-gnu-toolchain/bin/../lib/gcc/avr/5.4.0/../../../../avr/lib/avr5\libc.a(ftoa_engine.o)
                0x00003998                __ftoa_engine
 .text.avr-libc
                0x00003b48       0x16 c:/program files (x86)/atmel/studio/7.0/toolchain/avr8/avr8-gnu-toolchain/bin/../lib/gcc/avr/5.4.0/../../../../avr/lib/avr5\libc.a(strnlen_P.o)
                0x00003b48                strnlen_P
 .text.avr-libc
                0x00003b5e       0x16 c:/program files (x86)/atmel/studio/7.0/toolchain/avr8/avr8-gnu-toolchain/bin/../lib/gcc/avr/5.4.0/../../../../avr/lib/avr5\libc.a(strnlen.o)
                0x00003b5e                strnlen
 .text.avr-libc
                0x00003b74       0x78 c:/program files (x86)/atmel/studio/7.0/toolchain/avr8/avr8-gnu-toolchain/bin/../lib/gcc/avr/5.4.0/../../../../avr/lib/avr5\libc.a(fputc.o)
                0x00003b74                fputc
 .text.avr-libc
                0x00003bec       0x38 c:/program files (x86)/atmel/studio/7.0/toolchain/avr8/avr8-gnu-toolchain/bin/../lib/gcc/avr/5.4.0/../../../../avr/lib/avr5\libc.a(vsprintf.o)
                0x00003bec                vsprintf
 .text.avr-libc
                0x00003c24       0xbc c:/program files (x86)/atmel/studio/7.0/toolchain/avr8/avr8-gnu-toolchain/bin/../lib/gcc/avr/5.4.0/../../../../avr/lib/avr5\libc.a(ultoa_invert.o)
                0x00003c24                __ultoa_invert
                0x00003ce0                . = ALIGN (0x2)
 *(.fini9)
 .fini9         0x00003ce0        0x0 c:/program files (x86)/atmel/studio/7.0/toolchain/avr8/avr8-gnu-toolchain/bin/../lib/gcc/avr/5.4.0/avr5\libgcc.a(_exit.o)
                0x00003ce0                _exit
                0x00003ce0                exit
 *(.fini9)
 *(.fini8)
 *(.fini8)
 *(.fini7)
 *(.fini7)
 *(.fini6)
 *(.fini6)
 *(.fini5)
 *(.fini5)
 *(.fini4)
 *(.fini4)
 *(.fini3)
 *(.fini3)
 *(.fini2)
 *(.fini2)
 *(.fini1)
 *(.fini1)
 *(.fini0)
 .fini0         0x00003ce0        0x4 c:/program files (x86)/atmel/studio/7.0/toolchain/avr8/avr8-gnu-toolchain/bin/../lib/gcc/avr/5.4.0/avr5\libgcc.a(_exit.o)
 *(.fini0)
                0x00003ce4                _etext = .

.data           0x00800060      0x256 load address 0x00003ce4
                0x00800060                PROVIDE (__data_start, .)
 *(.data)
 *(.data*)
 .data.but_tab  0x00800060       0x14 src/but.o
                0x00800060                but_tab
 .data.displaying_value
                0x00800074        0x1 src/disp.o
 .data.anim_iteration2.1996
                0x00800075        0x1 src/display_d.o
 .data.anim_iteration.1995
                0x00800076        0x1 src/display_d.o
 *(.gnu.linkonce.d*)
 *(.rodata)
 *(.rodata*)
 .rodata.str1.1
                0x00800077       0x27 main.o
 .rodata.str1.1
                0x0080009e       0x2b src/dcmotorpwm.o
 .rodata.str1.1
                0x008000c9      0x183 src/error_siewnik.o
 .rodata.str1.1
                0x0080024c       0x6a src/servo.o
 *(.gnu.linkonce.r*)
                0x008002b6                . = ALIGN (0x2)
                0x008002b6                _edata = .
                0x008002b6                PROVIDE (__data_end, .)

.bss            0x008002b6      0x287
                0x008002b6                PROVIDE (__bss_start, .)
 *(.bss)
 *(.bss*)
 .bss.state_led.1916
                0x008002b6        0x1 src/accumulator.o
 .bss.process_timer.1915
                0x008002b7        0x4 src/accumulator.o
 .bss.accumulator_timer.1911
                0x008002bb        0x4 src/accumulator.o
 .bss.accumulator_state
                0x008002bf        0x1 src/accumulator.o
 .bss.buzzer_state
                0x008002c0        0x4 src/buz.o
                0x008002c0                buzzer_state
 .bss.buzzer_timer
                0x008002c4        0x4 src/buz.o
                0x008002c4                buzzer_timer
 .bss.menu_timer.1995
                0x008002c8        0x4 src/dark_menu.o
 .bss.dcmotor_timer.1948
                0x008002cc        0x5 src/dcmotorpwm.o
 .bss.iteration
                0x008002d1        0x1 src/disp.o
 .bss.timer_anim.1994
                0x008002d2        0x4 src/display_d.o
 .bss.timer_disp_process.1974
                0x008002d6        0x4 src/display_d.o
 .bss.second_disp_blink_val
                0x008002da        0x1 src/display_d.o
 .bss.blink_cnt
                0x008002db        0x4 src/display_d.o
 .bss.blink_state
                0x008002df        0x1 src/display_d.o
 .bss.blink_servo_disp
                0x008002e0        0x5 src/display_d.o
 .bss.voltage   0x008002e5        0x2 src/display_d.o
 .bss.error_reason
                0x008002e7        0x1 src/display_d.o
 .bss.animation_time
                0x008002e8        0x4 src/display_d.o
 .bss.servo_disp_value
                0x008002ec        0x1 src/display_d.o
 .bss.motor_disp_value
                0x008002ed        0x1 src/display_d.o
 .bss.blink_timer.1961
                0x008002ee        0x5 src/error_siewnik.o
 .bss.error_event_timer.1931
                0x008002f3        0x4 src/error_siewnik.o
 .bss.servo_timer
                0x008002f7        0x5 src/error_siewnik.o
 .bss.error_servo_status
                0x008002fc        0x1 src/error_siewnik.o
 .bss.error_servo_state
                0x008002fd        0x1 src/error_siewnik.o
 .bss.servo_error_value
                0x008002fe        0x2 src/error_siewnik.o
 .bss.motor_error_value
                0x00800300        0x2 src/error_siewnik.o
 .bss.error_motor_status
                0x00800302        0x1 src/error_siewnik.o
 .bss.error_motor_last_state
                0x00800303        0x1 src/error_siewnik.o
 .bss.error_motor_state
                0x00800304        0x1 src/error_siewnik.o
 .bss.motor_timer
                0x00800305        0x5 src/error_siewnik.o
 .bss.measure_timer
                0x0080030a        0x4 src/measure.o
 .bss.s_o_t_adc
                0x0080030e        0x2 src/measure.o
 .bss.s_o_t_iteration_adc_table
                0x00800310        0x1 src/measure.o
 .bss.s_o_t_f_table
                0x00800311       0x14 src/measure.o
 .bss.s_o_t_filter_value
                0x00800325        0x2 src/measure.o
 .bss.motor_adc
                0x00800327        0x2 src/measure.o
 .bss.motor_f_table
                0x00800329       0x1e src/measure.o
 .bss.motor_filter_value
                0x00800347        0x2 src/measure.o
 .bss.iteration_adc_motor_table
                0x00800349        0x1 src/measure.o
 .bss.accumulator_tab
                0x0080034a       0x28 src/measure.o
 .bss.filtered_accum_adc_val
                0x00800372        0x2 src/measure.o
 .bss.accum_adc
                0x00800374        0x2 src/measure.o
 .bss.iteration_adc_accum_table
                0x00800376        0x1 src/measure.o
 .bss.timeout.2054
                0x00800377        0x5 src/servo.o
 .bss.timeout.2082
                0x0080037c        0x5 src/servo.o
 .bss.timeout.2086
                0x00800381        0x5 src/servo.o
 .bss.servo_timer.2093
                0x00800386        0x5 src/servo.o
 .bss.try_count
                0x0080038b        0x1 src/servo.o
 .bss.disp_fast_timer.2074
                0x0080038c        0x4 src/system.o
 .bss.disp_very_fast_timer
                0x00800390        0x4 src/system.o
 .bss.state_measure_volt
                0x00800394        0x1 src/system.o
 .bss.counter_very_fast_motor_sub
                0x00800395        0x1 src/system.o
 .bss.counter_very_fast_motor_add
                0x00800396        0x1 src/system.o
 .bss.counter_very_fast_servo_sub
                0x00800397        0x1 src/system.o
 .bss.counter_very_fast_servo_add
                0x00800398        0x1 src/system.o
 .bss.counter   0x00800399        0x2 src/tim.o
                0x00800399                counter
 .bss.UART_LastRxError
                0x0080039b        0x1 src/usart.o
 .bss.UART_RxTail
                0x0080039c        0x1 src/usart.o
 .bss.UART_RxHead
                0x0080039d        0x1 src/usart.o
 .bss.UART_TxTail
                0x0080039e        0x1 src/usart.o
 .bss.UART_TxHead
                0x0080039f        0x1 src/usart.o
 .bss.UART_RxBuf
                0x008003a0        0x0 src/usart.o
 .bss.UART_TxBuf
                0x008003a0       0x80 src/usart.o
 *(COMMON)
 COMMON         0x00800420       0x44 main.o
                0x00800420                system_events
                0x00800422                motor_value
                0x00800423                servo_vibro_value
                0x00800424                debug_buff
 COMMON         0x00800464       0x9a src/but.o
                0x00800464                button9
                0x00800473                button10
                0x00800482                button5
                0x00800491                button4
                0x008004a0                timer_button
                0x008004a4                button2
                0x008004b3                button3
                0x008004c2                button6
                0x008004d1                button1
                0x008004e0                button7
                0x008004ef                button8
 COMMON         0x008004fe        0x4 src/dark_menu.o
                0x008004fe                menu_param
                0x00800501                state_menu
 COMMON         0x00800502        0xa src/dcmotorpwm.o
                0x00800502                motorD
 COMMON         0x0080050c       0x1a src/disp.o
                0x0080050c                segment2
                0x00800511                segment1
                0x00800516                DispD3
                0x00800518                DispD1
                0x0080051a                disp_tab
                0x00800522                DispD4
                0x00800524                DispD2
 COMMON         0x00800526        0x2 src/display_d.o
                0x00800526                disp1_last_state
                0x00800527                disp2_last_state
 COMMON         0x00800528        0x1 src/error_siewnik.o
                0x00800528                led_blink
 COMMON         0x00800529        0xa src/servo.o
                0x00800529                servoD
 COMMON         0x00800533        0x4 src/system.o
                0x00800533                mem_last_save
                0x00800535                mem_save_prog
 COMMON         0x00800537        0x6 src/tim.o
                0x00800537                mktime
                0x0080053d                PROVIDE (__bss_end, .)
                0x00003ce4                __data_load_start = LOADADDR (.data)
                0x00003f3a                __data_load_end = (__data_load_start + SIZEOF (.data))

.noinit         0x0080053d        0x0
                [!provide]                PROVIDE (__noinit_start, .)
 *(.noinit*)
                [!provide]                PROVIDE (__noinit_end, .)
                0x0080053d                _end = .
                [!provide]                PROVIDE (__heap_start, .)

.eeprom         0x00810000        0x0
 *(.eeprom*)
                0x00810000                __eeprom_end = .

.fuse
 *(.fuse)
 *(.lfuse)
 *(.hfuse)
 *(.efuse)

.lock
 *(.lock*)

.signature
 *(.signature*)

.user_signatures
 *(.user_signatures*)

.stab
 *(.stab)

.stabstr
 *(.stabstr)

.stab.excl
 *(.stab.excl)

.stab.exclstr
 *(.stab.exclstr)

.stab.index
 *(.stab.index)

.stab.indexstr
 *(.stab.indexstr)

.comment        0x00000000       0x5c
 *(.comment)
 .comment       0x00000000       0x30 main.o
                                 0x31 (size before relaxing)
 .comment       0x00000030       0x31 src/accumulator.o
 .comment       0x00000030       0x31 src/adc.o
 .comment       0x00000030       0x31 src/but.o
 .comment       0x00000030       0x31 src/buz.o
 .comment       0x00000030       0x31 src/dark_menu.o
 .comment       0x00000030       0x31 src/dcmotorpwm.o
 .comment       0x00000030       0x31 src/disp.o
 .comment       0x00000030       0x31 src/display_d.o
 .comment       0x00000030       0x31 src/eeprom.o
 .comment       0x00000030       0x31 src/error_siewnik.o
 .comment       0x00000030       0x31 src/measure.o
 .comment       0x00000030       0x31 src/mem.o
 .comment       0x00000030       0x31 src/servo.o
 .comment       0x00000030       0x31 src/system.o
 .comment       0x00000030       0x31 src/tim.o
 .comment       0x00000030       0x31 src/usart.o
 .comment       0x00000030       0x2c c:/program files (x86)/atmel/studio/7.0/toolchain/avr8/avr8-gnu-toolchain/bin/../lib/gcc/avr/5.4.0/../../../../avr/lib/avr5\libprintf_flt.a(vfprintf_flt.o)
                                 0x2d (size before relaxing)
 .comment       0x0000005c       0x31 c:/program files (x86)/atmel/studio/7.0/toolchain/avr8/avr8-gnu-toolchain/bin/../lib/gcc/avr/5.4.0/../../../../avr/lib/avr5\libc.a(fputc.o)
 .comment       0x0000005c       0x31 c:/program files (x86)/atmel/studio/7.0/toolchain/avr8/avr8-gnu-toolchain/bin/../lib/gcc/avr/5.4.0/../../../../avr/lib/avr5\libc.a(vsprintf.o)

.note.gnu.avr.deviceinfo
                0x00000000       0x3c
 .note.gnu.avr.deviceinfo
                0x00000000       0x3c C:/Program Files (x86)/Atmel/Studio/7.0/Packs/atmel/ATmega_DFP/1.2.209/gcc/dev/atmega32/avr5/crtatmega32.o

.note.gnu.build-id
 *(.note.gnu.build-id)

.debug
 *(.debug)

.line
 *(.line)

.debug_srcinfo
 *(.debug_srcinfo)

.debug_sfnames
 *(.debug_sfnames)

.debug_aranges  0x00000000      0x5d0
 *(.debug_aranges)
 .debug_aranges
                0x00000000       0x38 main.o
 .debug_aranges
                0x00000038       0x30 src/accumulator.o
 .debug_aranges
                0x00000068       0x58 src/adc.o
 .debug_aranges
                0x000000c0       0x40 src/but.o
 .debug_aranges
                0x00000100       0x28 src/buz.o
 .debug_aranges
                0x00000128       0x88 src/dark_menu.o
 .debug_aranges
                0x000001b0       0x68 src/dcmotorpwm.o
 .debug_aranges
                0x00000218       0x58 src/disp.o
 .debug_aranges
                0x00000270       0x68 src/display_d.o
 .debug_aranges
                0x000002d8       0x28 src/eeprom.o
 .debug_aranges
                0x00000300       0x58 src/error_siewnik.o
 .debug_aranges
                0x00000358       0x40 src/measure.o
 .debug_aranges
                0x00000398       0x28 src/mem.o
 .debug_aranges
                0x000003c0       0x78 src/servo.o
 .debug_aranges
                0x00000438       0xd0 src/system.o
 .debug_aranges
                0x00000508       0x60 src/tim.o
 .debug_aranges
                0x00000568       0x68 src/usart.o

.debug_pubnames
 *(.debug_pubnames)

.debug_info     0x00000000     0x5397
 *(.debug_info .gnu.linkonce.wi.*)
 .debug_info    0x00000000      0x4e6 C:/Program Files (x86)/Atmel/Studio/7.0/Packs/atmel/ATmega_DFP/1.2.209/gcc/dev/atmega32/avr5/crtatmega32.o
 .debug_info    0x000004e6      0x414 main.o
 .debug_info    0x000008fa      0x200 src/accumulator.o
 .debug_info    0x00000afa      0x225 src/adc.o
 .debug_info    0x00000d1f      0x354 src/but.o
 .debug_info    0x00001073      0x198 src/buz.o
 .debug_info    0x0000120b      0x7a7 src/dark_menu.o
 .debug_info    0x000019b2      0x411 src/dcmotorpwm.o
 .debug_info    0x00001dc3      0x376 src/disp.o
 .debug_info    0x00002139      0x72e src/display_d.o
 .debug_info    0x00002867       0xdc src/eeprom.o
 .debug_info    0x00002943      0x6a0 src/error_siewnik.o
 .debug_info    0x00002fe3      0x3f4 src/measure.o
 .debug_info    0x000033d7      0x1cd src/mem.o
 .debug_info    0x000035a4      0x7a3 src/servo.o
 .debug_info    0x00003d47      0xc85 src/system.o
 .debug_info    0x000049cc      0x424 src/tim.o
 .debug_info    0x00004df0      0x5a7 src/usart.o

.debug_abbrev   0x00000000     0x1ece
 *(.debug_abbrev)
 .debug_abbrev  0x00000000      0x4a3 C:/Program Files (x86)/Atmel/Studio/7.0/Packs/atmel/ATmega_DFP/1.2.209/gcc/dev/atmega32/avr5/crtatmega32.o
 .debug_abbrev  0x000004a3      0x16e main.o
 .debug_abbrev  0x00000611      0x100 src/accumulator.o
 .debug_abbrev  0x00000711      0x12a src/adc.o
 .debug_abbrev  0x0000083b      0x18c src/but.o
 .debug_abbrev  0x000009c7       0xae src/buz.o
 .debug_abbrev  0x00000a75      0x218 src/dark_menu.o
 .debug_abbrev  0x00000c8d      0x19d src/dcmotorpwm.o
 .debug_abbrev  0x00000e2a      0x1b0 src/disp.o
 .debug_abbrev  0x00000fda      0x20f src/display_d.o
 .debug_abbrev  0x000011e9       0x8b src/eeprom.o
 .debug_abbrev  0x00001274      0x27a src/error_siewnik.o
 .debug_abbrev  0x000014ee      0x1bb src/measure.o
 .debug_abbrev  0x000016a9       0xcc src/mem.o
 .debug_abbrev  0x00001775      0x1ee src/servo.o
 .debug_abbrev  0x00001963      0x1d3 src/system.o
 .debug_abbrev  0x00001b36      0x201 src/tim.o
 .debug_abbrev  0x00001d37      0x197 src/usart.o

.debug_line     0x00000000     0x3b08
 *(.debug_line .debug_line.* .debug_line_end)
 .debug_line    0x00000000      0x115 C:/Program Files (x86)/Atmel/Studio/7.0/Packs/atmel/ATmega_DFP/1.2.209/gcc/dev/atmega32/avr5/crtatmega32.o
 .debug_line    0x00000115      0x2f2 main.o
 .debug_line    0x00000407      0x1b7 src/accumulator.o
 .debug_line    0x000005be      0x1b0 src/adc.o
 .debug_line    0x0000076e      0x3cf src/but.o
 .debug_line    0x00000b3d      0x11a src/buz.o
 .debug_line    0x00000c57      0x5cf src/dark_menu.o
 .debug_line    0x00001226      0x30b src/dcmotorpwm.o
 .debug_line    0x00001531      0x606 src/disp.o
 .debug_line    0x00001b37      0x4af src/display_d.o
 .debug_line    0x00001fe6       0xf3 src/eeprom.o
 .debug_line    0x000020d9      0x4b6 src/error_siewnik.o
 .debug_line    0x0000258f      0x272 src/measure.o
 .debug_line    0x00002801      0x190 src/mem.o
 .debug_line    0x00002991      0x40d src/servo.o
 .debug_line    0x00002d9e      0x73b src/system.o
 .debug_line    0x000034d9      0x27f src/tim.o
 .debug_line    0x00003758      0x3b0 src/usart.o

.debug_frame    0x00000000      0xd8c
 *(.debug_frame)
 .debug_frame   0x00000000       0x70 main.o
 .debug_frame   0x00000070       0x44 src/accumulator.o
 .debug_frame   0x000000b4       0xbc src/adc.o
 .debug_frame   0x00000170       0x88 src/but.o
 .debug_frame   0x000001f8       0x34 src/buz.o
 .debug_frame   0x0000022c      0x154 src/dark_menu.o
 .debug_frame   0x00000380       0xe0 src/dcmotorpwm.o
 .debug_frame   0x00000460       0xc8 src/disp.o
 .debug_frame   0x00000528       0xc8 src/display_d.o
 .debug_frame   0x000005f0       0x34 src/eeprom.o
 .debug_frame   0x00000624      0x168 src/error_siewnik.o
 .debug_frame   0x0000078c       0x84 src/measure.o
 .debug_frame   0x00000810       0x6c src/mem.o
 .debug_frame   0x0000087c      0x140 src/servo.o
 .debug_frame   0x000009bc      0x184 src/system.o
 .debug_frame   0x00000b40      0x12c src/tim.o
 .debug_frame   0x00000c6c      0x120 src/usart.o

.debug_str      0x00000000     0x195d
 *(.debug_str)
 .debug_str     0x00000000      0x196 C:/Program Files (x86)/Atmel/Studio/7.0/Packs/atmel/ATmega_DFP/1.2.209/gcc/dev/atmega32/avr5/crtatmega32.o
 .debug_str     0x00000196      0x314 main.o
                                0x36c (size before relaxing)
 .debug_str     0x000004aa      0x13d src/accumulator.o
                                0x2ce (size before relaxing)
 .debug_str     0x000005e7       0xb7 src/adc.o
                                0x229 (size before relaxing)
 .debug_str     0x0000069e       0xde src/but.o
                                0x289 (size before relaxing)
 .debug_str     0x0000077c      0x1a8 src/buz.o
                                0x342 (size before relaxing)
 .debug_str     0x00000924      0x24c src/dark_menu.o
                                0x49a (size before relaxing)
 .debug_str     0x00000b70      0x16b src/dcmotorpwm.o
                                0x31d (size before relaxing)
 .debug_str     0x00000cdb       0xa5 src/disp.o
                                0x2a4 (size before relaxing)
 .debug_str     0x00000d80      0x20c src/display_d.o
                                0x536 (size before relaxing)
 .debug_str     0x00000f8c       0x21 src/eeprom.o
                                0x198 (size before relaxing)
 .debug_str     0x00000fad      0x247 src/error_siewnik.o
                                0x6ab (size before relaxing)
 .debug_str     0x000011f4      0x105 src/measure.o
                                0x32e (size before relaxing)
 .debug_str     0x000012f9       0x8c src/mem.o
                                0x20c (size before relaxing)
 .debug_str     0x00001385      0x17e src/servo.o
                                0x3bf (size before relaxing)
 .debug_str     0x00001503      0x2a9 src/system.o
                                0x8ee (size before relaxing)
 .debug_str     0x000017ac       0x7e src/tim.o
                                0x2ee (size before relaxing)
 .debug_str     0x0000182a      0x133 src/usart.o
                                0x2ba (size before relaxing)

.debug_loc      0x00000000     0x2607
 *(.debug_loc)
 .debug_loc     0x00000000       0x9c main.o
 .debug_loc     0x0000009c      0x26d src/adc.o
 .debug_loc     0x00000309       0xf9 src/but.o
 .debug_loc     0x00000402      0x460 src/dark_menu.o
 .debug_loc     0x00000862      0x1bc src/dcmotorpwm.o
 .debug_loc     0x00000a1e      0x1c5 src/disp.o
 .debug_loc     0x00000be3      0x210 src/display_d.o
 .debug_loc     0x00000df3       0x24 src/eeprom.o
 .debug_loc     0x00000e17      0x3b8 src/error_siewnik.o
 .debug_loc     0x000011cf      0x1bc src/measure.o
 .debug_loc     0x0000138b      0x377 src/mem.o
 .debug_loc     0x00001702      0x3e8 src/servo.o
 .debug_loc     0x00001aea      0x23a src/system.o
 .debug_loc     0x00001d24      0x3c8 src/tim.o
 .debug_loc     0x000020ec      0x51b src/usart.o

.debug_macinfo
 *(.debug_macinfo)

.debug_weaknames
 *(.debug_weaknames)

.debug_funcnames
 *(.debug_funcnames)

.debug_typenames
 *(.debug_typenames)

.debug_varnames
 *(.debug_varnames)

.debug_pubtypes
 *(.debug_pubtypes)

.debug_ranges   0x00000000      0x508
 *(.debug_ranges)
 .debug_ranges  0x00000000       0x28 main.o
 .debug_ranges  0x00000028       0x20 src/accumulator.o
 .debug_ranges  0x00000048       0x48 src/adc.o
 .debug_ranges  0x00000090       0x30 src/but.o
 .debug_ranges  0x000000c0       0x18 src/buz.o
 .debug_ranges  0x000000d8       0x78 src/dark_menu.o
 .debug_ranges  0x00000150       0x58 src/dcmotorpwm.o
 .debug_ranges  0x000001a8       0x48 src/disp.o
 .debug_ranges  0x000001f0       0x58 src/display_d.o
 .debug_ranges  0x00000248       0x18 src/eeprom.o
 .debug_ranges  0x00000260       0x48 src/error_siewnik.o
 .debug_ranges  0x000002a8       0x30 src/measure.o
 .debug_ranges  0x000002d8       0x48 src/mem.o
 .debug_ranges  0x00000320       0x68 src/servo.o
 .debug_ranges  0x00000388       0xc0 src/system.o
 .debug_ranges  0x00000448       0x50 src/tim.o
 .debug_ranges  0x00000498       0x70 src/usart.o

.debug_macro
 *(.debug_macro)
OUTPUT(nowy_sterownik.elf elf32-avr)
LOAD linker stubs
