Archive member included to satisfy reference by file (symbol)

c:/program files (x86)/atmel/studio/7.0/toolchain/avr8/avr8-gnu-toolchain/bin/../lib/gcc/avr/5.4.0/../../../../avr/lib/avr5\libm.a(addsf3.o)
                              src/error.o (__subsf3)
c:/program files (x86)/atmel/studio/7.0/toolchain/avr8/avr8-gnu-toolchain/bin/../lib/gcc/avr/5.4.0/../../../../avr/lib/avr5\libm.a(addsf3x.o)
                              c:/program files (x86)/atmel/studio/7.0/toolchain/avr8/avr8-gnu-toolchain/bin/../lib/gcc/avr/5.4.0/../../../../avr/lib/avr5\libm.a(addsf3.o) (__addsf3x)
c:/program files (x86)/atmel/studio/7.0/toolchain/avr8/avr8-gnu-toolchain/bin/../lib/gcc/avr/5.4.0/../../../../avr/lib/avr5\libm.a(cmpsf2.o)
                              src/error.o (__ltsf2)
c:/program files (x86)/atmel/studio/7.0/toolchain/avr8/avr8-gnu-toolchain/bin/../lib/gcc/avr/5.4.0/../../../../avr/lib/avr5\libm.a(divsf3.o)
                              src/error.o (__divsf3)
c:/program files (x86)/atmel/studio/7.0/toolchain/avr8/avr8-gnu-toolchain/bin/../lib/gcc/avr/5.4.0/../../../../avr/lib/avr5\libm.a(divsf3x.o)
                              c:/program files (x86)/atmel/studio/7.0/toolchain/avr8/avr8-gnu-toolchain/bin/../lib/gcc/avr/5.4.0/../../../../avr/lib/avr5\libm.a(divsf3.o) (__divsf3x)
c:/program files (x86)/atmel/studio/7.0/toolchain/avr8/avr8-gnu-toolchain/bin/../lib/gcc/avr/5.4.0/../../../../avr/lib/avr5\libm.a(fixsfsi.o)
                              src/display_d.o (__fixsfsi)
c:/program files (x86)/atmel/studio/7.0/toolchain/avr8/avr8-gnu-toolchain/bin/../lib/gcc/avr/5.4.0/../../../../avr/lib/avr5\libm.a(fixunssfsi.o)
                              src/error.o (__fixunssfsi)
c:/program files (x86)/atmel/studio/7.0/toolchain/avr8/avr8-gnu-toolchain/bin/../lib/gcc/avr/5.4.0/../../../../avr/lib/avr5\libm.a(floatsisf.o)
                              src/accumulator.o (__floatunsisf)
c:/program files (x86)/atmel/studio/7.0/toolchain/avr8/avr8-gnu-toolchain/bin/../lib/gcc/avr/5.4.0/../../../../avr/lib/avr5\libm.a(fp_cmp.o)
                              c:/program files (x86)/atmel/studio/7.0/toolchain/avr8/avr8-gnu-toolchain/bin/../lib/gcc/avr/5.4.0/../../../../avr/lib/avr5\libm.a(cmpsf2.o) (__fp_cmp)
c:/program files (x86)/atmel/studio/7.0/toolchain/avr8/avr8-gnu-toolchain/bin/../lib/gcc/avr/5.4.0/../../../../avr/lib/avr5\libm.a(fp_inf.o)
                              c:/program files (x86)/atmel/studio/7.0/toolchain/avr8/avr8-gnu-toolchain/bin/../lib/gcc/avr/5.4.0/../../../../avr/lib/avr5\libm.a(addsf3x.o) (__fp_inf)
c:/program files (x86)/atmel/studio/7.0/toolchain/avr8/avr8-gnu-toolchain/bin/../lib/gcc/avr/5.4.0/../../../../avr/lib/avr5\libm.a(fp_nan.o)
                              c:/program files (x86)/atmel/studio/7.0/toolchain/avr8/avr8-gnu-toolchain/bin/../lib/gcc/avr/5.4.0/../../../../avr/lib/avr5\libm.a(addsf3x.o) (__fp_nan)
c:/program files (x86)/atmel/studio/7.0/toolchain/avr8/avr8-gnu-toolchain/bin/../lib/gcc/avr/5.4.0/../../../../avr/lib/avr5\libm.a(fp_pscA.o)
                              c:/program files (x86)/atmel/studio/7.0/toolchain/avr8/avr8-gnu-toolchain/bin/../lib/gcc/avr/5.4.0/../../../../avr/lib/avr5\libm.a(addsf3x.o) (__fp_pscA)
c:/program files (x86)/atmel/studio/7.0/toolchain/avr8/avr8-gnu-toolchain/bin/../lib/gcc/avr/5.4.0/../../../../avr/lib/avr5\libm.a(fp_pscB.o)
                              c:/program files (x86)/atmel/studio/7.0/toolchain/avr8/avr8-gnu-toolchain/bin/../lib/gcc/avr/5.4.0/../../../../avr/lib/avr5\libm.a(addsf3x.o) (__fp_pscB)
c:/program files (x86)/atmel/studio/7.0/toolchain/avr8/avr8-gnu-toolchain/bin/../lib/gcc/avr/5.4.0/../../../../avr/lib/avr5\libm.a(fp_round.o)
                              c:/program files (x86)/atmel/studio/7.0/toolchain/avr8/avr8-gnu-toolchain/bin/../lib/gcc/avr/5.4.0/../../../../avr/lib/avr5\libm.a(addsf3.o) (__fp_round)
c:/program files (x86)/atmel/studio/7.0/toolchain/avr8/avr8-gnu-toolchain/bin/../lib/gcc/avr/5.4.0/../../../../avr/lib/avr5\libm.a(fp_split3.o)
                              c:/program files (x86)/atmel/studio/7.0/toolchain/avr8/avr8-gnu-toolchain/bin/../lib/gcc/avr/5.4.0/../../../../avr/lib/avr5\libm.a(addsf3x.o) (__fp_split3)
c:/program files (x86)/atmel/studio/7.0/toolchain/avr8/avr8-gnu-toolchain/bin/../lib/gcc/avr/5.4.0/../../../../avr/lib/avr5\libm.a(fp_zero.o)
                              c:/program files (x86)/atmel/studio/7.0/toolchain/avr8/avr8-gnu-toolchain/bin/../lib/gcc/avr/5.4.0/../../../../avr/lib/avr5\libm.a(addsf3x.o) (__fp_zero)
c:/program files (x86)/atmel/studio/7.0/toolchain/avr8/avr8-gnu-toolchain/bin/../lib/gcc/avr/5.4.0/../../../../avr/lib/avr5\libm.a(gesf2.o)
                              src/error_siewnik.o (__gtsf2)
c:/program files (x86)/atmel/studio/7.0/toolchain/avr8/avr8-gnu-toolchain/bin/../lib/gcc/avr/5.4.0/../../../../avr/lib/avr5\libm.a(mulsf3.o)
                              src/accumulator.o (__mulsf3)
[...]
Memory Configuration

Name             Origin             Length             Attributes
text             0x00000000         0x00020000         xr
data             0x00800060         0x0000ffa0         rw !x
eeprom           0x00810000         0x00010000         rw !x
fuse             0x00820000         0x00000002         rw !x
lock             0x00830000         0x00000400         rw !x
signature        0x00840000         0x00000400         rw !x
user_signatures  0x00850000         0x00000400         rw !x
*default*        0x00000000         0xffffffff

Linker script and memory map

LOAD C:/Program Files (x86)/Atmel/Studio/7.0/Packs/atmel/ATmega_DFP/1.2.209/gcc/dev/atmega32/avr5/crtatmega32.o
LOAD main.o
LOAD src/accumulator.o
LOAD src/adc.o
LOAD src/but.o
LOAD src/buz.o
LOAD src/dark_menu.o
LOAD src/dcmotorpwm.o
LOAD src/disp.o
LOAD src/display_d.o
LOAD src/eeprom.o
LOAD src/error.o
LOAD src/error_siewnik.o
LOAD src/error_solarka.o
LOAD src/measure.o
LOAD src/mem.o
LOAD src/servo.o
LOAD src/system.o
LOAD src/tim.o
LOAD src/usart.o
LOAD src/vibro.o
START GROUP
LOAD c:/program files (x86)/atmel/studio/7.0/toolchain/avr8/avr8-gnu-toolchain/bin/../lib/gcc/avr/5.4.0/../../../../avr/lib/avr5\libm.a
END GROUP
LOAD c:/program files (x86)/atmel/studio/7.0/toolchain/avr8/avr8-gnu-toolchain/bin/../lib/gcc/avr/5.4.0/../../../../avr/lib/avr5\libprintf_flt.a
START GROUP
LOAD c:/program files (x86)/atmel/studio/7.0/toolchain/avr8/avr8-gnu-toolchain/bin/../lib/gcc/avr/5.4.0/avr5\libgcc.a
LOAD c:/program files (x86)/atmel/studio/7.0/toolchain/avr8/avr8-gnu-toolchain/bin/../lib/gcc/avr/5.4.0/../../../../avr/lib/avr5\libm.a
LOAD c:/program files (x86)/atmel/studio/7.0/toolchain/avr8/avr8-gnu-toolchain/bin/../lib/gcc/avr/5.4.0/../../../../avr/lib/avr5\libc.a
LOAD C:/Program Files (x86)/Atmel/Studio/7.0/Packs/atmel/ATmega_DFP/1.2.209/gcc/dev/atmega32/avr5\libatmega32.a
END GROUP
                0x00020000                __TEXT_REGION_LENGTH__ = DEFINED (__TEXT_REGION_LENGTH__)?__TEXT_REGION_LENGTH__:0x20000
                0x0000ffa0                __DATA_REGION_LENGTH__ = DEFINED (__DATA_REGION_LENGTH__)?__DATA_REGION_LENGTH__:0xffa0
                0x00010000                __EEPROM_REGION_LENGTH__ = DEFINED (__EEPROM_REGION_LENGTH__)?__EEPROM_REGION_LENGTH__:0x10000
                [0x00000002]                __FUSE_REGION_LENGTH__ = DEFINED (__FUSE_REGION_LENGTH__)?__FUSE_REGION_LENGTH__:0x400
                0x00000400                __LOCK_REGION_LENGTH__ = DEFINED (__LOCK_REGION_LENGTH__)?__LOCK_REGION_LENGTH__:0x400
                0x00000400                __SIGNATURE_REGION_LENGTH__ = DEFINED (__SIGNATURE_REGION_LENGTH__)?__SIGNATURE_REGION_LENGTH__:0x400
                0x00000400                __USER_SIGNATURE_REGION_LENGTH__ = DEFINED (__USER_SIGNATURE_REGION_LENGTH__)?__USER_SIGNATURE_REGION_LENGTH__:0x400

.hash
 *(.hash)

.dynsym
 *(.dynsym)

.dynstr
 *(.dynstr)

.gnu.version
 *(.gnu.version)

.gnu.version_d
 *(.gnu.version_d)

.gnu.version_r
 *(.gnu.version_r)

.rel.init
 *(.rel.init)

.rela.init
 *(.rela.init)

.rel.text
 *(.rel.text)
 *(.rel.text.*)
 *(.rel.gnu.linkonce.t*)

.rela.text
 *(.rela.text)
 *(.rela.text.*)
 *(.rela.gnu.linkonce.t*)

.rel.fini
 *(.rel.fini)

.rela.fini
 *(.rela.fini)

.rel.rodata
 *(.rel.rodata)
 *(.rel.rodata.*)
 *(.rel.gnu.linkonce.r*)

.rela.rodata
 *(.rela.rodata)
 *(.rela.rodata.*)
 *(.rela.gnu.linkonce.r*)

.rel.data
 *(.rel.data)
 *(.rel.data.*)
 *(.rel.gnu.linkonce.d*)

.rela.data
 *(.rela.data)
 *(.rela.data.*)
 *(.rela.gnu.linkonce.d*)

.rel.ctors
 *(.rel.ctors)

.rela.ctors
 *(.rela.ctors)

.rel.dtors
 *(.rel.dtors)

.rela.dtors
 *(.rela.dtors)

.rel.got
 *(.rel.got)

.rela.got
 *(.rela.got)

.rel.bss
 *(.rel.bss)

.rela.bss
 *(.rela.bss)

.rel.plt
 *(.rel.plt)

.rela.plt
 *(.rela.plt)

.text           0x00000000     0x447e
 *(.vectors)
 .vectors       0x00000000       0x54 C:/Program Files (x86)/Atmel/Studio/7.0/Packs/atmel/ATmega_DFP/1.2.209/gcc/dev/atmega32/avr5/crtatmega32.o
                0x00000000                __vector_default
                0x00000000                __vectors
 *(.vectors)
 *(.progmem.gcc*)
 .progmem.gcc_sw_table.display_set_value
                0x00000054      0x1fe src/disp.o
 .progmem.gcc_fplib
                0x00000252       0x28 c:/program files (x86)/atmel/studio/7.0/toolchain/avr8/avr8-gnu-toolchain/bin/../lib/gcc/avr/5.4.0/../../../../avr/lib/avr5\libm.a(exp.o)
 .progmem.gcc_fplib
                0x0000027a       0x5a c:/program files (x86)/atmel/studio/7.0/toolchain/avr8/avr8-gnu-toolchain/bin/../lib/gcc/avr/5.4.0/../../../../avr/lib/avr5\libm.a(log.o)
                0x000002d4                . = ALIGN (0x2)
                0x000002d4                __trampolines_start = .
 *(.trampolines)
 .trampolines   0x000002d4        0x0 linker stubs
 *(.trampolines*)
                0x000002d4                __trampolines_end = .
 *libprintf_flt.a:*(.progmem.data)
 .progmem.data  0x000002d4        0x8 c:/program files (x86)/atmel/studio/7.0/toolchain/avr8/avr8-gnu-toolchain/bin/../lib/gcc/avr/5.4.0/../../../../avr/lib/avr5\libprintf_flt.a(vfprintf_flt.o)
 *libc.a:*(.progmem.data)
 .progmem.data  0x000002dc       0xfa c:/program files (x86)/atmel/studio/7.0/toolchain/avr8/avr8-gnu-toolchain/bin/../lib/gcc/avr/5.4.0/../../../../avr/lib/avr5\libc.a(ftoa_engine.o)
 *(.progmem*)
                0x000003d6                . = ALIGN (0x2)
 *(.jumptables)
 *(.jumptables*)
 *(.lowtext)
 *(.lowtext*)
                0x000003d6                __ctors_start = .
 *(.ctors)
                0x000003d6                __ctors_end = .
                0x000003d6                __dtors_start = .
 *(.dtors)
                0x000003d6                __dtors_end = .
 SORT(*)(.ctors)
 SORT(*)(.dtors)
 *(.init0)
 .init0         0x000003d6        0x0 C:/Program Files (x86)/Atmel/Studio/7.0/Packs/atmel/ATmega_DFP/1.2.209/gcc/dev/atmega32/avr5/crtatmega32.o
                0x000003d6                __init
 *(.init0)
 *(.init1)
 *(.init1)
 *(.init2)
 .init2         0x000003d6        0xc C:/Program Files (x86)/Atmel/Studio/7.0/Packs/atmel/ATmega_DFP/1.2.209/gcc/dev/atmega32/avr5/crtatmega32.o
 *(.init2)
 *(.init3)
 *(.init3)
 *(.init4)
 .init4         0x000003e2       0x16 c:/program files (x86)/atmel/studio/7.0/toolchain/avr8/avr8-gnu-toolchain/bin/../lib/gcc/avr/5.4.0/avr5\libgcc.a(_copy_data.o)
                0x000003e2                __do_copy_data
 .init4         0x000003f8       0x10 c:/program files (x86)/atmel/studio/7.0/toolchain/avr8/avr8-gnu-toolchain/bin/../lib/gcc/avr/5.4.0/avr5\libgcc.a(_clear_bss.o)
                0x000003f8                __do_clear_bss
 *(.init4)
 *(.init5)
 *(.init5)
 *(.init6)
 *(.init6)
 *(.init7)
 *(.init7)
 *(.init8)
 *(.init8)
 *(.init9)
 .init9         0x00000408        0x8 C:/Program Files (x86)/Atmel/Studio/7.0/Packs/atmel/ATmega_DFP/1.2.209/gcc/dev/atmega32/avr5/crtatmega32.o
 *(.init9)
 *(.text)
 .text          0x00000410        0x4 C:/Program Files (x86)/Atmel/Studio/7.0/Packs/atmel/ATmega_DFP/1.2.209/gcc/dev/atmega32/avr5/crtatmega32.o
                0x00000410                __vector_1
                0x00000410                __vector_12
                0x00000410                __bad_interrupt
                0x00000410                __vector_6
                0x00000410                __vector_3
                0x00000410                __vector_11
                0x00000410                __vector_17
                0x00000410                __vector_19
                0x00000410                __vector_7
                0x00000410                __vector_5
                0x00000410                __vector_4
                0x00000410                __vector_9
                0x00000410                __vector_2
                0x00000410                __vector_15
                0x00000410                __vector_8
                0x00000410                __vector_16
                0x00000410                __vector_18
                0x00000410                __vector_20
                0x00000414                . = ALIGN (0x2)
 *(.text.*)
 .text.debug_msg
                0x00000414       0x2c main.o
                0x00000414                debug_msg
 .text.init_pin
                0x00000440        0xa main.o
                0x00000440                init_pin
 .text.init_driver
                0x0000044a       0x28 main.o
                0x0000044a                init_driver
 .text.main     0x00000472       0x64 main.o
                0x00000472                main
 .text.accum_get_voltage
                0x000004d6       0x38 src/accumulator.o
                0x000004d6                accum_get_voltage
 .text.accumulator_process
                0x0000050e       0x92 src/accumulator.o
                0x0000050e                accumulator_process
 .text.accum_led_process
                0x000005a0      0x13a src/accumulator.o
                0x000005a0                accum_led_process
 .text.adc_setchannel
                0x000006da       0x10 src/adc.o
                0x000006da                adc_setchannel
 .text.adc_readsel
                0x000006ea        0xc src/adc.o
                0x000006ea                adc_readsel
 .text.adc_read
                0x000006f6        0xa src/adc.o
                0x000006f6                adc_read
 .text.read_button
                0x00000700       0x24 src/but.o
                0x00000700                read_button
 .text.init_but_struct
                0x00000724      0x120 src/but.o
                0x00000724                init_but_struct
 .text.process_button
                0x00000844      0x154 src/but.o
                0x00000844                process_button
 .text.init_buttons
                0x00000998       0x2e src/but.o
                0x00000998                init_buttons
 .text.buzzer_process
                0x000009c6       0xe0 src/buz.o
                0x000009c6                buzzer_process
 .text.init_buzzer
                0x00000aa6        0x6 src/buz.o
                0x00000aa6                init_buzzer
 .text.button_7_menu
                0x00000aac       0x28 src/dark_menu.o
 .text.button_debug_msg
                0x00000ad4       0x4e src/dark_menu.o
 .text.button_6_menu
                0x00000b22       0x2e src/dark_menu.o
 .text.button_5_menu
                0x00000b50       0x22 src/dark_menu.o
 .text.button_2_menu
                0x00000b72       0x14 src/dark_menu.o
 .text.button_1_menu
                0x00000b86       0x14 src/dark_menu.o
 .text.button_3_menu
                0x00000b9a       0x1a src/dark_menu.o
 .text.pass_add_number
                0x00000bb4       0xd8 src/dark_menu.o
 .text.button_7_number
                0x00000c8c        0x8 src/dark_menu.o
 .text.button_6_number
                0x00000c94        0x8 src/dark_menu.o
 .text.button_5_number
                0x00000c9c        0x8 src/dark_menu.o
 .text.button_3_number
                0x00000ca4        0x8 src/dark_menu.o
 .text.button_2_number
                0x00000cac        0x8 src/dark_menu.o
 .text.button_1_number
                0x00000cb4        0x8 src/dark_menu.o
 .text.menu_process
                0x00000cbc      0x104 src/dark_menu.o
                0x00000cbc                menu_process
 .text.init_menu
                0x00000dc0       0xd2 src/dark_menu.o
                0x00000dc0                init_menu
 .text.dark_menu_get_value
                0x00000e92       0x14 src/dark_menu.o
                0x00000e92                dark_menu_get_value
 .text.dcmotorpwm_init
                0x00000ea6       0x28 src/dcmotorpwm.o
                0x00000ea6                dcmotorpwm_init
 .text.dcmotorpwm_deinit
                0x00000ece        0xc src/dcmotorpwm.o
                0x00000ece                dcmotorpwm_deinit
 .text.dcmotor_is_on
                0x00000eda       0x16 src/dcmotorpwm.o
                0x00000eda                dcmotor_is_on
 .text.dcmotorpwm_stop
                0x00000ef0       0x30 src/dcmotorpwm.o
                0x00000ef0                dcmotorpwm_stop
 .text.dcmotorpwm_start
                0x00000f20       0x44 src/dcmotorpwm.o
                0x00000f20                dcmotorpwm_start
 .text.dcmotor_get_pwm
                0x00000f64        0x8 src/dcmotorpwm.o
                0x00000f64                dcmotor_get_pwm
 .text.dcmotor_set_error
                0x00000f6c       0x1c src/dcmotorpwm.o
                0x00000f6c                dcmotor_set_error
 .text.dcmotor_set_try
                0x00000f88       0x14 src/dcmotorpwm.o
                0x00000f88                dcmotor_set_try
 .text.dcmotor_set_normal_state
                0x00000f9c       0x14 src/dcmotorpwm.o
                0x00000f9c                dcmotor_set_normal_state
 .text.dcmotor_process
                0x00000fb0       0xce src/dcmotorpwm.o
                0x00000fb0                dcmotor_process
 .text.clear_display
                0x0000107e       0x10 src/disp.o
 .text.off_all_displays
                0x0000108e       0x1a src/disp.o
                0x0000108e                off_all_displays
 .text.init_display_drv
                0x000010a8       0x62 src/disp.o
                0x000010a8                init_display_drv
 .text.display_set_value
                0x0000110a      0x142 src/disp.o
                0x0000110a                display_set_value
 .text.on_display
                0x0000124c       0x5a src/disp.o
                0x0000124c                on_display
 .text.display_process
                0x000012a6       0x94 src/disp.o
                0x000012a6                display_process
 .text.disp_set_number
                0x0000133a       0x46 src/disp.o
                0x0000133a                disp_set_number
 .text.disp_set_symb
                0x00001380        0x6 src/disp.o
                0x00001380                disp_set_symb
 .text.dip_set_value
                0x00001386       0x22 src/display_d.o
                0x00001386                dip_set_value
 .text.disp_get_state
                0x000013a8       0x20 src/display_d.o
                0x000013a8                disp_get_state
 .text.disp_disable_voltage
                0x000013c8       0x22 src/display_d.o
                0x000013c8                disp_disable_voltage
 .text.disp_set_state
                0x000013ea       0x7c src/display_d.o
                0x000013ea                disp_set_state
 .text.display_set_error
                0x00001466       0x10 src/display_d.o
                0x00001466                display_set_error
 .text.disp_off_segments
                0x00001476       0x2a src/display_d.o
                0x00001476                disp_off_segments
 .text.disp_process
                0x000014a0      0x27a src/display_d.o
                0x000014a0                disp_process
 .text.on_animation
                0x0000171a       0x3e src/display_d.o
                0x0000171a                on_animation
 .text.animation
                0x00001758      0x104 src/display_d.o
                0x00001758                animation
 .text.EEPROM_write
                0x0000185c       0x10 src/eeprom.o
                0x0000185c                EEPROM_write
 .text.EEPROM_read
                0x0000186c        0xe src/eeprom.o
                0x0000186c                EEPROM_read
 .text.set_error_state
                0x0000187a       0x30 src/error_siewnik.o
 .text.error_init
                0x000018aa       0x2a src/error_siewnik.o
                0x000018aa                error_init
 .text.error_deinit
                0x000018d4       0x2a src/error_siewnik.o
                0x000018d4                error_deinit
 .text.error_event
                0x000018fe      0x542 src/error_siewnik.o
                0x000018fe                error_event
 .text.error_led_blink
                0x00001e40       0x58 src/error_siewnik.o
                0x00001e40                error_led_blink
 .text.filtered_value
                0x00001e98       0x24 src/measure.o
 .text.init_measure
                0x00001ebc       0x3c src/measure.o
                0x00001ebc                init_measure
 .text.measure_process
                0x00001ef8      0x27a src/measure.o
                0x00001ef8                measure_process
 .text.measure_get_servo_calibration
                0x00002172       0x78 src/measure.o
                0x00002172                measure_get_servo_calibration
 .text.measure_get_filtered_value
                0x000021ea       0x32 src/measure.o
                0x000021ea                measure_get_filtered_value
 .text.measure_get_current
                0x0000221c       0x78 src/measure.o
                0x0000221c                measure_get_current
 .text.mem_save_data
                0x00002294       0x88 src/mem.o
                0x00002294                mem_save_data
 .text.mem_read_data
                0x0000231c       0x88 src/mem.o
                0x0000231c                mem_read_data
 .text.servo_set_pwm_val
                0x000023a4       0x58 src/servo.o
                0x000023a4                servo_set_pwm_val
 .text.servo_error
                0x000023fc       0x10 src/servo.o
                0x000023fc                servo_error
 .text.servo_init
                0x0000240c       0x66 src/servo.o
                0x0000240c                servo_init
 .text.servo_is_open
                0x00002472       0x16 src/servo.o
                0x00002472                servo_is_open
 .text.servo_delayed_open
                0x00002488       0x36 src/servo.o
                0x00002488                servo_delayed_open
 .text.servo_enable_try
                0x000024be       0x18 src/servo.o
                0x000024be                servo_enable_try
 .text.servo_get_try_cnt
                0x000024d6        0x8 src/servo.o
                0x000024d6                servo_get_try_cnt
 .text.servo_close
                0x000024de       0x4a src/servo.o
                0x000024de                servo_close
 .text.servo_exit_try
                0x00002528       0x34 src/servo.o
 .text.servo_open
                0x0000255c       0x56 src/servo.o
                0x0000255c                servo_open
 .text.servo_process
                0x000025b2      0x18e src/servo.o
                0x000025b2                servo_process
 .text.off_button
                0x00002740       0x82 src/system.o
 .text.button_motor_sub_timer_cb
                0x000027c2       0x1c src/system.o
                0x000027c2                button_motor_sub_timer_cb
 .text.button_motor_add_timer_cb
                0x000027de       0x1c src/system.o
                0x000027de                button_motor_add_timer_cb
 .text.b_servo_vibro_sub_timer
                0x000027fa       0x14 src/system.o
                0x000027fa                b_servo_vibro_sub_timer
 .text.b_servo_vibro_sub_rise
                0x0000280e       0x18 src/system.o
                0x0000280e                b_servo_vibro_sub_rise
 .text.b_servo_vibro_add_timer
                0x00002826       0x14 src/system.o
                0x00002826                b_servo_vibro_add_timer
 .text.b_servo_vibro_add_rise
                0x0000283a       0x18 src/system.o
                0x0000283a                b_servo_vibro_add_rise
 .text.b_servo_vibro_sub_fall
                0x00002852       0x34 src/system.o
                0x00002852                b_servo_vibro_sub_fall
 .text.b_servo_vibro_add_fall
                0x00002886       0x34 src/system.o
                0x00002886                b_servo_vibro_add_fall
 .text.button_motor_sub_fall_cb
                0x000028ba       0x5c src/system.o
                0x000028ba                button_motor_sub_fall_cb
 .text.button_motor_add_fall_cb
                0x00002916       0x5c src/system.o
                0x00002916                button_motor_add_fall_cb
 .text.button_motor_sub_rise_cb
                0x00002972       0x46 src/system.o
                0x00002972                button_motor_sub_rise_cb
 .text.button_motor_add_rise_cb
                0x000029b8       0x48 src/system.o
                0x000029b8                button_motor_add_rise_cb
 .text.sys_save_display
                0x00002a00       0x1a src/system.o
 .text.button_dcmotor_cb
                0x00002a1a       0x4c src/system.o
                0x00002a1a                button_dcmotor_cb
 .text.button_on_off_pwm
                0x00002a66       0x40 src/system.o
                0x00002a66                button_on_off_pwm
 .text.init_system
                0x00002aa6       0x44 src/system.o
                0x00002aa6                init_system
 .text.on_system
                0x00002aea       0xd2 src/system.o
                0x00002aea                on_system
 .text.off_system
                0x00002bbc       0x3c src/system.o
                0x00002bbc                off_system
 .text.button4_toggle_system
                0x00002bf8       0x2a src/system.o
                0x00002bf8                button4_toggle_system
 .text.disp_fast_process
                0x00002c22      0x166 src/system.o
                0x00002c22                disp_fast_process
 .text.disp_very_fast_process
                0x00002d88       0xd0 src/system.o
                0x00002d88                disp_very_fast_process
 .text.system_error
                0x00002e58        0x6 src/system.o
                0x00002e58                system_error
 .text.__vector_10
                0x00002e5e       0x86 src/tim.o
                0x00002e5e                __vector_10
 .text.timer0_init
                0x00002ee4       0x58 src/tim.o
                0x00002ee4                timer0_init
 .text.evTime_init
                0x00002f3c       0x10 src/tim.o
                0x00002f3c                evTime_init
 .text.evTime_start
                0x00002f4c       0x30 src/tim.o
                0x00002f4c                evTime_start
 .text.evTime_is_stated
                0x00002f7c       0x14 src/tim.o
                0x00002f7c                evTime_is_stated
 .text.evTime_check
                0x00002f90       0x40 src/tim.o
                0x00002f90                evTime_check
 .text.evTime_off
                0x00002fd0       0x14 src/tim.o
                0x00002fd0                evTime_off
 .text.evTime_process_period
                0x00002fe4       0x6e src/tim.o
                0x00002fe4                evTime_process_period
 .text.__vector_13
                0x00003052       0x62 src/usart.o
                0x00003052                __vector_13
 .text.__vector_14
                0x000030b4       0x4e src/usart.o
                0x000030b4                __vector_14
 .text.uart0_init
                0x00003102       0x2c src/usart.o
                0x00003102                uart0_init
 .text.uart0_putc
                0x0000312e       0x2a src/usart.o
                0x0000312e                uart0_putc
 .text.uart0_puts
                0x00003158       0x1e src/usart.o
                0x00003158                uart0_puts
 .text.avr-libc.fplib
                0x00003176        0xe c:/program files (x86)/atmel/studio/7.0/toolchain/avr8/avr8-gnu-toolchain/bin/../lib/gcc/avr/5.4.0/../../../../avr/lib/avr5\libm.a(addsf3.o)
                0x00003176                __subsf3
                0x00003178                __addsf3
 .text.avr-libc.fplib
                0x00003184       0xcc c:/program files (x86)/atmel/studio/7.0/toolchain/avr8/avr8-gnu-toolchain/bin/../lib/gcc/avr/5.4.0/../../../../avr/lib/avr5\libm.a(addsf3x.o)
                0x000031a6                __addsf3x
 .text.avr-libc.fplib
                0x00003250        0x8 c:/program files (x86)/atmel/studio/7.0/toolchain/avr8/avr8-gnu-toolchain/bin/../lib/gcc/avr/5.4.0/../../../../avr/lib/avr5\libm.a(divsf3.o)
                0x00003250                __divsf3
 .text.avr-libc.fplib
                0x00003258       0xdc c:/program files (x86)/atmel/studio/7.0/toolchain/avr8/avr8-gnu-toolchain/bin/../lib/gcc/avr/5.4.0/../../../../avr/lib/avr5\libm.a(divsf3x.o)
                0x00003278                __divsf3x
                0x0000327e                __divsf3_pse
 .text.avr-libc.fplib
                0x00003334        0xe c:/program files (x86)/atmel/studio/7.0/toolchain/avr8/avr8-gnu-toolchain/bin/../lib/gcc/avr/5.4.0/../../../../avr/lib/avr5\libm.a(fixsfsi.o)
                0x00003334                __fixsfsi
 .text.avr-libc.fplib
                0x00003342       0x5e c:/program files (x86)/atmel/studio/7.0/toolchain/avr8/avr8-gnu-toolchain/bin/../lib/gcc/avr/5.4.0/../../../../avr/lib/avr5\libm.a(fixunssfsi.o)
                0x00003342                __fixunssfsi
 .text.avr-libc.fplib
                0x000033a0       0x7a c:/program files (x86)/atmel/studio/7.0/toolchain/avr8/avr8-gnu-toolchain/bin/../lib/gcc/avr/5.4.0/../../../../avr/lib/avr5\libm.a(floatsisf.o)
                0x000033a0                __floatunsisf
                0x000033a4                __floatsisf
 .text.avr-libc.fplib
                0x0000341a       0x48 c:/program files (x86)/atmel/studio/7.0/toolchain/avr8/avr8-gnu-toolchain/bin/../lib/gcc/avr/5.4.0/../../../../avr/lib/avr5\libm.a(fp_cmp.o)
                0x0000341a                __fp_cmp
 .text.avr-libc.fplib
                0x00003462        0xc c:/program files (x86)/atmel/studio/7.0/toolchain/avr8/avr8-gnu-toolchain/bin/../lib/gcc/avr/5.4.0/../../../../avr/lib/avr5\libm.a(fp_inf.o)
                0x00003462                __fp_inf
 .text.avr-libc.fplib
                0x0000346e        0x6 c:/program files (x86)/atmel/studio/7.0/toolchain/avr8/avr8-gnu-toolchain/bin/../lib/gcc/avr/5.4.0/../../../../avr/lib/avr5\libm.a(fp_nan.o)
                0x0000346e                __fp_nan
 .text.avr-libc.fplib
                0x00003474        0xe c:/program files (x86)/atmel/studio/7.0/toolchain/avr8/avr8-gnu-toolchain/bin/../lib/gcc/avr/5.4.0/../../../../avr/lib/avr5\libm.a(fp_pscA.o)
                0x00003474                __fp_pscA
 .text.avr-libc.fplib
                0x00003482        0xe c:/program files (x86)/atmel/studio/7.0/toolchain/avr8/avr8-gnu-toolchain/bin/../lib/gcc/avr/5.4.0/../../../../avr/lib/avr5\libm.a(fp_pscB.o)
                0x00003482                __fp_pscB
 .text.avr-libc.fplib
                0x00003490       0x22 c:/program files (x86)/atmel/studio/7.0/toolchain/avr8/avr8-gnu-toolchain/bin/../lib/gcc/avr/5.4.0/../../../../avr/lib/avr5\libm.a(fp_round.o)
                0x00003490                __fp_round
 .text.avr-libc.fplib
                0x000034b2       0x44 c:/program files (x86)/atmel/studio/7.0/toolchain/avr8/avr8-gnu-toolchain/bin/../lib/gcc/avr/5.4.0/../../../../avr/lib/avr5\libm.a(fp_split3.o)
                0x000034b2                __fp_split3
                0x000034c2                __fp_splitA
 .text.avr-libc.fplib
                0x000034f6        0xe c:/program files (x86)/atmel/studio/7.0/toolchain/avr8/avr8-gnu-toolchain/bin/../lib/gcc/avr/5.4.0/../../../../avr/lib/avr5\libm.a(fp_zero.o)
                0x000034f6                __fp_zero
                0x000034f8                __fp_szero
 .text.avr-libc.fplib
                0x00003504        0xa c:/program files (x86)/atmel/studio/7.0/toolchain/avr8/avr8-gnu-toolchain/bin/../lib/gcc/avr/5.4.0/../../../../avr/lib/avr5\libm.a(gesf2.o)
                0x00003504                __gesf2
                0x00003504                __gtsf2
 .text.avr-libc.fplib
                0x0000350e        0x8 c:/program files (x86)/atmel/studio/7.0/toolchain/avr8/avr8-gnu-toolchain/bin/../lib/gcc/avr/5.4.0/../../../../avr/lib/avr5\libm.a(mulsf3.o)
                0x0000350e                __mulsf3
 .text.avr-libc.fplib
                0x00003516       0xd2 c:/program files (x86)/atmel/studio/7.0/toolchain/avr8/avr8-gnu-toolchain/bin/../lib/gcc/avr/5.4.0/../../../../avr/lib/avr5\libm.a(mulsf3x.o)
                0x00003534                __mulsf3x
                0x0000353a                __mulsf3_pse
 .text.avr-libc.fplib
                0x000035e8       0xa0 c:/program files (x86)/atmel/studio/7.0/toolchain/avr8/avr8-gnu-toolchain/bin/../lib/gcc/avr/5.4.0/../../../../avr/lib/avr5\libm.a(pow.o)
                0x000035e8                pow
 .text.avr-libc.fplib
                0x00003688       0x74 c:/program files (x86)/atmel/studio/7.0/toolchain/avr8/avr8-gnu-toolchain/bin/../lib/gcc/avr/5.4.0/../../../../avr/lib/avr5\libm.a(exp.o)
                0x00003698                exp
 .text.avr-libc.fplib
                0x000036fc       0x4e c:/program files (x86)/atmel/studio/7.0/toolchain/avr8/avr8-gnu-toolchain/bin/../lib/gcc/avr/5.4.0/../../../../avr/lib/avr5\libm.a(fp_powser.o)
                0x000036fc                __fp_powser
 .text.avr-libc.fplib
                0x0000374a       0x10 c:/program files (x86)/atmel/studio/7.0/toolchain/avr8/avr8-gnu-toolchain/bin/../lib/gcc/avr/5.4.0/../../../../avr/lib/avr5\libm.a(inverse.o)
                0x0000374a                inverse
 .text.avr-libc.fplib
                0x0000375a       0x74 c:/program files (x86)/atmel/studio/7.0/toolchain/avr8/avr8-gnu-toolchain/bin/../lib/gcc/avr/5.4.0/../../../../avr/lib/avr5\libm.a(ldexp.o)
                0x00003762                ldexp
 .text.avr-libc.fplib
                0x000037ce       0xa0 c:/program files (x86)/atmel/studio/7.0/toolchain/avr8/avr8-gnu-toolchain/bin/../lib/gcc/avr/5.4.0/../../../../avr/lib/avr5\libm.a(log.o)
                0x000037de                log
 .text.avr-libc.fplib
                0x0000386e       0x68 c:/program files (x86)/atmel/studio/7.0/toolchain/avr8/avr8-gnu-toolchain/bin/../lib/gcc/avr/5.4.0/../../../../avr/lib/avr5\libm.a(modf.o)
                0x0000386e                modf
                0x0000386e                modff
 .text.avr-libc.fplib
                0x000038d6       0x1c c:/program files (x86)/atmel/studio/7.0/toolchain/avr8/avr8-gnu-toolchain/bin/../lib/gcc/avr/5.4.0/../../../../avr/lib/avr5\libm.a(fp_mpack.o)
                0x000038d6                __fp_mpack
                0x000038da                __fp_mpack_finite
 .text.avr-libc
                0x000038f2      0x6fa c:/program files (x86)/atmel/studio/7.0/toolchain/avr8/avr8-gnu-toolchain/bin/../lib/gcc/avr/5.4.0/../../../../avr/lib/avr5\libprintf_flt.a(vfprintf_flt.o)
                0x000038f2                vfprintf
 .text.libgcc.div
                0x00003fec       0x28 c:/program files (x86)/atmel/studio/7.0/toolchain/avr8/avr8-gnu-toolchain/bin/../lib/gcc/avr/5.4.0/avr5\libgcc.a(_divmodhi4.o)
                0x00003fec                _div
                0x00003fec                __divmodhi4
 .text.libgcc.div
                0x00004014       0x44 c:/program files (x86)/atmel/studio/7.0/toolchain/avr8/avr8-gnu-toolchain/bin/../lib/gcc/avr/5.4.0/avr5\libgcc.a(_udivmodsi4.o)
                0x00004014                __udivmodsi4
 .text.libgcc   0x00004058        0xc c:/program files (x86)/atmel/studio/7.0/toolchain/avr8/avr8-gnu-toolchain/bin/../lib/gcc/avr/5.4.0/avr5\libgcc.a(_tablejump2.o)
                0x00004058                __tablejump2__
 .text.libgcc.mul
                0x00004064       0x1e c:/program files (x86)/atmel/studio/7.0/toolchain/avr8/avr8-gnu-toolchain/bin/../lib/gcc/avr/5.4.0/avr5\libgcc.a(_umulhisi3.o)
                0x00004064                __umulhisi3
 .text.libgcc.prologue
                0x00004082       0x38 c:/program files (x86)/atmel/studio/7.0/toolchain/avr8/avr8-gnu-toolchain/bin/../lib/gcc/avr/5.4.0/avr5\libgcc.a(_prologue.o)
                0x00004082                __prologue_saves__
 .text.libgcc.prologue
                0x000040ba       0x36 c:/program files (x86)/atmel/studio/7.0/toolchain/avr8/avr8-gnu-toolchain/bin/../lib/gcc/avr/5.4.0/avr5\libgcc.a(_epilogue.o)
                0x000040ba                __epilogue_restores__
 .text.libgcc.div
                0x000040f0       0x28 c:/program files (x86)/atmel/studio/7.0/toolchain/avr8/avr8-gnu-toolchain/bin/../lib/gcc/avr/5.4.0/avr5\libgcc.a(_udivmodhi4.o)
                0x000040f0                __udivmodhi4
 .text.avr-libc
                0x00004118      0x1b0 c:/program files (x86)/atmel/studio/7.0/toolchain/avr8/avr8-gnu-toolchain/bin/../lib/gcc/avr/5.4.0/../../../../avr/lib/avr5\libc.a(ftoa_engine.o)
                0x00004118                __ftoa_engine
 .text.avr-libc
                0x000042c8       0x16 c:/program files (x86)/atmel/studio/7.0/toolchain/avr8/avr8-gnu-toolchain/bin/../lib/gcc/avr/5.4.0/../../../../avr/lib/avr5\libc.a(strnlen_P.o)
                0x000042c8                strnlen_P
 .text.avr-libc
                0x000042de       0x1a c:/program files (x86)/atmel/studio/7.0/toolchain/avr8/avr8-gnu-toolchain/bin/../lib/gcc/avr/5.4.0/../../../../avr/lib/avr5\libc.a(memcmp.o)
                0x000042de                memcmp
 .text.avr-libc
                0x000042f8       0x16 c:/program files (x86)/atmel/studio/7.0/toolchain/avr8/avr8-gnu-toolchain/bin/../lib/gcc/avr/5.4.0/../../../../avr/lib/avr5\libc.a(strnlen.o)
                0x000042f8                strnlen
 .text.avr-libc
                0x0000430e       0x78 c:/program files (x86)/atmel/studio/7.0/toolchain/avr8/avr8-gnu-toolchain/bin/../lib/gcc/avr/5.4.0/../../../../avr/lib/avr5\libc.a(fputc.o)
                0x0000430e                fputc
 .text.avr-libc
                0x00004386       0x38 c:/program files (x86)/atmel/studio/7.0/toolchain/avr8/avr8-gnu-toolchain/bin/../lib/gcc/avr/5.4.0/../../../../avr/lib/avr5\libc.a(vsprintf.o)
                0x00004386                vsprintf
 .text.avr-libc
                0x000043be       0xbc c:/program files (x86)/atmel/studio/7.0/toolchain/avr8/avr8-gnu-toolchain/bin/../lib/gcc/avr/5.4.0/../../../../avr/lib/avr5\libc.a(ultoa_invert.o)
                0x000043be                __ultoa_invert
                0x0000447a                . = ALIGN (0x2)
 *(.fini9)
 .fini9         0x0000447a        0x0 c:/program files (x86)/atmel/studio/7.0/toolchain/avr8/avr8-gnu-toolchain/bin/../lib/gcc/avr/5.4.0/avr5\libgcc.a(_exit.o)
                0x0000447a                _exit
                0x0000447a                exit
 *(.fini9)
 *(.fini8)
 *(.fini8)
 *(.fini7)
 *(.fini7)
 *(.fini6)
 *(.fini6)
 *(.fini5)
 *(.fini5)
 *(.fini4)
 *(.fini4)
 *(.fini3)
 *(.fini3)
 *(.fini2)
 *(.fini2)
 *(.fini1)
 *(.fini1)
 *(.fini0)
 .fini0         0x0000447a        0x4 c:/program files (x86)/atmel/studio/7.0/toolchain/avr8/avr8-gnu-toolchain/bin/../lib/gcc/avr/5.4.0/avr5\libgcc.a(_exit.o)
 *(.fini0)
                0x0000447e                _etext = .

.data           0x00800060      0x30a load address 0x0000447e
                0x00800060                PROVIDE (__data_start, .)
 *(.data)
 *(.data*)
 .data.but_tab  0x00800060       0x14 src/but.o
                0x00800060                but_tab
 .data.menuParameters
                0x00800074        0x8 src/dark_menu.o
                0x00800074                menuParameters
 .data.displaying_value
                0x0080007c        0x1 src/disp.o
 .data.anim_iteration2.2001
                0x0080007d        0x1 src/display_d.o
 .data.anim_iteration.2000
                0x0080007e        0x1 src/display_d.o
 *(.gnu.linkonce.d*)
 *(.rodata)
 *(.rodata*)
 .rodata.str1.1
                0x0080007f       0x27 main.o
 .rodata.str1.1
                0x008000a6       0x69 src/dark_menu.o
 .rodata.password
                0x0080010f        0x6 src/dark_menu.o
                0x0080010f                password
 .rodata.str1.1
                0x00800115       0x2b src/dcmotorpwm.o
 .rodata.str1.1
                0x00800140      0x15a src/error_siewnik.o
 .rodata.str1.1
                0x0080029a       0x66 src/measure.o
 .rodata.str1.1
                0x00800300       0x6a src/servo.o
 *(.gnu.linkonce.r*)
                0x0080036a                . = ALIGN (0x2)
                0x0080036a                _edata = .
                0x0080036a                PROVIDE (__data_end, .)

.bss            0x0080036a      0x298
                0x0080036a                PROVIDE (__bss_start, .)
 *(.bss)
 *(.bss*)
 .bss.state_led.1919
                0x0080036a        0x1 src/accumulator.o
 .bss.process_timer.1918
                0x0080036b        0x4 src/accumulator.o
 .bss.accumulator_timer.1914
                0x0080036f        0x4 src/accumulator.o
 .bss.accumulator_state
                0x00800373        0x1 src/accumulator.o
 .bss.buzzer_state
                0x00800374        0x4 src/buz.o
                0x00800374                buzzer_state
 .bss.buzzer_timer
                0x00800378        0x4 src/buz.o
                0x00800378                buzzer_timer
 .bss.menu_timer.2189
                0x0080037c        0x4 src/dark_menu.o
 .bss.dcmotor_timer.1953
                0x00800380        0x5 src/dcmotorpwm.o
 .bss.iteration
                0x00800385        0x1 src/disp.o
 .bss.timer_anim.1999
                0x00800386        0x4 src/display_d.o
 .bss.timer_disp_process.1979
                0x0080038a        0x4 src/display_d.o
 .bss.second_disp_blink_val
                0x0080038e        0x1 src/display_d.o
 .bss.blink_cnt
                0x0080038f        0x4 src/display_d.o
 .bss.blink_state
                0x00800393        0x1 src/display_d.o
 .bss.blink_servo_disp
                0x00800394        0x5 src/display_d.o
 .bss.voltage   0x00800399        0x2 src/display_d.o
 .bss.error_reason
                0x0080039b        0x1 src/display_d.o
 .bss.animation_time
                0x0080039c        0x4 src/display_d.o
 .bss.servo_disp_value
                0x008003a0        0x1 src/display_d.o
 .bss.motor_disp_value
                0x008003a1        0x1 src/display_d.o
 .bss.blink_timer.2093
                0x008003a2        0x5 src/error_siewnik.o
 .bss.error_event_timer.2064
                0x008003a7        0x4 src/error_siewnik.o
 .bss.servo_timer
                0x008003ab        0x5 src/error_siewnik.o
 .bss.error_servo_status
                0x008003b0        0x1 src/error_siewnik.o
 .bss.error_servo_state
                0x008003b1        0x1 src/error_siewnik.o
 .bss.servo_error_value
                0x008003b2        0x2 src/error_siewnik.o
 .bss.motor_error_value
                0x008003b4        0x4 src/error_siewnik.o
 .bss.error_motor_status
                0x008003b8        0x1 src/error_siewnik.o
 .bss.error_motor_last_state
                0x008003b9        0x1 src/error_siewnik.o
 .bss.error_motor_state
                0x008003ba        0x1 src/error_siewnik.o
 .bss.motor_timer
                0x008003bb        0x5 src/error_siewnik.o
 .bss.debug_msg_counter
                0x008003c0        0x4 src/measure.o
 .bss.measure_timer
                0x008003c4        0x4 src/measure.o
 .bss.calibration_value
                0x008003c8        0x2 src/measure.o
 .bss.s_o_t_adc
                0x008003ca        0x2 src/measure.o
 .bss.s_o_t_iteration_adc_table
                0x008003cc        0x1 src/measure.o
 .bss.s_o_t_f_table
                0x008003cd       0x14 src/measure.o
 .bss.s_o_t_filter_value
                0x008003e1        0x2 src/measure.o
 .bss.motor_adc
                0x008003e3        0x2 src/measure.o
 .bss.motor_f_table
                0x008003e5       0x1e src/measure.o
 .bss.motor_filter_value
                0x00800403        0x2 src/measure.o
 .bss.iteration_adc_motor_table
                0x00800405        0x1 src/measure.o
 .bss.accumulator_tab
                0x00800406       0x28 src/measure.o
 .bss.filtered_accum_adc_val
                0x0080042e        0x2 src/measure.o
 .bss.accum_adc
                0x00800430        0x2 src/measure.o
 .bss.iteration_adc_accum_table
                0x00800432        0x1 src/measure.o
 .bss.timeout.2056
                0x00800433        0x5 src/servo.o
 .bss.timeout.2084
                0x00800438        0x5 src/servo.o
 .bss.timeout.2088
                0x0080043d        0x5 src/servo.o
 .bss.servo_timer.2095
                0x00800442        0x5 src/servo.o
 .bss.try_count
                0x00800447        0x1 src/servo.o
 .bss.disp_fast_timer.2109
                0x00800448        0x4 src/system.o
 .bss.disp_very_fast_timer
                0x0080044c        0x4 src/system.o
 .bss.state_measure_volt
                0x00800450        0x1 src/system.o
 .bss.counter_very_fast_motor_sub
                0x00800451        0x1 src/system.o
 .bss.counter_very_fast_motor_add
                0x00800452        0x1 src/system.o
 .bss.counter_very_fast_servo_sub
                0x00800453        0x1 src/system.o
 .bss.counter_very_fast_servo_add
                0x00800454        0x1 src/system.o
 .bss.counter   0x00800455        0x2 src/tim.o
                0x00800455                counter
 .bss.UART_LastRxError
                0x00800457        0x1 src/usart.o
 .bss.UART_RxTail
                0x00800458        0x1 src/usart.o
 .bss.UART_RxHead
                0x00800459        0x1 src/usart.o
 .bss.UART_TxTail
                0x0080045a        0x1 src/usart.o
 .bss.UART_TxHead
                0x0080045b        0x1 src/usart.o
 .bss.UART_RxBuf
                0x0080045c        0x0 src/usart.o
 .bss.UART_TxBuf
                0x0080045c       0x80 src/usart.o
 *(COMMON)
 COMMON         0x008004dc       0x44 main.o
                0x008004dc                system_events
                0x008004de                motor_value
                0x008004df                servo_vibro_value
                0x008004e0                debug_buff
 COMMON         0x00800520       0x9a src/but.o
                0x00800520                button9
                0x0080052f                button10
                0x0080053e                button5
                0x0080054d                button4
                0x0080055c                timer_button
                0x00800560                button2
                0x0080056f                button3
                0x0080057e                button6
                0x0080058d                button1
                0x0080059c                button7
                0x008005ab                button8
 COMMON         0x008005ba        0xd src/dark_menu.o
                0x008005ba                pass
                0x008005c0                menuSaveParameters
                0x008005c4                configured_parameter
                0x008005c5                pass_len
                0x008005c6                dark_menu_state
 COMMON         0x008005c7        0xa src/dcmotorpwm.o
                0x008005c7                motorD
 COMMON         0x008005d1       0x1a src/disp.o
                0x008005d1                segment2
                0x008005d6                segment1
                0x008005db                DispD3
                0x008005dd                DispD1
                0x008005df                disp_tab
                0x008005e7                DispD4
                0x008005e9                DispD2
 COMMON         0x008005eb        0x2 src/display_d.o
                0x008005eb                disp1_last_state
                0x008005ec                disp2_last_state
 COMMON         0x008005ed        0x1 src/error_siewnik.o
                0x008005ed                led_blink
 COMMON         0x008005ee        0xa src/servo.o
                0x008005ee                servoD
 COMMON         0x008005f8        0x4 src/system.o
                0x008005f8                mem_last_save
                0x008005fa                mem_save_prog
 COMMON         0x008005fc        0x6 src/tim.o
                0x008005fc                mktime
                0x00800602                PROVIDE (__bss_end, .)
                0x0000447e                __data_load_start = LOADADDR (.data)
                0x00004788                __data_load_end = (__data_load_start + SIZEOF (.data))

.noinit         0x00800602        0x0
                [!provide]                PROVIDE (__noinit_start, .)
 *(.noinit*)
                [!provide]                PROVIDE (__noinit_end, .)
                0x00800602                _end = .
                [!provide]                PROVIDE (__heap_start, .)

.eeprom         0x00810000        0x0
 *(.eeprom*)
                0x00810000                __eeprom_end = .

.fuse
 *(.fuse)
 *(.lfuse)
 *(.hfuse)
 *(.efuse)

.lock
 *(.lock*)

.signature
 *(.signature*)

.user_signatures
 *(.user_signatures*)

.stab
 *(.stab)

.stabstr
 *(.stabstr)

.stab.excl
 *(.stab.excl)

.stab.exclstr
 *(.stab.exclstr)

.stab.index
 *(.stab.index)

.stab.indexstr
 *(.stab.indexstr)

.comment        0x00000000       0x5c
 *(.comment)
 .comment       0x00000000       0x30 main.o
                                 0x31 (size before relaxing)
 .comment       0x00000030       0x31 src/accumulator.o
 .comment       0x00000030       0x31 src/adc.o
 .comment       0x00000030       0x31 src/but.o
 .comment       0x00000030       0x31 src/buz.o
 .comment       0x00000030       0x31 src/dark_menu.o
 .comment       0x00000030       0x31 src/dcmotorpwm.o
 .comment       0x00000030       0x31 src/disp.o
 .comment       0x00000030       0x31 src/display_d.o
 .comment       0x00000030       0x31 src/eeprom.o
 .comment       0x00000030       0x31 src/error_siewnik.o
 .comment       0x00000030       0x31 src/measure.o
 .comment       0x00000030       0x31 src/mem.o
 .comment       0x00000030       0x31 src/servo.o
 .comment       0x00000030       0x31 src/system.o
 .comment       0x00000030       0x31 src/tim.o
 .comment       0x00000030       0x31 src/usart.o
 .comment       0x00000030       0x2c c:/program files (x86)/atmel/studio/7.0/toolchain/avr8/avr8-gnu-toolchain/bin/../lib/gcc/avr/5.4.0/../../../../avr/lib/avr5\libprintf_flt.a(vfprintf_flt.o)
                                 0x2d (size before relaxing)
 .comment       0x0000005c       0x31 c:/program files (x86)/atmel/studio/7.0/toolchain/avr8/avr8-gnu-toolchain/bin/../lib/gcc/avr/5.4.0/../../../../avr/lib/avr5\libc.a(fputc.o)
 .comment       0x0000005c       0x31 c:/program files (x86)/atmel/studio/7.0/toolchain/avr8/avr8-gnu-toolchain/bin/../lib/gcc/avr/5.4.0/../../../../avr/lib/avr5\libc.a(vsprintf.o)

.note.gnu.avr.deviceinfo
                0x00000000       0x3c
 .note.gnu.avr.deviceinfo
                0x00000000       0x3c C:/Program Files (x86)/Atmel/Studio/7.0/Packs/atmel/ATmega_DFP/1.2.209/gcc/dev/atmega32/avr5/crtatmega32.o

.note.gnu.build-id
 *(.note.gnu.build-id)

.debug
 *(.debug)

.line
 *(.line)

.debug_srcinfo
 *(.debug_srcinfo)

.debug_sfnames
 *(.debug_sfnames)

.debug_aranges  0x00000000      0x618
 *(.debug_aranges)
 .debug_aranges
                0x00000000       0x38 main.o
 .debug_aranges
                0x00000038       0x30 src/accumulator.o
 .debug_aranges
                0x00000068       0x58 src/adc.o
 .debug_aranges
                0x000000c0       0x40 src/but.o
 .debug_aranges
                0x00000100       0x28 src/buz.o
 .debug_aranges
                0x00000128       0xb8 src/dark_menu.o
 .debug_aranges
                0x000001e0       0x70 src/dcmotorpwm.o
 .debug_aranges
                0x00000250       0x58 src/disp.o
 .debug_aranges
                0x000002a8       0x70 src/display_d.o
 .debug_aranges
                0x00000318       0x28 src/eeprom.o
 .debug_aranges
                0x00000340       0x50 src/error_siewnik.o
 .debug_aranges
                0x00000390       0x50 src/measure.o
 .debug_aranges
                0x000003e0       0x28 src/mem.o
 .debug_aranges
                0x00000408       0x78 src/servo.o
 .debug_aranges
                0x00000480       0xd0 src/system.o
 .debug_aranges
                0x00000550       0x60 src/tim.o
 .debug_aranges
                0x000005b0       0x68 src/usart.o

.debug_pubnames
 *(.debug_pubnames)

.debug_info     0x00000000     0x5d85
 *(.debug_info .gnu.linkonce.wi.*)
 .debug_info    0x00000000      0x4e6 C:/Program Files (x86)/Atmel/Studio/7.0/Packs/atmel/ATmega_DFP/1.2.209/gcc/dev/atmega32/avr5/crtatmega32.o
 .debug_info    0x000004e6      0x440 main.o
 .debug_info    0x00000926      0x200 src/accumulator.o
 .debug_info    0x00000b26      0x225 src/adc.o
 .debug_info    0x00000d4b      0x354 src/but.o
 .debug_info    0x0000109f      0x198 src/buz.o
 .debug_info    0x00001237      0xb02 src/dark_menu.o
 .debug_info    0x00001d39      0x439 src/dcmotorpwm.o
 .debug_info    0x00002172      0x376 src/disp.o
 .debug_info    0x000024e8      0x795 src/display_d.o
 .debug_info    0x00002c7d       0xdc src/eeprom.o
 .debug_info    0x00002d59      0xbd2 src/error_siewnik.o
 .debug_info    0x0000392b      0x444 src/measure.o
 .debug_info    0x00003d6f      0x1f1 src/mem.o
 .debug_info    0x00003f60      0x7a3 src/servo.o
 .debug_info    0x00004703      0xcb7 src/system.o
 .debug_info    0x000053ba      0x424 src/tim.o
 .debug_info    0x000057de      0x5a7 src/usart.o

.debug_abbrev   0x00000000     0x2010
 *(.debug_abbrev)
 .debug_abbrev  0x00000000      0x4a3 C:/Program Files (x86)/Atmel/Studio/7.0/Packs/atmel/ATmega_DFP/1.2.209/gcc/dev/atmega32/avr5/crtatmega32.o
 .debug_abbrev  0x000004a3      0x16e main.o
 .debug_abbrev  0x00000611      0x100 src/accumulator.o
 .debug_abbrev  0x00000711      0x12a src/adc.o
 .debug_abbrev  0x0000083b      0x18c src/but.o
 .debug_abbrev  0x000009c7       0xae src/buz.o
 .debug_abbrev  0x00000a75      0x2f4 src/dark_menu.o
 .debug_abbrev  0x00000d69      0x19d src/dcmotorpwm.o
 .debug_abbrev  0x00000f06      0x1b0 src/disp.o
 .debug_abbrev  0x000010b6      0x20f src/display_d.o
 .debug_abbrev  0x000012c5       0x8b src/eeprom.o
 .debug_abbrev  0x00001350      0x254 src/error_siewnik.o
 .debug_abbrev  0x000015a4      0x224 src/measure.o
 .debug_abbrev  0x000017c8       0xef src/mem.o
 .debug_abbrev  0x000018b7      0x1ee src/servo.o
 .debug_abbrev  0x00001aa5      0x1d3 src/system.o
 .debug_abbrev  0x00001c78      0x201 src/tim.o
 .debug_abbrev  0x00001e79      0x197 src/usart.o

.debug_line     0x00000000     0x3bdd
 *(.debug_line .debug_line.* .debug_line_end)
 .debug_line    0x00000000      0x115 C:/Program Files (x86)/Atmel/Studio/7.0/Packs/atmel/ATmega_DFP/1.2.209/gcc/dev/atmega32/avr5/crtatmega32.o
 .debug_line    0x00000115      0x2fe main.o
 .debug_line    0x00000413      0x1b7 src/accumulator.o
 .debug_line    0x000005ca      0x1b0 src/adc.o
 .debug_line    0x0000077a      0x3cf src/but.o
 .debug_line    0x00000b49      0x11a src/buz.o
 .debug_line    0x00000c63      0x53d src/dark_menu.o
 .debug_line    0x000011a0      0x337 src/dcmotorpwm.o
 .debug_line    0x000014d7      0x606 src/disp.o
 .debug_line    0x00001add      0x4d8 src/display_d.o
 .debug_line    0x00001fb5       0xf3 src/eeprom.o
 .debug_line    0x000020a8      0x4b9 src/error_siewnik.o
 .debug_line    0x00002561      0x34b src/measure.o
 .debug_line    0x000028ac      0x19f src/mem.o
 .debug_line    0x00002a4b      0x40d src/servo.o
 .debug_line    0x00002e58      0x756 src/system.o
 .debug_line    0x000035ae      0x27f src/tim.o
 .debug_line    0x0000382d      0x3b0 src/usart.o

.debug_frame    0x00000000      0xeec
 *(.debug_frame)
 .debug_frame   0x00000000       0x70 main.o
 .debug_frame   0x00000070       0x44 src/accumulator.o
 .debug_frame   0x000000b4       0xbc src/adc.o
 .debug_frame   0x00000170       0x88 src/but.o
 .debug_frame   0x000001f8       0x34 src/buz.o
 .debug_frame   0x0000022c      0x218 src/dark_menu.o
 .debug_frame   0x00000444       0xf0 src/dcmotorpwm.o
 .debug_frame   0x00000534       0xc8 src/disp.o
 .debug_frame   0x000005fc       0xd8 src/display_d.o
 .debug_frame   0x000006d4       0x34 src/eeprom.o
 .debug_frame   0x00000708      0x154 src/error_siewnik.o
 .debug_frame   0x0000085c      0x114 src/measure.o
 .debug_frame   0x00000970       0x6c src/mem.o
 .debug_frame   0x000009dc      0x140 src/servo.o
 .debug_frame   0x00000b1c      0x184 src/system.o
 .debug_frame   0x00000ca0      0x12c src/tim.o
 .debug_frame   0x00000dcc      0x120 src/usart.o

.debug_str      0x00000000     0x1bef
 *(.debug_str)
 .debug_str     0x00000000      0x196 C:/Program Files (x86)/Atmel/Studio/7.0/Packs/atmel/ATmega_DFP/1.2.209/gcc/dev/atmega32/avr5/crtatmega32.o
 .debug_str     0x00000196      0x332 main.o
                                0x394 (size before relaxing)
 .debug_str     0x000004c8      0x185 src/accumulator.o
                                0x2db (size before relaxing)
 .debug_str     0x0000064d       0xb7 src/adc.o
                                0x236 (size before relaxing)
 .debug_str     0x00000704       0xde src/but.o
                                0x296 (size before relaxing)
 .debug_str     0x000007e2      0x1a8 src/buz.o
                                0x34f (size before relaxing)
 .debug_str     0x0000098a      0x47a src/dark_menu.o
                                0x6bf (size before relaxing)
 .debug_str     0x00000e04      0x184 src/dcmotorpwm.o
                                0x336 (size before relaxing)
 .debug_str     0x00000f88       0x9d src/disp.o
                                0x2a4 (size before relaxing)
 .debug_str     0x00001025      0x1f0 src/display_d.o
                                0x548 (size before relaxing)
 .debug_str     0x00001215       0x3a src/eeprom.o
                                0x198 (size before relaxing)
 .debug_str     0x0000124f      0x28e src/error_siewnik.o
                                0x803 (size before relaxing)
 .debug_str     0x000014dd      0x129 src/measure.o
                                0x3ab (size before relaxing)
 .debug_str     0x00001606       0x2f src/mem.o
                                0x228 (size before relaxing)
 .debug_str     0x00001635      0x160 src/servo.o
                                0x3bf (size before relaxing)
 .debug_str     0x00001795      0x2a9 src/system.o
                                0x90a (size before relaxing)
 .debug_str     0x00001a3e       0x7e src/tim.o
                                0x2ee (size before relaxing)
 .debug_str     0x00001abc      0x133 src/usart.o
                                0x2ba (size before relaxing)

.debug_loc      0x00000000     0x2d97
 *(.debug_loc)
 .debug_loc     0x00000000       0x9c main.o
 .debug_loc     0x0000009c      0x26d src/adc.o
 .debug_loc     0x00000309       0xf9 src/but.o
 .debug_loc     0x00000402      0x7bc src/dark_menu.o
 .debug_loc     0x00000bbe      0x1bc src/dcmotorpwm.o
 .debug_loc     0x00000d7a      0x1c5 src/disp.o
 .debug_loc     0x00000f3f      0x210 src/display_d.o
 .debug_loc     0x0000114f       0x24 src/eeprom.o
 .debug_loc     0x00001173      0x4df src/error_siewnik.o
 .debug_loc     0x00001652      0x4c9 src/measure.o
 .debug_loc     0x00001b1b      0x377 src/mem.o
 .debug_loc     0x00001e92      0x3e8 src/servo.o
 .debug_loc     0x0000227a      0x23a src/system.o
 .debug_loc     0x000024b4      0x3c8 src/tim.o
 .debug_loc     0x0000287c      0x51b src/usart.o

.debug_macinfo
 *(.debug_macinfo)

.debug_weaknames
 *(.debug_weaknames)

.debug_funcnames
 *(.debug_funcnames)

.debug_typenames
 *(.debug_typenames)

.debug_varnames
 *(.debug_varnames)

.debug_pubtypes
 *(.debug_pubtypes)

.debug_ranges   0x00000000      0x550
 *(.debug_ranges)
 .debug_ranges  0x00000000       0x28 main.o
 .debug_ranges  0x00000028       0x20 src/accumulator.o
 .debug_ranges  0x00000048       0x48 src/adc.o
 .debug_ranges  0x00000090       0x30 src/but.o
 .debug_ranges  0x000000c0       0x18 src/buz.o
 .debug_ranges  0x000000d8       0xa8 src/dark_menu.o
 .debug_ranges  0x00000180       0x60 src/dcmotorpwm.o
 .debug_ranges  0x000001e0       0x48 src/disp.o
 .debug_ranges  0x00000228       0x60 src/display_d.o
 .debug_ranges  0x00000288       0x18 src/eeprom.o
 .debug_ranges  0x000002a0       0x40 src/error_siewnik.o
 .debug_ranges  0x000002e0       0x40 src/measure.o
 .debug_ranges  0x00000320       0x48 src/mem.o
 .debug_ranges  0x00000368       0x68 src/servo.o
 .debug_ranges  0x000003d0       0xc0 src/system.o
 .debug_ranges  0x00000490       0x50 src/tim.o
 .debug_ranges  0x000004e0       0x70 src/usart.o

.debug_macro
 *(.debug_macro)
OUTPUT(nowy_sterownik.elf elf32-avr)
LOAD linker stubs
