Archive member included to satisfy reference by file (symbol)

c:/program files (x86)/atmel/studio/7.0/toolchain/avr8/avr8-gnu-toolchain/bin/../lib/gcc/avr/5.4.0/../../../../avr/lib/avr5\libm.a(addsf3.o)
                              src/error.o (__subsf3)
c:/program files (x86)/atmel/studio/7.0/toolchain/avr8/avr8-gnu-toolchain/bin/../lib/gcc/avr/5.4.0/../../../../avr/lib/avr5\libm.a(addsf3x.o)
                              c:/program files (x86)/atmel/studio/7.0/toolchain/avr8/avr8-gnu-toolchain/bin/../lib/gcc/avr/5.4.0/../../../../avr/lib/avr5\libm.a(addsf3.o) (__addsf3x)
c:/program files (x86)/atmel/studio/7.0/toolchain/avr8/avr8-gnu-toolchain/bin/../lib/gcc/avr/5.4.0/../../../../avr/lib/avr5\libm.a(cmpsf2.o)
                              src/error.o (__ltsf2)
c:/program files (x86)/atmel/studio/7.0/toolchain/avr8/avr8-gnu-toolchain/bin/../lib/gcc/avr/5.4.0/../../../../avr/lib/avr5\libm.a(divsf3.o)
                              src/error.o (__divsf3)
c:/program files (x86)/atmel/studio/7.0/toolchain/avr8/avr8-gnu-toolchain/bin/../lib/gcc/avr/5.4.0/../../../../avr/lib/avr5\libm.a(divsf3x.o)
                              c:/program files (x86)/atmel/studio/7.0/toolchain/avr8/avr8-gnu-toolchain/bin/../lib/gcc/avr/5.4.0/../../../../avr/lib/avr5\libm.a(divsf3.o) (__divsf3x)
c:/program files (x86)/atmel/studio/7.0/toolchain/avr8/avr8-gnu-toolchain/bin/../lib/gcc/avr/5.4.0/../../../../avr/lib/avr5\libm.a(fixsfsi.o)
                              src/display_d.o (__fixsfsi)
c:/program files (x86)/atmel/studio/7.0/toolchain/avr8/avr8-gnu-toolchain/bin/../lib/gcc/avr/5.4.0/../../../../avr/lib/avr5\libm.a(fixunssfsi.o)
                              src/error.o (__fixunssfsi)
c:/program files (x86)/atmel/studio/7.0/toolchain/avr8/avr8-gnu-toolchain/bin/../lib/gcc/avr/5.4.0/../../../../avr/lib/avr5\libm.a(floatsisf.o)
                              src/accumulator.o (__floatunsisf)
c:/program files (x86)/atmel/studio/7.0/toolchain/avr8/avr8-gnu-toolchain/bin/../lib/gcc/avr/5.4.0/../../../../avr/lib/avr5\libm.a(fp_cmp.o)
                              c:/program files (x86)/atmel/studio/7.0/toolchain/avr8/avr8-gnu-toolchain/bin/../lib/gcc/avr/5.4.0/../../../../avr/lib/avr5\libm.a(cmpsf2.o) (__fp_cmp)
c:/program files (x86)/atmel/studio/7.0/toolchain/avr8/avr8-gnu-toolchain/bin/../lib/gcc/avr/5.4.0/../../../../avr/lib/avr5\libm.a(fp_inf.o)
                              c:/program files (x86)/atmel/studio/7.0/toolchain/avr8/avr8-gnu-toolchain/bin/../lib/gcc/avr/5.4.0/../../../../avr/lib/avr5\libm.a(addsf3x.o) (__fp_inf)
c:/program files (x86)/atmel/studio/7.0/toolchain/avr8/avr8-gnu-toolchain/bin/../lib/gcc/avr/5.4.0/../../../../avr/lib/avr5\libm.a(fp_nan.o)
                              c:/program files (x86)/atmel/studio/7.0/toolchain/avr8/avr8-gnu-toolchain/bin/../lib/gcc/avr/5.4.0/../../../../avr/lib/avr5\libm.a(addsf3x.o) (__fp_nan)
c:/program files (x86)/atmel/studio/7.0/toolchain/avr8/avr8-gnu-toolchain/bin/../lib/gcc/avr/5.4.0/../../../../avr/lib/avr5\libm.a(fp_pscA.o)
                              c:/program files (x86)/atmel/studio/7.0/toolchain/avr8/avr8-gnu-toolchain/bin/../lib/gcc/avr/5.4.0/../../../../avr/lib/avr5\libm.a(addsf3x.o) (__fp_pscA)
c:/program files (x86)/atmel/studio/7.0/toolchain/avr8/avr8-gnu-toolchain/bin/../lib/gcc/avr/5.4.0/../../../../avr/lib/avr5\libm.a(fp_pscB.o)
                              c:/program files (x86)/atmel/studio/7.0/toolchain/avr8/avr8-gnu-toolchain/bin/../lib/gcc/avr/5.4.0/../../../../avr/lib/avr5\libm.a(addsf3x.o) (__fp_pscB)
c:/program files (x86)/atmel/studio/7.0/toolchain/avr8/avr8-gnu-toolchain/bin/../lib/gcc/avr/5.4.0/../../../../avr/lib/avr5\libm.a(fp_round.o)
                              c:/program files (x86)/atmel/studio/7.0/toolchain/avr8/avr8-gnu-toolchain/bin/../lib/gcc/avr/5.4.0/../../../../avr/lib/avr5\libm.a(addsf3.o) (__fp_round)
c:/program files (x86)/atmel/studio/7.0/toolchain/avr8/avr8-gnu-toolchain/bin/../lib/gcc/avr/5.4.0/../../../../avr/lib/avr5\libm.a(fp_split3.o)
                              c:/program files (x86)/atmel/studio/7.0/toolchain/avr8/avr8-gnu-toolchain/bin/../lib/gcc/avr/5.4.0/../../../../avr/lib/avr5\libm.a(addsf3x.o) (__fp_split3)
c:/program files (x86)/atmel/studio/7.0/toolchain/avr8/avr8-gnu-toolchain/bin/../lib/gcc/avr/5.4.0/../../../../avr/lib/avr5\libm.a(fp_zero.o)
                              c:/program files (x86)/atmel/studio/7.0/toolchain/avr8/avr8-gnu-toolchain/bin/../lib/gcc/avr/5.4.0/../../../../avr/lib/avr5\libm.a(addsf3x.o) (__fp_zero)
c:/program files (x86)/atmel/studio/7.0/toolchain/avr8/avr8-gnu-toolchain/bin/../lib/gcc/avr/5.4.0/../../../../avr/lib/avr5\libm.a(mulsf3.o)
                              src/accumulator.o (__mulsf3)
c:/program files (x86)/atmel/studio/7.0/toolchain/avr8/avr8-gnu-toolchain/bin/../lib/gcc/avr/5.4.0/../../../../avr/lib/avr5\libm.a(mulsf3x.o)
[...]
Memory Configuration

Name             Origin             Length             Attributes
text             0x00000000         0x00020000         xr
data             0x00800060         0x0000ffa0         rw !x
eeprom           0x00810000         0x00010000         rw !x
fuse             0x00820000         0x00000002         rw !x
lock             0x00830000         0x00000400         rw !x
signature        0x00840000         0x00000400         rw !x
user_signatures  0x00850000         0x00000400         rw !x
*default*        0x00000000         0xffffffff

Linker script and memory map

LOAD C:/Program Files (x86)/Atmel/Studio/7.0/Packs/atmel/ATmega_DFP/1.2.209/gcc/dev/atmega32/avr5/crtatmega32.o
LOAD main.o
LOAD src/accumulator.o
LOAD src/adc.o
LOAD src/but.o
LOAD src/buz.o
LOAD src/dark_menu.o
LOAD src/dcmotorpwm.o
LOAD src/disp.o
LOAD src/display_d.o
LOAD src/eeprom.o
LOAD src/error.o
LOAD src/error_siewnik.o
LOAD src/error_solarka.o
LOAD src/measure.o
LOAD src/mem.o
LOAD src/servo.o
LOAD src/system.o
LOAD src/tim.o
LOAD src/usart.o
LOAD src/vibro.o
START GROUP
LOAD c:/program files (x86)/atmel/studio/7.0/toolchain/avr8/avr8-gnu-toolchain/bin/../lib/gcc/avr/5.4.0/../../../../avr/lib/avr5\libm.a
END GROUP
LOAD c:/program files (x86)/atmel/studio/7.0/toolchain/avr8/avr8-gnu-toolchain/bin/../lib/gcc/avr/5.4.0/../../../../avr/lib/avr5\libprintf_flt.a
START GROUP
LOAD c:/program files (x86)/atmel/studio/7.0/toolchain/avr8/avr8-gnu-toolchain/bin/../lib/gcc/avr/5.4.0/avr5\libgcc.a
LOAD c:/program files (x86)/atmel/studio/7.0/toolchain/avr8/avr8-gnu-toolchain/bin/../lib/gcc/avr/5.4.0/../../../../avr/lib/avr5\libm.a
LOAD c:/program files (x86)/atmel/studio/7.0/toolchain/avr8/avr8-gnu-toolchain/bin/../lib/gcc/avr/5.4.0/../../../../avr/lib/avr5\libc.a
LOAD C:/Program Files (x86)/Atmel/Studio/7.0/Packs/atmel/ATmega_DFP/1.2.209/gcc/dev/atmega32/avr5\libatmega32.a
END GROUP
                0x00020000                __TEXT_REGION_LENGTH__ = DEFINED (__TEXT_REGION_LENGTH__)?__TEXT_REGION_LENGTH__:0x20000
                0x0000ffa0                __DATA_REGION_LENGTH__ = DEFINED (__DATA_REGION_LENGTH__)?__DATA_REGION_LENGTH__:0xffa0
                0x00010000                __EEPROM_REGION_LENGTH__ = DEFINED (__EEPROM_REGION_LENGTH__)?__EEPROM_REGION_LENGTH__:0x10000
                [0x00000002]                __FUSE_REGION_LENGTH__ = DEFINED (__FUSE_REGION_LENGTH__)?__FUSE_REGION_LENGTH__:0x400
                0x00000400                __LOCK_REGION_LENGTH__ = DEFINED (__LOCK_REGION_LENGTH__)?__LOCK_REGION_LENGTH__:0x400
                0x00000400                __SIGNATURE_REGION_LENGTH__ = DEFINED (__SIGNATURE_REGION_LENGTH__)?__SIGNATURE_REGION_LENGTH__:0x400
                0x00000400                __USER_SIGNATURE_REGION_LENGTH__ = DEFINED (__USER_SIGNATURE_REGION_LENGTH__)?__USER_SIGNATURE_REGION_LENGTH__:0x400

.hash
 *(.hash)

.dynsym
 *(.dynsym)

.dynstr
 *(.dynstr)

.gnu.version
 *(.gnu.version)

.gnu.version_d
 *(.gnu.version_d)

.gnu.version_r
 *(.gnu.version_r)

.rel.init
 *(.rel.init)

.rela.init
 *(.rela.init)

.rel.text
 *(.rel.text)
 *(.rel.text.*)
 *(.rel.gnu.linkonce.t*)

.rela.text
 *(.rela.text)
 *(.rela.text.*)
 *(.rela.gnu.linkonce.t*)

.rel.fini
 *(.rel.fini)

.rela.fini
 *(.rela.fini)

.rel.rodata
 *(.rel.rodata)
 *(.rel.rodata.*)
 *(.rel.gnu.linkonce.r*)

.rela.rodata
 *(.rela.rodata)
 *(.rela.rodata.*)
 *(.rela.gnu.linkonce.r*)

.rel.data
 *(.rel.data)
 *(.rel.data.*)
 *(.rel.gnu.linkonce.d*)

.rela.data
 *(.rela.data)
 *(.rela.data.*)
 *(.rela.gnu.linkonce.d*)

.rel.ctors
 *(.rel.ctors)

.rela.ctors
 *(.rela.ctors)

.rel.dtors
 *(.rel.dtors)

.rela.dtors
 *(.rela.dtors)

.rel.got
 *(.rel.got)

.rela.got
 *(.rela.got)

.rel.bss
 *(.rel.bss)

.rela.bss
 *(.rela.bss)

.rel.plt
 *(.rel.plt)

.rela.plt
 *(.rela.plt)

.text           0x00000000     0x37bc
 *(.vectors)
 .vectors       0x00000000       0x54 C:/Program Files (x86)/Atmel/Studio/7.0/Packs/atmel/ATmega_DFP/1.2.209/gcc/dev/atmega32/avr5/crtatmega32.o
                0x00000000                __vector_default
                0x00000000                __vectors
 *(.vectors)
 *(.progmem.gcc*)
 .progmem.gcc_sw_table.display_set_value
                0x00000054      0x1fe src/disp.o
                0x00000252                . = ALIGN (0x2)
                0x00000252                __trampolines_start = .
 *(.trampolines)
 .trampolines   0x00000252        0x0 linker stubs
 *(.trampolines*)
                0x00000252                __trampolines_end = .
 *libprintf_flt.a:*(.progmem.data)
 .progmem.data  0x00000252        0x8 c:/program files (x86)/atmel/studio/7.0/toolchain/avr8/avr8-gnu-toolchain/bin/../lib/gcc/avr/5.4.0/../../../../avr/lib/avr5\libprintf_flt.a(vfprintf_flt.o)
 *libc.a:*(.progmem.data)
 .progmem.data  0x0000025a       0xfa c:/program files (x86)/atmel/studio/7.0/toolchain/avr8/avr8-gnu-toolchain/bin/../lib/gcc/avr/5.4.0/../../../../avr/lib/avr5\libc.a(ftoa_engine.o)
 *(.progmem*)
                0x00000354                . = ALIGN (0x2)
 *(.jumptables)
 *(.jumptables*)
 *(.lowtext)
 *(.lowtext*)
                0x00000354                __ctors_start = .
 *(.ctors)
                0x00000354                __ctors_end = .
                0x00000354                __dtors_start = .
 *(.dtors)
                0x00000354                __dtors_end = .
 SORT(*)(.ctors)
 SORT(*)(.dtors)
 *(.init0)
 .init0         0x00000354        0x0 C:/Program Files (x86)/Atmel/Studio/7.0/Packs/atmel/ATmega_DFP/1.2.209/gcc/dev/atmega32/avr5/crtatmega32.o
                0x00000354                __init
 *(.init0)
 *(.init1)
 *(.init1)
 *(.init2)
 .init2         0x00000354        0xc C:/Program Files (x86)/Atmel/Studio/7.0/Packs/atmel/ATmega_DFP/1.2.209/gcc/dev/atmega32/avr5/crtatmega32.o
 *(.init2)
 *(.init3)
 *(.init3)
 *(.init4)
 .init4         0x00000360       0x16 c:/program files (x86)/atmel/studio/7.0/toolchain/avr8/avr8-gnu-toolchain/bin/../lib/gcc/avr/5.4.0/avr5\libgcc.a(_copy_data.o)
                0x00000360                __do_copy_data
 .init4         0x00000376       0x10 c:/program files (x86)/atmel/studio/7.0/toolchain/avr8/avr8-gnu-toolchain/bin/../lib/gcc/avr/5.4.0/avr5\libgcc.a(_clear_bss.o)
                0x00000376                __do_clear_bss
 *(.init4)
 *(.init5)
 *(.init5)
 *(.init6)
 *(.init6)
 *(.init7)
 *(.init7)
 *(.init8)
 *(.init8)
 *(.init9)
 .init9         0x00000386        0x8 C:/Program Files (x86)/Atmel/Studio/7.0/Packs/atmel/ATmega_DFP/1.2.209/gcc/dev/atmega32/avr5/crtatmega32.o
 *(.init9)
 *(.text)
 .text          0x0000038e        0x4 C:/Program Files (x86)/Atmel/Studio/7.0/Packs/atmel/ATmega_DFP/1.2.209/gcc/dev/atmega32/avr5/crtatmega32.o
                0x0000038e                __vector_1
                0x0000038e                __vector_12
                0x0000038e                __bad_interrupt
                0x0000038e                __vector_6
                0x0000038e                __vector_3
                0x0000038e                __vector_11
                0x0000038e                __vector_17
                0x0000038e                __vector_19
                0x0000038e                __vector_7
                0x0000038e                __vector_5
                0x0000038e                __vector_4
                0x0000038e                __vector_9
                0x0000038e                __vector_2
                0x0000038e                __vector_15
                0x0000038e                __vector_8
                0x0000038e                __vector_16
                0x0000038e                __vector_18
                0x0000038e                __vector_20
                0x00000392                . = ALIGN (0x2)
 *(.text.*)
 .text.debug_msg
                0x00000392       0x2c main.o
                0x00000392                debug_msg
 .text.init_pin
                0x000003be        0xa main.o
                0x000003be                init_pin
 .text.init_driver
                0x000003c8       0x28 main.o
                0x000003c8                init_driver
 .text.main     0x000003f0       0x58 main.o
                0x000003f0                main
 .text.accum_get_voltage
                0x00000448       0x38 src/accumulator.o
                0x00000448                accum_get_voltage
 .text.accumulator_process
                0x00000480       0x92 src/accumulator.o
                0x00000480                accumulator_process
 .text.accum_led_process
                0x00000512      0x13a src/accumulator.o
                0x00000512                accum_led_process
 .text.adc_setchannel
                0x0000064c       0x10 src/adc.o
                0x0000064c                adc_setchannel
 .text.adc_readsel
                0x0000065c        0xc src/adc.o
                0x0000065c                adc_readsel
 .text.adc_read
                0x00000668        0xa src/adc.o
                0x00000668                adc_read
 .text.read_button
                0x00000672       0x24 src/but.o
                0x00000672                read_button
 .text.init_but_struct
                0x00000696      0x120 src/but.o
                0x00000696                init_but_struct
 .text.process_button
                0x000007b6      0x154 src/but.o
                0x000007b6                process_button
 .text.init_buttons
                0x0000090a       0x2e src/but.o
                0x0000090a                init_buttons
 .text.buzzer_process
                0x00000938       0xe0 src/buz.o
                0x00000938                buzzer_process
 .text.init_buzzer
                0x00000a18        0x6 src/buz.o
                0x00000a18                init_buzzer
 .text.dcmotorpwm_init
                0x00000a1e       0x28 src/dcmotorpwm.o
                0x00000a1e                dcmotorpwm_init
 .text.dcmotorpwm_deinit
                0x00000a46        0xc src/dcmotorpwm.o
                0x00000a46                dcmotorpwm_deinit
 .text.dcmotor_is_on
                0x00000a52       0x16 src/dcmotorpwm.o
                0x00000a52                dcmotor_is_on
 .text.dcmotorpwm_stop
                0x00000a68       0x30 src/dcmotorpwm.o
                0x00000a68                dcmotorpwm_stop
 .text.dcmotorpwm_start
                0x00000a98       0x44 src/dcmotorpwm.o
                0x00000a98                dcmotorpwm_start
 .text.dcmotor_get_pwm
                0x00000adc        0x8 src/dcmotorpwm.o
                0x00000adc                dcmotor_get_pwm
 .text.dcmotor_process
                0x00000ae4       0xce src/dcmotorpwm.o
                0x00000ae4                dcmotor_process
 .text.clear_display
                0x00000bb2       0x10 src/disp.o
 .text.off_all_displays
                0x00000bc2       0x1a src/disp.o
                0x00000bc2                off_all_displays
 .text.init_display_drv
                0x00000bdc       0x62 src/disp.o
                0x00000bdc                init_display_drv
 .text.display_set_value
                0x00000c3e      0x142 src/disp.o
                0x00000c3e                display_set_value
 .text.on_display
                0x00000d80       0x5a src/disp.o
                0x00000d80                on_display
 .text.display_process
                0x00000dda       0x94 src/disp.o
                0x00000dda                display_process
 .text.disp_set_number
                0x00000e6e       0x46 src/disp.o
                0x00000e6e                disp_set_number
 .text.disp_set_symb
                0x00000eb4        0x6 src/disp.o
                0x00000eb4                disp_set_symb
 .text.dip_set_value
                0x00000eba       0x22 src/display_d.o
                0x00000eba                dip_set_value
 .text.disp_get_state
                0x00000edc       0x20 src/display_d.o
                0x00000edc                disp_get_state
 .text.disp_disable_voltage
                0x00000efc       0x22 src/display_d.o
                0x00000efc                disp_disable_voltage
 .text.disp_set_state
                0x00000f1e       0x7c src/display_d.o
                0x00000f1e                disp_set_state
 .text.disp_process
                0x00000f9a      0x27a src/display_d.o
                0x00000f9a                disp_process
 .text.on_animation
                0x00001214       0x3e src/display_d.o
                0x00001214                on_animation
 .text.animation
                0x00001252      0x104 src/display_d.o
                0x00001252                animation
 .text.EEPROM_write
                0x00001356       0x10 src/eeprom.o
                0x00001356                EEPROM_write
 .text.EEPROM_read
                0x00001366        0xe src/eeprom.o
                0x00001366                EEPROM_read
 .text.error_init
                0x00001374       0x16 src/error_siewnik.o
                0x00001374                error_init
 .text.error_deinit
                0x0000138a       0x16 src/error_siewnik.o
                0x0000138a                error_deinit
 .text.error_event
                0x000013a0      0x35c src/error_siewnik.o
                0x000013a0                error_event
 .text.error_led_blink
                0x000016fc       0x58 src/error_siewnik.o
                0x000016fc                error_led_blink
 .text.filtered_value
                0x00001754       0x24 src/measure.o
 .text.init_measure
                0x00001778       0x3c src/measure.o
                0x00001778                init_measure
 .text.measure_process
                0x000017b4      0x194 src/measure.o
                0x000017b4                measure_process
 .text.measure_get_filtered_value
                0x00001948       0x32 src/measure.o
                0x00001948                measure_get_filtered_value
 .text.mem_save_data
                0x0000197a       0x88 src/mem.o
                0x0000197a                mem_save_data
 .text.mem_read_data
                0x00001a02       0x88 src/mem.o
                0x00001a02                mem_read_data
 .text.servo_set_pwm_val
                0x00001a8a       0x56 src/servo.o
                0x00001a8a                servo_set_pwm_val
 .text.servo_init
                0x00001ae0       0x66 src/servo.o
                0x00001ae0                servo_init
 .text.servo_is_open
                0x00001b46       0x16 src/servo.o
                0x00001b46                servo_is_open
 .text.servo_delayed_open
                0x00001b5c       0x36 src/servo.o
                0x00001b5c                servo_delayed_open
 .text.servo_close
                0x00001b92       0x4a src/servo.o
                0x00001b92                servo_close
 .text.servo_exit_try
                0x00001bdc       0x34 src/servo.o
 .text.servo_open
                0x00001c10       0x56 src/servo.o
                0x00001c10                servo_open
 .text.servo_process
                0x00001c66      0x18e src/servo.o
                0x00001c66                servo_process
 .text.off_button
                0x00001df4       0x82 src/system.o
 .text.button_motor_sub_timer_cb
                0x00001e76       0x1c src/system.o
                0x00001e76                button_motor_sub_timer_cb
 .text.button_motor_add_timer_cb
                0x00001e92       0x1c src/system.o
                0x00001e92                button_motor_add_timer_cb
 .text.b_servo_vibro_sub_timer
                0x00001eae       0x14 src/system.o
                0x00001eae                b_servo_vibro_sub_timer
 .text.b_servo_vibro_sub_rise
                0x00001ec2       0x18 src/system.o
                0x00001ec2                b_servo_vibro_sub_rise
 .text.b_servo_vibro_add_timer
                0x00001eda       0x14 src/system.o
                0x00001eda                b_servo_vibro_add_timer
 .text.b_servo_vibro_add_rise
                0x00001eee       0x18 src/system.o
                0x00001eee                b_servo_vibro_add_rise
 .text.b_servo_vibro_sub_fall
                0x00001f06       0x34 src/system.o
                0x00001f06                b_servo_vibro_sub_fall
 .text.b_servo_vibro_add_fall
                0x00001f3a       0x34 src/system.o
                0x00001f3a                b_servo_vibro_add_fall
 .text.button_motor_sub_fall_cb
                0x00001f6e       0x5c src/system.o
                0x00001f6e                button_motor_sub_fall_cb
 .text.button_motor_add_fall_cb
                0x00001fca       0x5c src/system.o
                0x00001fca                button_motor_add_fall_cb
 .text.button_motor_sub_rise_cb
                0x00002026       0x46 src/system.o
                0x00002026                button_motor_sub_rise_cb
 .text.button_motor_add_rise_cb
                0x0000206c       0x48 src/system.o
                0x0000206c                button_motor_add_rise_cb
 .text.sys_save_display
                0x000020b4       0x1a src/system.o
 .text.button_dcmotor_cb
                0x000020ce       0x4c src/system.o
                0x000020ce                button_dcmotor_cb
 .text.button_on_off_pwm
                0x0000211a       0x40 src/system.o
                0x0000211a                button_on_off_pwm
 .text.init_system
                0x0000215a       0x40 src/system.o
                0x0000215a                init_system
 .text.on_system
                0x0000219a       0xd2 src/system.o
                0x0000219a                on_system
 .text.off_system
                0x0000226c       0x38 src/system.o
                0x0000226c                off_system
 .text.button4_toggle_system
                0x000022a4       0x2a src/system.o
                0x000022a4                button4_toggle_system
 .text.disp_fast_process
                0x000022ce      0x166 src/system.o
                0x000022ce                disp_fast_process
 .text.disp_very_fast_process
                0x00002434       0xd0 src/system.o
                0x00002434                disp_very_fast_process
 .text.__vector_10
                0x00002504       0x86 src/tim.o
                0x00002504                __vector_10
 .text.timer0_init
                0x0000258a       0x58 src/tim.o
                0x0000258a                timer0_init
 .text.evTime_init
                0x000025e2       0x10 src/tim.o
                0x000025e2                evTime_init
 .text.evTime_start
                0x000025f2       0x30 src/tim.o
                0x000025f2                evTime_start
 .text.evTime_is_stated
                0x00002622       0x14 src/tim.o
                0x00002622                evTime_is_stated
 .text.evTime_check
                0x00002636       0x40 src/tim.o
                0x00002636                evTime_check
 .text.evTime_off
                0x00002676       0x14 src/tim.o
                0x00002676                evTime_off
 .text.evTime_process_period
                0x0000268a       0x6e src/tim.o
                0x0000268a                evTime_process_period
 .text.__vector_13
                0x000026f8       0x62 src/usart.o
                0x000026f8                __vector_13
 .text.__vector_14
                0x0000275a       0x4e src/usart.o
                0x0000275a                __vector_14
 .text.uart0_init
                0x000027a8       0x2c src/usart.o
                0x000027a8                uart0_init
 .text.uart0_putc
                0x000027d4       0x2a src/usart.o
                0x000027d4                uart0_putc
 .text.uart0_puts
                0x000027fe       0x1e src/usart.o
                0x000027fe                uart0_puts
 .text.avr-libc.fplib
                0x0000281c        0xe c:/program files (x86)/atmel/studio/7.0/toolchain/avr8/avr8-gnu-toolchain/bin/../lib/gcc/avr/5.4.0/../../../../avr/lib/avr5\libm.a(addsf3.o)
                0x0000281c                __subsf3
                0x0000281e                __addsf3
 .text.avr-libc.fplib
                0x0000282a       0xcc c:/program files (x86)/atmel/studio/7.0/toolchain/avr8/avr8-gnu-toolchain/bin/../lib/gcc/avr/5.4.0/../../../../avr/lib/avr5\libm.a(addsf3x.o)
                0x0000284c                __addsf3x
 .text.avr-libc.fplib
                0x000028f6        0xa c:/program files (x86)/atmel/studio/7.0/toolchain/avr8/avr8-gnu-toolchain/bin/../lib/gcc/avr/5.4.0/../../../../avr/lib/avr5\libm.a(cmpsf2.o)
                0x000028f6                __nesf2
                0x000028f6                __eqsf2
                0x000028f6                __cmpsf2
                0x000028f6                __ltsf2
                0x000028f6                __lesf2
 .text.avr-libc.fplib
                0x00002900        0x8 c:/program files (x86)/atmel/studio/7.0/toolchain/avr8/avr8-gnu-toolchain/bin/../lib/gcc/avr/5.4.0/../../../../avr/lib/avr5\libm.a(divsf3.o)
                0x00002900                __divsf3
 .text.avr-libc.fplib
                0x00002908       0xdc c:/program files (x86)/atmel/studio/7.0/toolchain/avr8/avr8-gnu-toolchain/bin/../lib/gcc/avr/5.4.0/../../../../avr/lib/avr5\libm.a(divsf3x.o)
                0x00002928                __divsf3x
                0x0000292e                __divsf3_pse
 .text.avr-libc.fplib
                0x000029e4        0xe c:/program files (x86)/atmel/studio/7.0/toolchain/avr8/avr8-gnu-toolchain/bin/../lib/gcc/avr/5.4.0/../../../../avr/lib/avr5\libm.a(fixsfsi.o)
                0x000029e4                __fixsfsi
 .text.avr-libc.fplib
                0x000029f2       0x5e c:/program files (x86)/atmel/studio/7.0/toolchain/avr8/avr8-gnu-toolchain/bin/../lib/gcc/avr/5.4.0/../../../../avr/lib/avr5\libm.a(fixunssfsi.o)
                0x000029f2                __fixunssfsi
 .text.avr-libc.fplib
                0x00002a50       0x7a c:/program files (x86)/atmel/studio/7.0/toolchain/avr8/avr8-gnu-toolchain/bin/../lib/gcc/avr/5.4.0/../../../../avr/lib/avr5\libm.a(floatsisf.o)
                0x00002a50                __floatunsisf
                0x00002a54                __floatsisf
 .text.avr-libc.fplib
                0x00002aca       0x48 c:/program files (x86)/atmel/studio/7.0/toolchain/avr8/avr8-gnu-toolchain/bin/../lib/gcc/avr/5.4.0/../../../../avr/lib/avr5\libm.a(fp_cmp.o)
                0x00002aca                __fp_cmp
 .text.avr-libc.fplib
                0x00002b12        0xc c:/program files (x86)/atmel/studio/7.0/toolchain/avr8/avr8-gnu-toolchain/bin/../lib/gcc/avr/5.4.0/../../../../avr/lib/avr5\libm.a(fp_inf.o)
                0x00002b12                __fp_inf
 .text.avr-libc.fplib
                0x00002b1e        0x6 c:/program files (x86)/atmel/studio/7.0/toolchain/avr8/avr8-gnu-toolchain/bin/../lib/gcc/avr/5.4.0/../../../../avr/lib/avr5\libm.a(fp_nan.o)
                0x00002b1e                __fp_nan
 .text.avr-libc.fplib
                0x00002b24        0xe c:/program files (x86)/atmel/studio/7.0/toolchain/avr8/avr8-gnu-toolchain/bin/../lib/gcc/avr/5.4.0/../../../../avr/lib/avr5\libm.a(fp_pscA.o)
                0x00002b24                __fp_pscA
 .text.avr-libc.fplib
                0x00002b32        0xe c:/program files (x86)/atmel/studio/7.0/toolchain/avr8/avr8-gnu-toolchain/bin/../lib/gcc/avr/5.4.0/../../../../avr/lib/avr5\libm.a(fp_pscB.o)
                0x00002b32                __fp_pscB
 .text.avr-libc.fplib
                0x00002b40       0x22 c:/program files (x86)/atmel/studio/7.0/toolchain/avr8/avr8-gnu-toolchain/bin/../lib/gcc/avr/5.4.0/../../../../avr/lib/avr5\libm.a(fp_round.o)
                0x00002b40                __fp_round
 .text.avr-libc.fplib
                0x00002b62       0x44 c:/program files (x86)/atmel/studio/7.0/toolchain/avr8/avr8-gnu-toolchain/bin/../lib/gcc/avr/5.4.0/../../../../avr/lib/avr5\libm.a(fp_split3.o)
                0x00002b62                __fp_split3
                0x00002b72                __fp_splitA
 .text.avr-libc.fplib
                0x00002ba6        0xe c:/program files (x86)/atmel/studio/7.0/toolchain/avr8/avr8-gnu-toolchain/bin/../lib/gcc/avr/5.4.0/../../../../avr/lib/avr5\libm.a(fp_zero.o)
                0x00002ba6                __fp_zero
                0x00002ba8                __fp_szero
 .text.avr-libc.fplib
                0x00002bb4        0x8 c:/program files (x86)/atmel/studio/7.0/toolchain/avr8/avr8-gnu-toolchain/bin/../lib/gcc/avr/5.4.0/../../../../avr/lib/avr5\libm.a(mulsf3.o)
                0x00002bb4                __mulsf3
 .text.avr-libc.fplib
                0x00002bbc       0xd2 c:/program files (x86)/atmel/studio/7.0/toolchain/avr8/avr8-gnu-toolchain/bin/../lib/gcc/avr/5.4.0/../../../../avr/lib/avr5\libm.a(mulsf3x.o)
                0x00002bda                __mulsf3x
                0x00002be0                __mulsf3_pse
 .text.avr-libc
                0x00002c8e      0x6fa c:/program files (x86)/atmel/studio/7.0/toolchain/avr8/avr8-gnu-toolchain/bin/../lib/gcc/avr/5.4.0/../../../../avr/lib/avr5\libprintf_flt.a(vfprintf_flt.o)
                0x00002c8e                vfprintf
 .text.libgcc.div
                0x00003388       0x28 c:/program files (x86)/atmel/studio/7.0/toolchain/avr8/avr8-gnu-toolchain/bin/../lib/gcc/avr/5.4.0/avr5\libgcc.a(_divmodhi4.o)
                0x00003388                _div
                0x00003388                __divmodhi4
 .text.libgcc   0x000033b0        0xc c:/program files (x86)/atmel/studio/7.0/toolchain/avr8/avr8-gnu-toolchain/bin/../lib/gcc/avr/5.4.0/avr5\libgcc.a(_tablejump2.o)
                0x000033b0                __tablejump2__
 .text.libgcc.mul
                0x000033bc       0x1e c:/program files (x86)/atmel/studio/7.0/toolchain/avr8/avr8-gnu-toolchain/bin/../lib/gcc/avr/5.4.0/avr5\libgcc.a(_umulhisi3.o)
                0x000033bc                __umulhisi3
 .text.libgcc.prologue
                0x000033da       0x38 c:/program files (x86)/atmel/studio/7.0/toolchain/avr8/avr8-gnu-toolchain/bin/../lib/gcc/avr/5.4.0/avr5\libgcc.a(_prologue.o)
                0x000033da                __prologue_saves__
 .text.libgcc.prologue
                0x00003412       0x36 c:/program files (x86)/atmel/studio/7.0/toolchain/avr8/avr8-gnu-toolchain/bin/../lib/gcc/avr/5.4.0/avr5\libgcc.a(_epilogue.o)
                0x00003412                __epilogue_restores__
 .text.libgcc.div
                0x00003448       0x28 c:/program files (x86)/atmel/studio/7.0/toolchain/avr8/avr8-gnu-toolchain/bin/../lib/gcc/avr/5.4.0/avr5\libgcc.a(_udivmodhi4.o)
                0x00003448                __udivmodhi4
 .text.avr-libc
                0x00003470      0x1b0 c:/program files (x86)/atmel/studio/7.0/toolchain/avr8/avr8-gnu-toolchain/bin/../lib/gcc/avr/5.4.0/../../../../avr/lib/avr5\libc.a(ftoa_engine.o)
                0x00003470                __ftoa_engine
 .text.avr-libc
                0x00003620       0x16 c:/program files (x86)/atmel/studio/7.0/toolchain/avr8/avr8-gnu-toolchain/bin/../lib/gcc/avr/5.4.0/../../../../avr/lib/avr5\libc.a(strnlen_P.o)
                0x00003620                strnlen_P
 .text.avr-libc
                0x00003636       0x16 c:/program files (x86)/atmel/studio/7.0/toolchain/avr8/avr8-gnu-toolchain/bin/../lib/gcc/avr/5.4.0/../../../../avr/lib/avr5\libc.a(strnlen.o)
                0x00003636                strnlen
 .text.avr-libc
                0x0000364c       0x78 c:/program files (x86)/atmel/studio/7.0/toolchain/avr8/avr8-gnu-toolchain/bin/../lib/gcc/avr/5.4.0/../../../../avr/lib/avr5\libc.a(fputc.o)
                0x0000364c                fputc
 .text.avr-libc
                0x000036c4       0x38 c:/program files (x86)/atmel/studio/7.0/toolchain/avr8/avr8-gnu-toolchain/bin/../lib/gcc/avr/5.4.0/../../../../avr/lib/avr5\libc.a(vsprintf.o)
                0x000036c4                vsprintf
 .text.avr-libc
                0x000036fc       0xbc c:/program files (x86)/atmel/studio/7.0/toolchain/avr8/avr8-gnu-toolchain/bin/../lib/gcc/avr/5.4.0/../../../../avr/lib/avr5\libc.a(ultoa_invert.o)
                0x000036fc                __ultoa_invert
                0x000037b8                . = ALIGN (0x2)
 *(.fini9)
 .fini9         0x000037b8        0x0 c:/program files (x86)/atmel/studio/7.0/toolchain/avr8/avr8-gnu-toolchain/bin/../lib/gcc/avr/5.4.0/avr5\libgcc.a(_exit.o)
                0x000037b8                _exit
                0x000037b8                exit
 *(.fini9)
 *(.fini8)
 *(.fini8)
 *(.fini7)
 *(.fini7)
 *(.fini6)
 *(.fini6)
 *(.fini5)
 *(.fini5)
 *(.fini4)
 *(.fini4)
 *(.fini3)
 *(.fini3)
 *(.fini2)
 *(.fini2)
 *(.fini1)
 *(.fini1)
 *(.fini0)
 .fini0         0x000037b8        0x4 c:/program files (x86)/atmel/studio/7.0/toolchain/avr8/avr8-gnu-toolchain/bin/../lib/gcc/avr/5.4.0/avr5\libgcc.a(_exit.o)
 *(.fini0)
                0x000037bc                _etext = .

.data           0x00800060       0xfc load address 0x000037bc
                0x00800060                PROVIDE (__data_start, .)
 *(.data)
 *(.data*)
 .data.but_tab  0x00800060       0x14 src/but.o
                0x00800060                but_tab
 .data.displaying_value
                0x00800074        0x1 src/disp.o
 .data.anim_iteration2.1996
                0x00800075        0x1 src/display_d.o
 .data.anim_iteration.1995
                0x00800076        0x1 src/display_d.o
 *(.gnu.linkonce.d*)
 *(.rodata)
 *(.rodata*)
 .rodata.str1.1
                0x00800077       0x27 main.o
 .rodata.str1.1
                0x0080009e       0x2b src/dcmotorpwm.o
 .rodata.str1.1
                0x008000c9       0x29 src/error_siewnik.o
 .rodata.str1.1
                0x008000f2       0x6a src/servo.o
 *(.gnu.linkonce.r*)
                0x0080015c                . = ALIGN (0x2)
                0x0080015c                _edata = .
                0x0080015c                PROVIDE (__data_end, .)

.bss            0x0080015c      0x268
                0x0080015c                PROVIDE (__bss_start, .)
 *(.bss)
 *(.bss*)
 .bss.state_led.1916
                0x0080015c        0x1 src/accumulator.o
 .bss.process_timer.1915
                0x0080015d        0x4 src/accumulator.o
 .bss.accumulator_timer.1911
                0x00800161        0x4 src/accumulator.o
 .bss.accumulator_state
                0x00800165        0x1 src/accumulator.o
 .bss.buzzer_state
                0x00800166        0x4 src/buz.o
                0x00800166                buzzer_state
 .bss.buzzer_timer
                0x0080016a        0x4 src/buz.o
                0x0080016a                buzzer_timer
 .bss.dcmotor_timer.1948
                0x0080016e        0x5 src/dcmotorpwm.o
 .bss.iteration
                0x00800173        0x1 src/disp.o
 .bss.timer_anim.1994
                0x00800174        0x4 src/display_d.o
 .bss.timer_disp_process.1974
                0x00800178        0x4 src/display_d.o
 .bss.second_disp_blink_val
                0x0080017c        0x1 src/display_d.o
 .bss.blink_cnt
                0x0080017d        0x4 src/display_d.o
 .bss.blink_state
                0x00800181        0x1 src/display_d.o
 .bss.blink_servo_disp
                0x00800182        0x5 src/display_d.o
 .bss.voltage   0x00800187        0x2 src/display_d.o
 .bss.error_reason
                0x00800189        0x1 src/display_d.o
 .bss.animation_time
                0x0080018a        0x4 src/display_d.o
 .bss.servo_disp_value
                0x0080018e        0x1 src/display_d.o
 .bss.motor_disp_value
                0x0080018f        0x1 src/display_d.o
 .bss.blink_timer.1937
                0x00800190        0x5 src/error_siewnik.o
 .bss.error_event_timer.1931
                0x00800195        0x4 src/error_siewnik.o
 .bss.servo_timer
                0x00800199        0x5 src/error_siewnik.o
 .bss.motor_error_value
                0x0080019e        0x2 src/error_siewnik.o
 .bss.motor_timer
                0x008001a0        0x5 src/error_siewnik.o
 .bss.measure_timer
                0x008001a5        0x4 src/measure.o
 .bss.s_o_t_adc
                0x008001a9        0x2 src/measure.o
 .bss.s_o_t_iteration_adc_table
                0x008001ab        0x1 src/measure.o
 .bss.s_o_t_f_table
                0x008001ac       0x14 src/measure.o
 .bss.s_o_t_filter_value
                0x008001c0        0x2 src/measure.o
 .bss.motor_adc
                0x008001c2        0x2 src/measure.o
 .bss.motor_f_table
                0x008001c4        0xe src/measure.o
 .bss.motor_filter_value
                0x008001d2        0x2 src/measure.o
 .bss.iteration_adc_motor_table
                0x008001d4        0x1 src/measure.o
 .bss.accumulator_tab
                0x008001d5       0x28 src/measure.o
 .bss.filtered_accum_adc_val
                0x008001fd        0x2 src/measure.o
 .bss.accum_adc
                0x008001ff        0x2 src/measure.o
 .bss.iteration_adc_accum_table
                0x00800201        0x1 src/measure.o
 .bss.timeout.2054
                0x00800202        0x5 src/servo.o
 .bss.timeout.2082
                0x00800207        0x5 src/servo.o
 .bss.timeout.2086
                0x0080020c        0x5 src/servo.o
 .bss.servo_timer.2093
                0x00800211        0x5 src/servo.o
 .bss.try_count
                0x00800216        0x1 src/servo.o
 .bss.disp_fast_timer.2074
                0x00800217        0x4 src/system.o
 .bss.disp_very_fast_timer
                0x0080021b        0x4 src/system.o
 .bss.state_measure_volt
                0x0080021f        0x1 src/system.o
 .bss.counter_very_fast_motor_sub
                0x00800220        0x1 src/system.o
 .bss.counter_very_fast_motor_add
                0x00800221        0x1 src/system.o
 .bss.counter_very_fast_servo_sub
                0x00800222        0x1 src/system.o
 .bss.counter_very_fast_servo_add
                0x00800223        0x1 src/system.o
 .bss.counter   0x00800224        0x2 src/tim.o
                0x00800224                counter
 .bss.UART_LastRxError
                0x00800226        0x1 src/usart.o
 .bss.UART_RxTail
                0x00800227        0x1 src/usart.o
 .bss.UART_RxHead
                0x00800228        0x1 src/usart.o
 .bss.UART_TxTail
                0x00800229        0x1 src/usart.o
 .bss.UART_TxHead
                0x0080022a        0x1 src/usart.o
 .bss.UART_RxBuf
                0x0080022b        0x0 src/usart.o
 .bss.UART_TxBuf
                0x0080022b       0x80 src/usart.o
 *(COMMON)
 COMMON         0x008002ab       0x44 main.o
                0x008002ab                system_events
                0x008002ad                motor_value
                0x008002ae                servo_vibro_value
                0x008002af                debug_buff
 COMMON         0x008002ef       0x9a src/but.o
                0x008002ef                button9
                0x008002fe                button10
                0x0080030d                button5
                0x0080031c                button4
                0x0080032b                timer_button
                0x0080032f                button2
                0x0080033e                button3
                0x0080034d                button6
                0x0080035c                button1
                0x0080036b                button7
                0x0080037a                button8
 COMMON         0x00800389        0xa src/dcmotorpwm.o
                0x00800389                motorD
 COMMON         0x00800393       0x1a src/disp.o
                0x00800393                segment2
                0x00800398                segment1
                0x0080039d                DispD3
                0x0080039f                DispD1
                0x008003a1                disp_tab
                0x008003a9                DispD4
                0x008003ab                DispD2
 COMMON         0x008003ad        0x2 src/display_d.o
                0x008003ad                disp1_last_state
                0x008003ae                disp2_last_state
 COMMON         0x008003af        0x1 src/error_siewnik.o
                0x008003af                led_blink
 COMMON         0x008003b0        0xa src/servo.o
                0x008003b0                servoD
 COMMON         0x008003ba        0x4 src/system.o
                0x008003ba                mem_last_save
                0x008003bc                mem_save_prog
 COMMON         0x008003be        0x6 src/tim.o
                0x008003be                mktime
                0x008003c4                PROVIDE (__bss_end, .)
                0x000037bc                __data_load_start = LOADADDR (.data)
                0x000038b8                __data_load_end = (__data_load_start + SIZEOF (.data))

.noinit         0x008003c4        0x0
                [!provide]                PROVIDE (__noinit_start, .)
 *(.noinit*)
                [!provide]                PROVIDE (__noinit_end, .)
                0x008003c4                _end = .
                [!provide]                PROVIDE (__heap_start, .)

.eeprom         0x00810000        0x0
 *(.eeprom*)
                0x00810000                __eeprom_end = .

.fuse
 *(.fuse)
 *(.lfuse)
 *(.hfuse)
 *(.efuse)

.lock
 *(.lock*)

.signature
 *(.signature*)

.user_signatures
 *(.user_signatures*)

.stab
 *(.stab)

.stabstr
 *(.stabstr)

.stab.excl
 *(.stab.excl)

.stab.exclstr
 *(.stab.exclstr)

.stab.index
 *(.stab.index)

.stab.indexstr
 *(.stab.indexstr)

.comment        0x00000000       0x5c
 *(.comment)
 .comment       0x00000000       0x30 main.o
                                 0x31 (size before relaxing)
 .comment       0x00000030       0x31 src/accumulator.o
 .comment       0x00000030       0x31 src/adc.o
 .comment       0x00000030       0x31 src/but.o
 .comment       0x00000030       0x31 src/buz.o
 .comment       0x00000030       0x31 src/dcmotorpwm.o
 .comment       0x00000030       0x31 src/disp.o
 .comment       0x00000030       0x31 src/display_d.o
 .comment       0x00000030       0x31 src/eeprom.o
 .comment       0x00000030       0x31 src/error_siewnik.o
 .comment       0x00000030       0x31 src/measure.o
 .comment       0x00000030       0x31 src/mem.o
 .comment       0x00000030       0x31 src/servo.o
 .comment       0x00000030       0x31 src/system.o
 .comment       0x00000030       0x31 src/tim.o
 .comment       0x00000030       0x31 src/usart.o
 .comment       0x00000030       0x2c c:/program files (x86)/atmel/studio/7.0/toolchain/avr8/avr8-gnu-toolchain/bin/../lib/gcc/avr/5.4.0/../../../../avr/lib/avr5\libprintf_flt.a(vfprintf_flt.o)
                                 0x2d (size before relaxing)
 .comment       0x0000005c       0x31 c:/program files (x86)/atmel/studio/7.0/toolchain/avr8/avr8-gnu-toolchain/bin/../lib/gcc/avr/5.4.0/../../../../avr/lib/avr5\libc.a(fputc.o)
 .comment       0x0000005c       0x31 c:/program files (x86)/atmel/studio/7.0/toolchain/avr8/avr8-gnu-toolchain/bin/../lib/gcc/avr/5.4.0/../../../../avr/lib/avr5\libc.a(vsprintf.o)

.note.gnu.avr.deviceinfo
                0x00000000       0x3c
 .note.gnu.avr.deviceinfo
                0x00000000       0x3c C:/Program Files (x86)/Atmel/Studio/7.0/Packs/atmel/ATmega_DFP/1.2.209/gcc/dev/atmega32/avr5/crtatmega32.o

.note.gnu.build-id
 *(.note.gnu.build-id)

.debug
 *(.debug)

.line
 *(.line)

.debug_srcinfo
 *(.debug_srcinfo)

.debug_sfnames
 *(.debug_sfnames)

.debug_aranges  0x00000000      0x540
 *(.debug_aranges)
 .debug_aranges
                0x00000000       0x38 main.o
 .debug_aranges
                0x00000038       0x30 src/accumulator.o
 .debug_aranges
                0x00000068       0x58 src/adc.o
 .debug_aranges
                0x000000c0       0x40 src/but.o
 .debug_aranges
                0x00000100       0x28 src/buz.o
 .debug_aranges
                0x00000128       0x68 src/dcmotorpwm.o
 .debug_aranges
                0x00000190       0x58 src/disp.o
 .debug_aranges
                0x000001e8       0x68 src/display_d.o
 .debug_aranges
                0x00000250       0x28 src/eeprom.o
 .debug_aranges
                0x00000278       0x50 src/error_siewnik.o
 .debug_aranges
                0x000002c8       0x40 src/measure.o
 .debug_aranges
                0x00000308       0x28 src/mem.o
 .debug_aranges
                0x00000330       0x78 src/servo.o
 .debug_aranges
                0x000003a8       0xd0 src/system.o
 .debug_aranges
                0x00000478       0x60 src/tim.o
 .debug_aranges
                0x000004d8       0x68 src/usart.o

.debug_pubnames
 *(.debug_pubnames)

.debug_info     0x00000000     0x4a4e
 *(.debug_info .gnu.linkonce.wi.*)
 .debug_info    0x00000000      0x4e6 C:/Program Files (x86)/Atmel/Studio/7.0/Packs/atmel/ATmega_DFP/1.2.209/gcc/dev/atmega32/avr5/crtatmega32.o
 .debug_info    0x000004e6      0x3fe main.o
 .debug_info    0x000008e4      0x200 src/accumulator.o
 .debug_info    0x00000ae4      0x225 src/adc.o
 .debug_info    0x00000d09      0x354 src/but.o
 .debug_info    0x0000105d      0x198 src/buz.o
 .debug_info    0x000011f5      0x411 src/dcmotorpwm.o
 .debug_info    0x00001606      0x376 src/disp.o
 .debug_info    0x0000197c      0x72e src/display_d.o
 .debug_info    0x000020aa       0xdc src/eeprom.o
 .debug_info    0x00002186      0x513 src/error_siewnik.o
 .debug_info    0x00002699      0x3f4 src/measure.o
 .debug_info    0x00002a8d      0x1cd src/mem.o
 .debug_info    0x00002c5a      0x7a4 src/servo.o
 .debug_info    0x000033fe      0xc85 src/system.o
 .debug_info    0x00004083      0x424 src/tim.o
 .debug_info    0x000044a7      0x5a7 src/usart.o

.debug_abbrev   0x00000000     0x1c5b
 *(.debug_abbrev)
 .debug_abbrev  0x00000000      0x4a3 C:/Program Files (x86)/Atmel/Studio/7.0/Packs/atmel/ATmega_DFP/1.2.209/gcc/dev/atmega32/avr5/crtatmega32.o
 .debug_abbrev  0x000004a3      0x16e main.o
 .debug_abbrev  0x00000611      0x100 src/accumulator.o
 .debug_abbrev  0x00000711      0x12a src/adc.o
 .debug_abbrev  0x0000083b      0x18c src/but.o
 .debug_abbrev  0x000009c7       0xae src/buz.o
 .debug_abbrev  0x00000a75      0x19d src/dcmotorpwm.o
 .debug_abbrev  0x00000c12      0x1b0 src/disp.o
 .debug_abbrev  0x00000dc2      0x20f src/display_d.o
 .debug_abbrev  0x00000fd1       0x8b src/eeprom.o
 .debug_abbrev  0x0000105c      0x21f src/error_siewnik.o
 .debug_abbrev  0x0000127b      0x1bb src/measure.o
 .debug_abbrev  0x00001436       0xcc src/mem.o
 .debug_abbrev  0x00001502      0x1ee src/servo.o
 .debug_abbrev  0x000016f0      0x1d3 src/system.o
 .debug_abbrev  0x000018c3      0x201 src/tim.o
 .debug_abbrev  0x00001ac4      0x197 src/usart.o

.debug_line     0x00000000     0x32ba
 *(.debug_line .debug_line.* .debug_line_end)
 .debug_line    0x00000000      0x115 C:/Program Files (x86)/Atmel/Studio/7.0/Packs/atmel/ATmega_DFP/1.2.209/gcc/dev/atmega32/avr5/crtatmega32.o
 .debug_line    0x00000115      0x2d9 main.o
 .debug_line    0x000003ee      0x1b7 src/accumulator.o
 .debug_line    0x000005a5      0x1b0 src/adc.o
 .debug_line    0x00000755      0x3cf src/but.o
 .debug_line    0x00000b24      0x11a src/buz.o
 .debug_line    0x00000c3e      0x30b src/dcmotorpwm.o
 .debug_line    0x00000f49      0x606 src/disp.o
 .debug_line    0x0000154f      0x4af src/display_d.o
 .debug_line    0x000019fe       0xf3 src/eeprom.o
 .debug_line    0x00001af1      0x250 src/error_siewnik.o
 .debug_line    0x00001d41      0x272 src/measure.o
 .debug_line    0x00001fb3      0x190 src/mem.o
 .debug_line    0x00002143      0x40d src/servo.o
 .debug_line    0x00002550      0x73b src/system.o
 .debug_line    0x00002c8b      0x27f src/tim.o
 .debug_line    0x00002f0a      0x3b0 src/usart.o

.debug_frame    0x00000000      0xb98
 *(.debug_frame)
 .debug_frame   0x00000000       0x70 main.o
 .debug_frame   0x00000070       0x44 src/accumulator.o
 .debug_frame   0x000000b4       0xbc src/adc.o
 .debug_frame   0x00000170       0x88 src/but.o
 .debug_frame   0x000001f8       0x34 src/buz.o
 .debug_frame   0x0000022c       0xe0 src/dcmotorpwm.o
 .debug_frame   0x0000030c       0xc8 src/disp.o
 .debug_frame   0x000003d4       0xc8 src/display_d.o
 .debug_frame   0x0000049c       0x34 src/eeprom.o
 .debug_frame   0x000004d0       0xc8 src/error_siewnik.o
 .debug_frame   0x00000598       0x84 src/measure.o
 .debug_frame   0x0000061c       0x6c src/mem.o
 .debug_frame   0x00000688      0x140 src/servo.o
 .debug_frame   0x000007c8      0x184 src/system.o
 .debug_frame   0x0000094c      0x12c src/tim.o
 .debug_frame   0x00000a78      0x120 src/usart.o

.debug_str      0x00000000     0x17de
 *(.debug_str)
 .debug_str     0x00000000      0x196 C:/Program Files (x86)/Atmel/Studio/7.0/Packs/atmel/ATmega_DFP/1.2.209/gcc/dev/atmega32/avr5/crtatmega32.o
 .debug_str     0x00000196      0x307 main.o
                                0x35f (size before relaxing)
 .debug_str     0x0000049d      0x13d src/accumulator.o
                                0x2ce (size before relaxing)
 .debug_str     0x000005da       0xb7 src/adc.o
                                0x229 (size before relaxing)
 .debug_str     0x00000691       0xde src/but.o
                                0x289 (size before relaxing)
 .debug_str     0x0000076f      0x1a8 src/buz.o
                                0x342 (size before relaxing)
 .debug_str     0x00000917      0x16b src/dcmotorpwm.o
                                0x31d (size before relaxing)
 .debug_str     0x00000a82       0xfb src/disp.o
                                0x2a4 (size before relaxing)
 .debug_str     0x00000b7d      0x2b2 src/display_d.o
                                0x536 (size before relaxing)
 .debug_str     0x00000e2f       0x3a src/eeprom.o
                                0x198 (size before relaxing)
 .debug_str     0x00000e69      0x1cf src/error_siewnik.o
                                0x5ee (size before relaxing)
 .debug_str     0x00001038      0x10a src/measure.o
                                0x32e (size before relaxing)
 .debug_str     0x00001142       0x99 src/mem.o
                                0x20c (size before relaxing)
 .debug_str     0x000011db      0x19c src/servo.o
                                0x3bf (size before relaxing)
 .debug_str     0x00001377      0x2b6 src/system.o
                                0x8ee (size before relaxing)
 .debug_str     0x0000162d       0x7e src/tim.o
                                0x2ee (size before relaxing)
 .debug_str     0x000016ab      0x133 src/usart.o
                                0x2ba (size before relaxing)

.debug_loc      0x00000000     0x1f02
 *(.debug_loc)
 .debug_loc     0x00000000       0x9c main.o
 .debug_loc     0x0000009c      0x26d src/adc.o
 .debug_loc     0x00000309       0xf9 src/but.o
 .debug_loc     0x00000402      0x1bc src/dcmotorpwm.o
 .debug_loc     0x000005be      0x1c5 src/disp.o
 .debug_loc     0x00000783      0x210 src/display_d.o
 .debug_loc     0x00000993       0x24 src/eeprom.o
 .debug_loc     0x000009b7      0x113 src/error_siewnik.o
 .debug_loc     0x00000aca      0x1bc src/measure.o
 .debug_loc     0x00000c86      0x377 src/mem.o
 .debug_loc     0x00000ffd      0x3e8 src/servo.o
 .debug_loc     0x000013e5      0x23a src/system.o
 .debug_loc     0x0000161f      0x3c8 src/tim.o
 .debug_loc     0x000019e7      0x51b src/usart.o

.debug_macinfo
 *(.debug_macinfo)

.debug_weaknames
 *(.debug_weaknames)

.debug_funcnames
 *(.debug_funcnames)

.debug_typenames
 *(.debug_typenames)

.debug_varnames
 *(.debug_varnames)

.debug_pubtypes
 *(.debug_pubtypes)

.debug_ranges   0x00000000      0x488
 *(.debug_ranges)
 .debug_ranges  0x00000000       0x28 main.o
 .debug_ranges  0x00000028       0x20 src/accumulator.o
 .debug_ranges  0x00000048       0x48 src/adc.o
 .debug_ranges  0x00000090       0x30 src/but.o
 .debug_ranges  0x000000c0       0x18 src/buz.o
 .debug_ranges  0x000000d8       0x58 src/dcmotorpwm.o
 .debug_ranges  0x00000130       0x48 src/disp.o
 .debug_ranges  0x00000178       0x58 src/display_d.o
 .debug_ranges  0x000001d0       0x18 src/eeprom.o
 .debug_ranges  0x000001e8       0x40 src/error_siewnik.o
 .debug_ranges  0x00000228       0x30 src/measure.o
 .debug_ranges  0x00000258       0x48 src/mem.o
 .debug_ranges  0x000002a0       0x68 src/servo.o
 .debug_ranges  0x00000308       0xc0 src/system.o
 .debug_ranges  0x000003c8       0x50 src/tim.o
 .debug_ranges  0x00000418       0x70 src/usart.o

.debug_macro
 *(.debug_macro)
OUTPUT(nowy_sterownik.elf elf32-avr)
LOAD linker stubs
